Component: ARM Compiler 5.06 update 6 (build 750) Tool: armlink [4d35ed]

==============================================================================

Section Cross References

    startup_stm32f103xe.o(RESET) refers to startup_stm32f103xe.o(STACK) for __initial_sp
    startup_stm32f103xe.o(RESET) refers to startup_stm32f103xe.o(.text) for Reset_Handler
    startup_stm32f103xe.o(RESET) refers to stm32f1xx_it.o(i.NMI_Handler) for NMI_Handler
    startup_stm32f103xe.o(RESET) refers to context_rvds.o(.text) for HardFault_Handler
    startup_stm32f103xe.o(RESET) refers to stm32f1xx_it.o(i.MemManage_Handler) for MemManage_Handler
    startup_stm32f103xe.o(RESET) refers to stm32f1xx_it.o(i.BusFault_Handler) for BusFault_Handler
    startup_stm32f103xe.o(RESET) refers to stm32f1xx_it.o(i.UsageFault_Handler) for UsageFault_Handler
    startup_stm32f103xe.o(RESET) refers to stm32f1xx_it.o(i.SVC_Handler) for SVC_Handler
    startup_stm32f103xe.o(RESET) refers to stm32f1xx_it.o(i.DebugMon_Handler) for DebugMon_Handler
    startup_stm32f103xe.o(RESET) refers to board.o(i.SysTick_Handler) for SysTick_Handler
    startup_stm32f103xe.o(.text) refers to system_stm32f1xx.o(i.SystemInit) for SystemInit
    startup_stm32f103xe.o(.text) refers to entry.o(.ARM.Collect$$$$00000000) for __main
    main.o(i.SystemClock_Config) refers to memseta.o(.text) for __aeabi_memclr4
    main.o(i.SystemClock_Config) refers to stm32f1xx_hal_rcc.o(i.HAL_RCC_OscConfig) for HAL_RCC_OscConfig
    main.o(i.SystemClock_Config) refers to stm32f1xx_hal_rcc.o(i.HAL_RCC_ClockConfig) for HAL_RCC_ClockConfig
    main.o(i.main) refers to stm32f1xx_hal.o(i.HAL_Init) for HAL_Init
    main.o(i.main) refers to main.o(i.SystemClock_Config) for SystemClock_Config
    main.o(i.main) refers to app_rtthread.o(i.MX_RT_Thread_Init) for MX_RT_Thread_Init
    main.o(i.main) refers to app_rtthread.o(i.MX_RT_Thread_Process) for MX_RT_Thread_Process
    stm32f1xx_hal.o(i.HAL_DeInit) refers to stm32f1xx_hal.o(i.HAL_MspDeInit) for HAL_MspDeInit
    stm32f1xx_hal.o(i.HAL_Delay) refers to stm32f1xx_hal.o(i.HAL_GetTick) for HAL_GetTick
    stm32f1xx_hal.o(i.HAL_Delay) refers to stm32f1xx_hal.o(.data) for .data
    stm32f1xx_hal.o(i.HAL_GetTick) refers to stm32f1xx_hal.o(.data) for .data
    stm32f1xx_hal.o(i.HAL_GetTickFreq) refers to stm32f1xx_hal.o(.data) for .data
    stm32f1xx_hal.o(i.HAL_GetTickPrio) refers to stm32f1xx_hal.o(.data) for .data
    stm32f1xx_hal.o(i.HAL_IncTick) refers to stm32f1xx_hal.o(.data) for .data
    stm32f1xx_hal.o(i.HAL_Init) refers to stm32f1xx_hal_cortex.o(i.HAL_NVIC_SetPriorityGrouping) for HAL_NVIC_SetPriorityGrouping
    stm32f1xx_hal.o(i.HAL_Init) refers to stm32f1xx_hal.o(i.HAL_InitTick) for HAL_InitTick
    stm32f1xx_hal.o(i.HAL_Init) refers to stm32f1xx_hal_msp.o(i.HAL_MspInit) for HAL_MspInit
    stm32f1xx_hal.o(i.HAL_InitTick) refers to stm32f1xx_hal_cortex.o(i.HAL_SYSTICK_Config) for HAL_SYSTICK_Config
    stm32f1xx_hal.o(i.HAL_InitTick) refers to stm32f1xx_hal_cortex.o(i.HAL_NVIC_SetPriority) for HAL_NVIC_SetPriority
    stm32f1xx_hal.o(i.HAL_InitTick) refers to stm32f1xx_hal.o(.data) for .data
    stm32f1xx_hal.o(i.HAL_InitTick) refers to system_stm32f1xx.o(.data) for SystemCoreClock
    stm32f1xx_hal.o(i.HAL_SetTickFreq) refers to stm32f1xx_hal.o(i.HAL_InitTick) for HAL_InitTick
    stm32f1xx_hal.o(i.HAL_SetTickFreq) refers to stm32f1xx_hal.o(.data) for .data
    stm32f1xx_hal_rcc.o(i.HAL_RCC_ClockConfig) refers to stm32f1xx_hal.o(i.HAL_GetTick) for HAL_GetTick
    stm32f1xx_hal_rcc.o(i.HAL_RCC_ClockConfig) refers to stm32f1xx_hal_rcc.o(i.HAL_RCC_GetSysClockFreq) for HAL_RCC_GetSysClockFreq
    stm32f1xx_hal_rcc.o(i.HAL_RCC_ClockConfig) refers to stm32f1xx_hal.o(i.HAL_InitTick) for HAL_InitTick
    stm32f1xx_hal_rcc.o(i.HAL_RCC_ClockConfig) refers to system_stm32f1xx.o(.constdata) for AHBPrescTable
    stm32f1xx_hal_rcc.o(i.HAL_RCC_ClockConfig) refers to system_stm32f1xx.o(.data) for SystemCoreClock
    stm32f1xx_hal_rcc.o(i.HAL_RCC_DeInit) refers to stm32f1xx_hal.o(i.HAL_GetTick) for HAL_GetTick
    stm32f1xx_hal_rcc.o(i.HAL_RCC_DeInit) refers to stm32f1xx_hal.o(i.HAL_InitTick) for HAL_InitTick
    stm32f1xx_hal_rcc.o(i.HAL_RCC_DeInit) refers to system_stm32f1xx.o(.data) for SystemCoreClock
    stm32f1xx_hal_rcc.o(i.HAL_RCC_GetHCLKFreq) refers to system_stm32f1xx.o(.data) for SystemCoreClock
    stm32f1xx_hal_rcc.o(i.HAL_RCC_GetPCLK1Freq) refers to system_stm32f1xx.o(.data) for SystemCoreClock
    stm32f1xx_hal_rcc.o(i.HAL_RCC_GetPCLK1Freq) refers to system_stm32f1xx.o(.constdata) for APBPrescTable
    stm32f1xx_hal_rcc.o(i.HAL_RCC_GetPCLK2Freq) refers to system_stm32f1xx.o(.data) for SystemCoreClock
    stm32f1xx_hal_rcc.o(i.HAL_RCC_GetPCLK2Freq) refers to system_stm32f1xx.o(.constdata) for APBPrescTable
    stm32f1xx_hal_rcc.o(i.HAL_RCC_MCOConfig) refers to stm32f1xx_hal_gpio.o(i.HAL_GPIO_Init) for HAL_GPIO_Init
[...]
    Removing stm32f1xx_hal_flash.o(i.HAL_FLASH_Program), (128 bytes).
    Removing stm32f1xx_hal_flash.o(i.HAL_FLASH_Program_IT), (100 bytes).
    Removing stm32f1xx_hal_flash.o(i.HAL_FLASH_Unlock), (40 bytes).
    Removing stm32f1xx_hal_flash.o(.bss), (32 bytes).
    Removing stm32f1xx_hal_flash_ex.o(.rev16_text), (4 bytes).
    Removing stm32f1xx_hal_flash_ex.o(.revsh_text), (4 bytes).
    Removing stm32f1xx_hal_flash_ex.o(.rrx_text), (6 bytes).
    Removing stm32f1xx_hal_flash_ex.o(i.FLASH_MassErase), (36 bytes).
    Removing stm32f1xx_hal_flash_ex.o(i.FLASH_OB_DisableWRP), (176 bytes).
    Removing stm32f1xx_hal_flash_ex.o(i.FLASH_OB_EnableWRP), (176 bytes).
    Removing stm32f1xx_hal_flash_ex.o(i.FLASH_OB_GetRDP), (24 bytes).
    Removing stm32f1xx_hal_flash_ex.o(i.FLASH_OB_RDP_LevelConfig), (100 bytes).
    Removing stm32f1xx_hal_flash_ex.o(i.FLASH_PageErase), (36 bytes).
    Removing stm32f1xx_hal_flash_ex.o(i.HAL_FLASHEx_Erase), (168 bytes).
    Removing stm32f1xx_hal_flash_ex.o(i.HAL_FLASHEx_Erase_IT), (84 bytes).
    Removing stm32f1xx_hal_flash_ex.o(i.HAL_FLASHEx_OBErase), (84 bytes).
    Removing stm32f1xx_hal_flash_ex.o(i.HAL_FLASHEx_OBGetConfig), (36 bytes).
    Removing stm32f1xx_hal_flash_ex.o(i.HAL_FLASHEx_OBGetUserData), (32 bytes).
    Removing stm32f1xx_hal_flash_ex.o(i.HAL_FLASHEx_OBProgram), (200 bytes).
    Removing system_stm32f1xx.o(.rev16_text), (4 bytes).
    Removing system_stm32f1xx.o(.revsh_text), (4 bytes).
    Removing system_stm32f1xx.o(.rrx_text), (6 bytes).
    Removing system_stm32f1xx.o(.constdata), (8 bytes).
    Removing shell.o(i.finsh_get_device), (12 bytes).
    Removing shell.o(i.finsh_get_echo), (20 bytes).
    Removing shell.o(i.finsh_get_prompt_mode), (20 bytes).
    Removing shell.o(i.finsh_set_echo), (20 bytes).
    Removing shell.o(i.finsh_set_prompt), (52 bytes).
    Removing shell.o(i.finsh_system_function_init), (20 bytes).
    Removing shell.o(i.finsh_system_var_init), (20 bytes).
    Removing symbol.o(.data), (4 bytes).
    Removing symbol.o(.data), (4 bytes).
    Removing cmd.o(i._list_device), (212 bytes).
    Removing cmd.o(i.list_device), (18 bytes).
    Removing cmd.o(.constdata), (80 bytes).
    Removing msh_cmd.o(i.cmd_free), (10 bytes).
    Removing msh_cmd.o(i.cmd_ps), (10 bytes).
    Removing msh_cmd.o(i.cmd_time), (4 bytes).
    Removing serial.o(i.rt_hw_serial_isr), (174 bytes).
    Removing serial.o(i.rt_hw_serial_register), (68 bytes).
    Removing serial.o(i.rt_serial_close), (90 bytes).
    Removing serial.o(i.rt_serial_control), (96 bytes).
    Removing serial.o(i.rt_serial_init), (26 bytes).
    Removing serial.o(i.rt_serial_open), (212 bytes).
    Removing serial.o(i.rt_serial_read), (114 bytes).
    Removing serial.o(i.rt_serial_write), (66 bytes).
    Removing completion.o(i.rt_completion_done), (58 bytes).
    Removing completion.o(i.rt_completion_init), (24 bytes).
    Removing completion.o(i.rt_completion_wait), (122 bytes).
    Removing clock.o(i.rt_system_tick_init), (2 bytes).
    Removing clock.o(i.rt_tick_from_millisecond), (34 bytes).
    Removing clock.o(i.rt_tick_set), (24 bytes).
    Removing device.o(i.rt_device_control), (12 bytes).
    Removing device.o(i.rt_device_create), (34 bytes).
    Removing device.o(i.rt_device_destroy), (18 bytes).
    Removing device.o(i.rt_device_init), (104 bytes).
    Removing device.o(i.rt_device_init_all), (4 bytes).
    Removing device.o(i.rt_device_register), (50 bytes).
    Removing device.o(i.rt_device_set_tx_complete), (6 bytes).
    Removing device.o(i.rt_device_unregister), (10 bytes).
    Removing idle.o(i.rt_thread_idle_gethandler), (8 bytes).
    Removing ipc.o(i.rt_ipc_list_resume_all), (44 bytes).
    Removing ipc.o(i.rt_sem_control), (46 bytes).
    Removing ipc.o(i.rt_sem_create), (32 bytes).
    Removing ipc.o(i.rt_sem_delete), (20 bytes).
    Removing ipc.o(i.rt_sem_detach), (20 bytes).
    Removing ipc.o(i.rt_sem_trytake), (6 bytes).
    Removing kservice.o(i._rt_errno), (28 bytes).
    Removing kservice.o(i.rt_free_align), (8 bytes).
    Removing kservice.o(i.rt_get_errno), (28 bytes).
    Removing kservice.o(i.rt_kputs), (56 bytes).
    Removing kservice.o(i.rt_malloc_align), (50 bytes).
    Removing kservice.o(i.rt_memcmp), (28 bytes).
    Removing kservice.o(i.rt_memcpy), (74 bytes).
    Removing kservice.o(i.rt_snprintf), (18 bytes).
    Removing kservice.o(i.rt_sprintf), (18 bytes).
    Removing kservice.o(i.rt_strcasecmp), (44 bytes).
    Removing kservice.o(i.rt_strcmp), (24 bytes).
    Removing kservice.o(i.rt_strdup), (36 bytes).
    Removing kservice.o(i.rt_strnlen), (20 bytes).
    Removing kservice.o(i.rt_strstr), (54 bytes).
    Removing kservice.o(i.rt_vsprintf), (12 bytes).
    Removing mem.o(i.list_mem), (108 bytes).
    Removing mem.o(i.rt_memory_info), (32 bytes).
    Removing mem.o(i.rt_realloc), (204 bytes).
    Removing object.o(i.rt_object_find), (76 bytes).
    Removing object.o(i.rt_object_get_type), (8 bytes).
    Removing object.o(i.rt_system_object_init), (2 bytes).
    Removing scheduler.o(i.rt_critical_level), (12 bytes).
    Removing thread.o(i.rt_thread_control), (100 bytes).
    Removing thread.o(i.rt_thread_delay), (4 bytes).
    Removing thread.o(i.rt_thread_delete), (64 bytes).
    Removing thread.o(i.rt_thread_detach), (72 bytes).
    Removing thread.o(i.rt_thread_find), (84 bytes).
    Removing thread.o(i.rt_thread_mdelay), (14 bytes).
    Removing thread.o(i.rt_thread_sleep), (64 bytes).
    Removing timer.o(i.rt_timer_create), (46 bytes).
    Removing timer.o(i.rt_timer_delete), (32 bytes).
    Removing timer.o(i.rt_timer_next_timeout_tick), (24 bytes).
    Removing cpuport.o(i.rt_hw_cpu_reset), (16 bytes).
    Removing cpuport.o(i.rt_hw_cpu_shutdown), (24 bytes).
    Removing cpuport.o(i.rt_hw_exception_install), (12 bytes).
    Removing led.o(i.Led_Initialize), (2 bytes).
    Removing led.o(i.Led_Task), (2 bytes).
    Removing led.o(.data), (4 bytes).

248 unused section(s) (total 12010 bytes) removed from the image.

==============================================================================

Image Symbol Table

    Local Symbols

    Symbol Name                              Value     Ov Type        Size  Object(Section)

    ../Drivers/STM32F1xx_HAL_Driver/Src/stm32f1xx_hal.c 0x00000000   Number         0  stm32f1xx_hal.o ABSOLUTE
    ../Drivers/STM32F1xx_HAL_Driver/Src/stm32f1xx_hal_cortex.c 0x00000000   Number         0  stm32f1xx_hal_cortex.o ABSOLUTE
    ../Drivers/STM32F1xx_HAL_Driver/Src/stm32f1xx_hal_dma.c 0x00000000   Number         0  stm32f1xx_hal_dma.o ABSOLUTE
    ../Drivers/STM32F1xx_HAL_Driver/Src/stm32f1xx_hal_flash.c 0x00000000   Number         0  stm32f1xx_hal_flash.o ABSOLUTE
    ../Drivers/STM32F1xx_HAL_Driver/Src/stm32f1xx_hal_flash_ex.c 0x00000000   Number         0  stm32f1xx_hal_flash_ex.o ABSOLUTE
    ../Drivers/STM32F1xx_HAL_Driver/Src/stm32f1xx_hal_gpio.c 0x00000000   Number         0  stm32f1xx_hal_gpio.o ABSOLUTE
    ../Drivers/STM32F1xx_HAL_Driver/Src/stm32f1xx_hal_gpio_ex.c 0x00000000   Number         0  stm32f1xx_hal_gpio_ex.o ABSOLUTE
    ../Drivers/STM32F1xx_HAL_Driver/Src/stm32f1xx_hal_pwr.c 0x00000000   Number         0  stm32f1xx_hal_pwr.o ABSOLUTE
    ../Drivers/STM32F1xx_HAL_Driver/Src/stm32f1xx_hal_rcc.c 0x00000000   Number         0  stm32f1xx_hal_rcc.o ABSOLUTE
    ../Drivers/STM32F1xx_HAL_Driver/Src/stm32f1xx_hal_rcc_ex.c 0x00000000   Number         0  stm32f1xx_hal_rcc_ex.o ABSOLUTE
    ../Drivers/STM32F1xx_HAL_Driver/Src/stm32f1xx_hal_tim.c 0x00000000   Number         0  stm32f1xx_hal_tim.o ABSOLUTE
    ../Drivers/STM32F1xx_HAL_Driver/Src/stm32f1xx_hal_tim_ex.c 0x00000000   Number         0  stm32f1xx_hal_tim_ex.o ABSOLUTE
    ../Middlewares/Third_Party/RT-Thread/bsp/board.c 0x00000000   Number         0  board.o ABSOLUTE
    ../Middlewares/Third_Party/RT-Thread/components/drivers/serial/serial.c 0x00000000   Number         0  serial.o ABSOLUTE
    ../Middlewares/Third_Party/RT-Thread/components/drivers/src/completion.c 0x00000000   Number         0  completion.o ABSOLUTE
    ../Middlewares/Third_Party/RT-Thread/components/finsh/cmd.c 0x00000000   Number         0  cmd.o ABSOLUTE
    ../Middlewares/Third_Party/RT-Thread/components/finsh/msh.c 0x00000000   Number         0  msh.o ABSOLUTE
    ../Middlewares/Third_Party/RT-Thread/components/finsh/msh_cmd.c 0x00000000   Number         0  msh_cmd.o ABSOLUTE
    ../Middlewares/Third_Party/RT-Thread/components/finsh/msh_file.c 0x00000000   Number         0  msh_file.o ABSOLUTE
    ../Middlewares/Third_Party/RT-Thread/components/finsh/shell.c 0x00000000   Number         0  shell.o ABSOLUTE
    ../Middlewares/Third_Party/RT-Thread/components/finsh/symbol.c 0x00000000   Number         0  symbol.o ABSOLUTE
    ../Middlewares/Third_Party/RT-Thread/libcpu/arm/cortex-m3/context_rvds.S 0x00000000   Number         0  context_rvds.o ABSOLUTE
    ../Middlewares/Third_Party/RT-Thread/libcpu/arm/cortex-m3/cpuport.c 0x00000000   Number         0  cpuport.o ABSOLUTE
    ../Middlewares/Third_Party/RT-Thread/src/clock.c 0x00000000   Number         0  clock.o ABSOLUTE
    ../Middlewares/Third_Party/RT-Thread/src/components.c 0x00000000   Number         0  components.o ABSOLUTE
    ../Middlewares/Third_Party/RT-Thread/src/device.c 0x00000000   Number         0  device.o ABSOLUTE
    ../Middlewares/Third_Party/RT-Thread/src/idle.c 0x00000000   Number         0  idle.o ABSOLUTE
    ../Middlewares/Third_Party/RT-Thread/src/ipc.c 0x00000000   Number         0  ipc.o ABSOLUTE
    ../Middlewares/Third_Party/RT-Thread/src/irq.c 0x00000000   Number         0  irq.o ABSOLUTE
    ../Middlewares/Third_Party/RT-Thread/src/kservice.c 0x00000000   Number         0  kservice.o ABSOLUTE
    ../Middlewares/Third_Party/RT-Thread/src/mem.c 0x00000000   Number         0  mem.o ABSOLUTE
    ../Middlewares/Third_Party/RT-Thread/src/object.c 0x00000000   Number         0  object.o ABSOLUTE
    ../Middlewares/Third_Party/RT-Thread/src/scheduler.c 0x00000000   Number         0  scheduler.o ABSOLUTE
    ../Middlewares/Third_Party/RT-Thread/src/thread.c 0x00000000   Number         0  thread.o ABSOLUTE
    ../Middlewares/Third_Party/RT-Thread/src/timer.c 0x00000000   Number         0  timer.o ABSOLUTE
    ../Src/app_rtthread.c                    0x00000000   Number         0  app_rtthread.o ABSOLUTE
    ../Src/main.c                            0x00000000   Number         0  main.o ABSOLUTE
    ../Src/stm32f1xx_hal_msp.c               0x00000000   Number         0  stm32f1xx_hal_msp.o ABSOLUTE
    ../Src/stm32f1xx_it.c                    0x00000000   Number         0  stm32f1xx_it.o ABSOLUTE
    ../Src/system_stm32f1xx.c                0x00000000   Number         0  system_stm32f1xx.o ABSOLUTE
    ../clib/microlib/init/entry.s            0x00000000   Number         0  entry.o ABSOLUTE
    ../clib/microlib/init/entry.s            0x00000000   Number         0  entry10a.o ABSOLUTE
    ../clib/microlib/init/entry.s            0x00000000   Number         0  entry9b.o ABSOLUTE
    ../clib/microlib/init/entry.s            0x00000000   Number         0  entry10b.o ABSOLUTE
    ../clib/microlib/init/entry.s            0x00000000   Number         0  entry7b.o ABSOLUTE
    ../clib/microlib/init/entry.s            0x00000000   Number         0  entry11a.o ABSOLUTE
    ../clib/microlib/init/entry.s            0x00000000   Number         0  entry9a.o ABSOLUTE
    ../clib/microlib/init/entry.s            0x00000000   Number         0  entry8b.o ABSOLUTE
    ../clib/microlib/init/entry.s            0x00000000   Number         0  entry11b.o ABSOLUTE
    ../clib/microlib/init/entry.s            0x00000000   Number         0  entry8a.o ABSOLUTE
    ../clib/microlib/init/entry.s            0x00000000   Number         0  entry7a.o ABSOLUTE
    ../clib/microlib/init/entry.s            0x00000000   Number         0  entry5.o ABSOLUTE
    ../clib/microlib/init/entry.s            0x00000000   Number         0  entry2.o ABSOLUTE
    ../clib/microlib/longlong.c              0x00000000   Number         0  llushr.o ABSOLUTE
    ../clib/microlib/string/memcpy.c         0x00000000   Number         0  memcpyb.o ABSOLUTE
    ../clib/microlib/string/memcpy.c         0x00000000   Number         0  memcpya.o ABSOLUTE
    ../clib/microlib/string/memset.c         0x00000000   Number         0  memseta.o ABSOLUTE
    ../clib/microlib/string/strcat.c         0x00000000   Number         0  strcat.o ABSOLUTE
    ../clib/microlib/string/strcpy.c         0x00000000   Number         0  strcpy.o ABSOLUTE
    ../clib/microlib/string/strlen.c         0x00000000   Number         0  strlen.o ABSOLUTE
    ../clib/microlib/string/strncmp.c        0x00000000   Number         0  strncmp.o ABSOLUTE
    ../clib/microlib/string/strncpy.c        0x00000000   Number         0  strncpy.o ABSOLUTE
    ..\..\User\app\led.c                     0x00000000   Number         0  led.o ABSOLUTE
    ..\Drivers\STM32F1xx_HAL_Driver\Src\stm32f1xx_hal.c 0x00000000   Number         0  stm32f1xx_hal.o ABSOLUTE
    ..\Drivers\STM32F1xx_HAL_Driver\Src\stm32f1xx_hal_cortex.c 0x00000000   Number         0  stm32f1xx_hal_cortex.o ABSOLUTE
    ..\Drivers\STM32F1xx_HAL_Driver\Src\stm32f1xx_hal_dma.c 0x00000000   Number         0  stm32f1xx_hal_dma.o ABSOLUTE
    ..\Drivers\STM32F1xx_HAL_Driver\Src\stm32f1xx_hal_flash.c 0x00000000   Number         0  stm32f1xx_hal_flash.o ABSOLUTE
    ..\Drivers\STM32F1xx_HAL_Driver\Src\stm32f1xx_hal_flash_ex.c 0x00000000   Number         0  stm32f1xx_hal_flash_ex.o ABSOLUTE
    ..\Drivers\STM32F1xx_HAL_Driver\Src\stm32f1xx_hal_gpio.c 0x00000000   Number         0  stm32f1xx_hal_gpio.o ABSOLUTE
    ..\Drivers\STM32F1xx_HAL_Driver\Src\stm32f1xx_hal_gpio_ex.c 0x00000000   Number         0  stm32f1xx_hal_gpio_ex.o ABSOLUTE
    ..\Drivers\STM32F1xx_HAL_Driver\Src\stm32f1xx_hal_pwr.c 0x00000000   Number         0  stm32f1xx_hal_pwr.o ABSOLUTE
    ..\Drivers\STM32F1xx_HAL_Driver\Src\stm32f1xx_hal_rcc.c 0x00000000   Number         0  stm32f1xx_hal_rcc.o ABSOLUTE
    ..\Drivers\STM32F1xx_HAL_Driver\Src\stm32f1xx_hal_rcc_ex.c 0x00000000   Number         0  stm32f1xx_hal_rcc_ex.o ABSOLUTE
    ..\Drivers\STM32F1xx_HAL_Driver\Src\stm32f1xx_hal_tim.c 0x00000000   Number         0  stm32f1xx_hal_tim.o ABSOLUTE
    ..\Drivers\STM32F1xx_HAL_Driver\Src\stm32f1xx_hal_tim_ex.c 0x00000000   Number         0  stm32f1xx_hal_tim_ex.o ABSOLUTE
    ..\Src\main.c                            0x00000000   Number         0  main.o ABSOLUTE
    ..\Src\stm32f1xx_hal_msp.c               0x00000000   Number         0  stm32f1xx_hal_msp.o ABSOLUTE
    ..\Src\stm32f1xx_it.c                    0x00000000   Number         0  stm32f1xx_it.o ABSOLUTE
    ..\Src\system_stm32f1xx.c                0x00000000   Number         0  system_stm32f1xx.o ABSOLUTE
    dc.s                                     0x00000000   Number         0  dc.o ABSOLUTE
    handlers.s                               0x00000000   Number         0  handlers.o ABSOLUTE
    init.s                                   0x00000000   Number         0  init.o ABSOLUTE
    startup_stm32f103xe.s                    0x00000000   Number         0  startup_stm32f103xe.o ABSOLUTE
    RESET                                    0x08000000   Section      304  startup_stm32f103xe.o(RESET)
    .ARM.Collect$$$$00000000                 0x08000130   Section        0  entry.o(.ARM.Collect$$$$00000000)
    .ARM.Collect$$$$00000001                 0x08000130   Section        4  entry2.o(.ARM.Collect$$$$00000001)
    .ARM.Collect$$$$00000004                 0x08000134   Section        4  entry5.o(.ARM.Collect$$$$00000004)
    .ARM.Collect$$$$00000008                 0x08000138   Section        0  entry7b.o(.ARM.Collect$$$$00000008)
    .ARM.Collect$$$$0000000A                 0x08000138   Section        0  entry8b.o(.ARM.Collect$$$$0000000A)
    .ARM.Collect$$$$0000000B                 0x08000138   Section        8  entry9a.o(.ARM.Collect$$$$0000000B)
    .ARM.Collect$$$$0000000D                 0x08000140   Section        0  entry10a.o(.ARM.Collect$$$$0000000D)
    .ARM.Collect$$$$0000000F                 0x08000140   Section        0  entry11a.o(.ARM.Collect$$$$0000000F)
    .ARM.Collect$$$$00002712                 0x08000140   Section        4  entry2.o(.ARM.Collect$$$$00002712)
    __lit__00000000                          0x08000140   Data           4  entry2.o(.ARM.Collect$$$$00002712)
    .text                                    0x08000144   Section       36  startup_stm32f103xe.o(.text)
    .text                                    0x08000168   Section      244  context_rvds.o(.text)
    .text                                    0x0800025c   Section        0  memseta.o(.text)
    .text                                    0x08000280   Section        0  strcat.o(.text)
    .text                                    0x08000298   Section        0  strncpy.o(.text)
    .text                                    0x080002b0   Section        0  strlen.o(.text)
    .text                                    0x080002be   Section        0  strcpy.o(.text)
    .text                                    0x080002d0   Section        0  strncmp.o(.text)
    .text                                    0x080002f0   Section       36  init.o(.text)
    i.$Sub$$main                             0x08000314   Section        0  components.o(i.$Sub$$main)
    i.BusFault_Handler                       0x08000322   Section        0  stm32f1xx_it.o(i.BusFault_Handler)
    i.DebugMon_Handler                       0x08000324   Section        0  stm32f1xx_it.o(i.DebugMon_Handler)
    i.HAL_GetTick                            0x08000328   Section        0  stm32f1xx_hal.o(i.HAL_GetTick)
    i.HAL_Init                               0x08000334   Section        0  stm32f1xx_hal.o(i.HAL_Init)
    i.HAL_InitTick                           0x08000358   Section        0  stm32f1xx_hal.o(i.HAL_InitTick)
    i.HAL_MspInit                            0x08000398   Section        0  stm32f1xx_hal_msp.o(i.HAL_MspInit)
    i.HAL_NVIC_SetPriority                   0x080003d4   Section        0  stm32f1xx_hal_cortex.o(i.HAL_NVIC_SetPriority)
    i.HAL_NVIC_SetPriorityGrouping           0x08000414   Section        0  stm32f1xx_hal_cortex.o(i.HAL_NVIC_SetPriorityGrouping)
    i.HAL_RCC_ClockConfig                    0x08000438   Section        0  stm32f1xx_hal_rcc.o(i.HAL_RCC_ClockConfig)
    i.HAL_RCC_GetSysClockFreq                0x080005a4   Section        0  stm32f1xx_hal_rcc.o(i.HAL_RCC_GetSysClockFreq)
    i.HAL_RCC_OscConfig                      0x08000610   Section        0  stm32f1xx_hal_rcc.o(i.HAL_RCC_OscConfig)
    i.HAL_SYSTICK_Config                     0x08000914   Section        0  stm32f1xx_hal_cortex.o(i.HAL_SYSTICK_Config)
    i.MX_RT_Thread_Init                      0x0800093c   Section        0  app_rtthread.o(i.MX_RT_Thread_Init)
    i.MX_RT_Thread_Process                   0x0800093e   Section        0  app_rtthread.o(i.MX_RT_Thread_Process)
    i.MemManage_Handler                      0x08000940   Section        0  stm32f1xx_it.o(i.MemManage_Handler)
    i.NMI_Handler                            0x08000942   Section        0  stm32f1xx_it.o(i.NMI_Handler)
    i.NVIC_SetPriority                       0x08000944   Section        0  stm32f1xx_hal_cortex.o(i.NVIC_SetPriority)
    NVIC_SetPriority                         0x08000945   Thumb Code    32  stm32f1xx_hal_cortex.o(i.NVIC_SetPriority)
    i.SVC_Handler                            0x08000964   Section        0  stm32f1xx_it.o(i.SVC_Handler)
    i.SysTick_Handler                        0x08000966   Section        0  board.o(i.SysTick_Handler)
    i.SystemClock_Config                     0x08000978   Section        0  main.o(i.SystemClock_Config)
    i.SystemCoreClockUpdate                  0x080009c4   Section        0  system_stm32f1xx.o(i.SystemCoreClockUpdate)
    i.SystemInit                             0x08000a2c   Section        0  system_stm32f1xx.o(i.SystemInit)
    i.UsageFault_Handler                     0x08000a74   Section        0  stm32f1xx_it.o(i.UsageFault_Handler)
    i.__rt_ffs                               0x08000a78   Section        0  kservice.o(i.__rt_ffs)
    i.__scatterload_copy                     0x08000abc   Section       14  handlers.o(i.__scatterload_copy)
    i.__scatterload_null                     0x08000aca   Section        2  handlers.o(i.__scatterload_null)
    i.__scatterload_zeroinit                 0x08000acc   Section       14  handlers.o(i.__scatterload_zeroinit)
    i._has_defunct_thread                    0x08000adc   Section        0  idle.o(i._has_defunct_thread)
    _has_defunct_thread                      0x08000add   Thumb Code    16  idle.o(i._has_defunct_thread)
    i._list_sem                              0x08000af0   Section        0  cmd.o(i._list_sem)
    _list_sem                                0x08000af1   Thumb Code   162  cmd.o(i._list_sem)
    i._list_thread                           0x08000bfc   Section        0  cmd.o(i._list_thread)
    _list_thread                             0x08000bfd   Thumb Code   168  cmd.o(i._list_thread)
    i._list_timer                            0x08000d54   Section        0  cmd.o(i._list_timer)
    _list_timer                              0x08000d55   Thumb Code   108  cmd.o(i._list_timer)
    i._msh_exec_cmd                          0x08000e60   Section        0  msh.o(i._msh_exec_cmd)
    _msh_exec_cmd                            0x08000e61   Thumb Code   140  msh.o(i._msh_exec_cmd)
    i._rt_thread_init                        0x08000efc   Section        0  thread.o(i._rt_thread_init)
    _rt_thread_init                          0x08000efd   Thumb Code   118  thread.o(i._rt_thread_init)
    i._rt_timer_init                         0x08000f7c   Section        0  timer.o(i._rt_timer_init)
    _rt_timer_init                           0x08000f7d   Thumb Code    28  timer.o(i._rt_timer_init)
    i._rt_timer_remove                       0x08000f98   Section        0  timer.o(i._rt_timer_remove)
    _rt_timer_remove                         0x08000f99   Thumb Code    18  timer.o(i._rt_timer_remove)
    i.bus_fault_track                        0x08000fac   Section        0  cpuport.o(i.bus_fault_track)
    bus_fault_track                          0x08000fad   Thumb Code   110  cpuport.o(i.bus_fault_track)
    i.finsh_get_prompt                       0x08001094   Section        0  shell.o(i.finsh_get_prompt)
    i.finsh_rx_ind                           0x080010f4   Section        0  shell.o(i.finsh_rx_ind)
    finsh_rx_ind                             0x080010f5   Thumb Code    14  shell.o(i.finsh_rx_ind)
    i.finsh_set_device                       0x08001108   Section        0  shell.o(i.finsh_set_device)
    i.finsh_set_prompt_mode                  0x0800119c   Section        0  shell.o(i.finsh_set_prompt_mode)
    i.finsh_system_init                      0x080011b0   Section        0  shell.o(i.finsh_system_init)
    i.finsh_thread_entry                     0x08001234   Section        0  shell.o(i.finsh_thread_entry)
    i.hard_fault_track                       0x080014f4   Section        0  cpuport.o(i.hard_fault_track)
    hard_fault_track                         0x080014f5   Thumb Code    76  cpuport.o(i.hard_fault_track)
    i.hello                                  0x0800156c   Section        0  cmd.o(i.hello)
    i.list                                   0x0800158c   Section        0  cmd.o(i.list)
    i.list_sem                               0x080015e0   Section        0  cmd.o(i.list_sem)
    i.list_thread                            0x080015f2   Section        0  cmd.o(i.list_thread)
    i.list_timer                             0x08001604   Section        0  cmd.o(i.list_timer)
    i.main                                   0x08001618   Section        0  main.o(i.main)
    i.main_thread_entry                      0x08001644   Section        0  components.o(i.main_thread_entry)
    i.mem_manage_fault_track                 0x08001654   Section        0  cpuport.o(i.mem_manage_fault_track)
    mem_manage_fault_track                   0x08001655   Thumb Code    98  cpuport.o(i.mem_manage_fault_track)
    i.msh_auto_complete                      0x0800172c   Section        0  msh.o(i.msh_auto_complete)
    i.msh_exec                               0x080017d8   Section        0  msh.o(i.msh_exec)
    i.msh_help                               0x0800183c   Section        0  msh.o(i.msh_help)
    i.msh_is_used                            0x080018a8   Section        0  msh.o(i.msh_is_used)
    i.msh_split                              0x080018ac   Section        0  msh.o(i.msh_split)
    msh_split                                0x080018ad   Thumb Code   172  msh.o(i.msh_split)
    i.object_name_maxlen                     0x0800197c   Section        0  cmd.o(i.object_name_maxlen)
    object_name_maxlen                       0x0800197d   Thumb Code    56  cmd.o(i.object_name_maxlen)
    i.object_split                           0x080019b4   Section        0  cmd.o(i.object_split)
    object_split                             0x080019b5   Thumb Code    18  cmd.o(i.object_split)
    i.plug_holes                             0x080019cc   Section        0  mem.o(i.plug_holes)
    plug_holes                               0x080019cd   Thumb Code    80  mem.o(i.plug_holes)
    i.print_number                           0x08001a20   Section        0  kservice.o(i.print_number)
    print_number                             0x08001a21   Thumb Code   300  kservice.o(i.print_number)
    i.rt_application_init                    0x08001b50   Section        0  components.o(i.rt_application_init)
    i.rt_calloc                              0x08001b7c   Section        0  mem.o(i.rt_calloc)
    i.rt_components_board_init               0x08001b98   Section        0  components.o(i.rt_components_board_init)
    i.rt_components_init                     0x08001bb4   Section        0  components.o(i.rt_components_init)
    i.rt_console_get_device                  0x08001bd0   Section        0  kservice.o(i.rt_console_get_device)
    i.rt_console_set_device                  0x08001bdc   Section        0  kservice.o(i.rt_console_set_device)
    i.rt_device_close                        0x08001c04   Section        0  device.o(i.rt_device_close)
    i.rt_device_find                         0x08001c34   Section        0  device.o(i.rt_device_find)
    i.rt_device_open                         0x08001c88   Section        0  device.o(i.rt_device_open)
    i.rt_device_read                         0x08001d30   Section        0  device.o(i.rt_device_read)
    i.rt_device_set_rx_indicate              0x08001d54   Section        0  device.o(i.rt_device_set_rx_indicate)
    i.rt_device_write                        0x08001d5a   Section        0  device.o(i.rt_device_write)
    i.rt_enter_critical                      0x08001d80   Section        0  scheduler.o(i.rt_enter_critical)
    i.rt_exit_critical                       0x08001d9c   Section        0  scheduler.o(i.rt_exit_critical)
    i.rt_free                                0x08001dcc   Section        0  mem.o(i.rt_free)
    i.rt_heap_begin_get                      0x08001e90   Section        0  board.o(i.rt_heap_begin_get)
    i.rt_heap_end_get                        0x08001e98   Section        0  board.o(i.rt_heap_end_get)
    i.rt_hw_board_init                       0x08001ea0   Section        0  board.o(i.rt_hw_board_init)
    i.rt_hw_console_output                   0x08001efc   Section        0  kservice.o(i.rt_hw_console_output)
    i.rt_hw_hard_fault_exception             0x08001f00   Section        0  cpuport.o(i.rt_hw_hard_fault_exception)
    i.rt_hw_stack_init                       0x080020fc   Section        0  cpuport.o(i.rt_hw_stack_init)
    i.rt_interrupt_enter                     0x08002134   Section        0  irq.o(i.rt_interrupt_enter)
    i.rt_interrupt_get_nest                  0x08002150   Section        0  irq.o(i.rt_interrupt_get_nest)
    i.rt_interrupt_leave                     0x0800215c   Section        0  irq.o(i.rt_interrupt_leave)
    i.rt_kprintf                             0x08002178   Section        0  kservice.o(i.rt_kprintf)
    i.rt_list_insert_after                   0x080021c0   Section        0  object.o(i.rt_list_insert_after)
    rt_list_insert_after                     0x080021c1   Thumb Code    14  object.o(i.rt_list_insert_after)
    i.rt_list_insert_after                   0x080021ce   Section        0  thread.o(i.rt_list_insert_after)
    rt_list_insert_after                     0x080021cf   Thumb Code    14  thread.o(i.rt_list_insert_after)
    i.rt_list_insert_after                   0x080021dc   Section        0  timer.o(i.rt_list_insert_after)
    rt_list_insert_after                     0x080021dd   Thumb Code    14  timer.o(i.rt_list_insert_after)
    i.rt_list_insert_before                  0x080021ea   Section        0  ipc.o(i.rt_list_insert_before)
    rt_list_insert_before                    0x080021eb   Thumb Code    14  ipc.o(i.rt_list_insert_before)
    i.rt_list_len                            0x080021f8   Section        0  cmd.o(i.rt_list_len)
    rt_list_len                              0x080021f9   Thumb Code    18  cmd.o(i.rt_list_len)
    i.rt_list_remove                         0x0800220a   Section        0  object.o(i.rt_list_remove)
    rt_list_remove                           0x0800220b   Thumb Code    18  object.o(i.rt_list_remove)
    i.rt_list_remove                         0x0800221c   Section        0  thread.o(i.rt_list_remove)
    rt_list_remove                           0x0800221d   Thumb Code    18  thread.o(i.rt_list_remove)
    i.rt_malloc                              0x08002230   Section        0  mem.o(i.rt_malloc)
    i.rt_memmove                             0x08002320   Section        0  kservice.o(i.rt_memmove)
    i.rt_memset                              0x08002354   Section        0  kservice.o(i.rt_memset)
    i.rt_object_allocate                     0x0800239a   Section        0  object.o(i.rt_object_allocate)
    i.rt_object_delete                       0x080023ea   Section        0  object.o(i.rt_object_delete)
    i.rt_object_detach                       0x08002410   Section        0  object.o(i.rt_object_detach)
    i.rt_object_get_information              0x08002430   Section        0  object.o(i.rt_object_get_information)
    i.rt_object_init                         0x08002454   Section        0  object.o(i.rt_object_init)
    i.rt_object_is_systemobject              0x08002490   Section        0  object.o(i.rt_object_is_systemobject)
    i.rt_schedule                            0x080024a0   Section        0  scheduler.o(i.rt_schedule)
    i.rt_schedule_insert_thread              0x080024f8   Section        0  scheduler.o(i.rt_schedule_insert_thread)
    i.rt_schedule_remove_thread              0x08002548   Section        0  scheduler.o(i.rt_schedule_remove_thread)
    i.rt_sem_init                            0x08002590   Section        0  ipc.o(i.rt_sem_init)
    i.rt_sem_release                         0x080025b4   Section        0  ipc.o(i.rt_sem_release)
    i.rt_sem_take                            0x080025ea   Section        0  ipc.o(i.rt_sem_take)
    i.rt_set_errno                           0x08002698   Section        0  kservice.o(i.rt_set_errno)
    i.rt_show_version                        0x080026b8   Section        0  kservice.o(i.rt_show_version)
    i.rt_strlen                              0x08002768   Section        0  kservice.o(i.rt_strlen)
    i.rt_strncmp                             0x08002778   Section        0  kservice.o(i.rt_strncmp)
    i.rt_strncpy                             0x08002798   Section        0  kservice.o(i.rt_strncpy)
    i.rt_system_heap_init                    0x080027c0   Section        0  mem.o(i.rt_system_heap_init)
    i.rt_system_scheduler_init               0x0800286c   Section        0  scheduler.o(i.rt_system_scheduler_init)
    i.rt_system_scheduler_start              0x080028a0   Section        0  scheduler.o(i.rt_system_scheduler_start)
    i.rt_system_timer_init                   0x080028c8   Section        0  timer.o(i.rt_system_timer_init)
    i.rt_system_timer_thread_init            0x080028d4   Section        0  timer.o(i.rt_system_timer_thread_init)
    i.rt_thread_create                       0x080028d6   Section        0  thread.o(i.rt_thread_create)
    i.rt_thread_exit                         0x08002920   Section        0  thread.o(i.rt_thread_exit)
    i.rt_thread_idle_entry                   0x08002978   Section        0  idle.o(i.rt_thread_idle_entry)
    rt_thread_idle_entry                     0x08002979   Thumb Code     6  idle.o(i.rt_thread_idle_entry)
    i.rt_thread_idle_excute                  0x08002980   Section        0  idle.o(i.rt_thread_idle_excute)
    i.rt_thread_idle_init                    0x080029f0   Section        0  idle.o(i.rt_thread_idle_init)
    i.rt_thread_init                         0x08002a28   Section        0  thread.o(i.rt_thread_init)
    i.rt_thread_resume                       0x08002a58   Section        0  thread.o(i.rt_thread_resume)
    i.rt_thread_self                         0x08002a94   Section        0  thread.o(i.rt_thread_self)
    i.rt_thread_startup                      0x08002aa0   Section        0  thread.o(i.rt_thread_startup)
    i.rt_thread_suspend                      0x08002acc   Section        0  thread.o(i.rt_thread_suspend)
    i.rt_thread_timeout                      0x08002b0e   Section        0  thread.o(i.rt_thread_timeout)
    i.rt_thread_yield                        0x08002b30   Section        0  thread.o(i.rt_thread_yield)
    i.rt_tick_get                            0x08002b90   Section        0  clock.o(i.rt_tick_get)
    i.rt_tick_increase                       0x08002b9c   Section        0  clock.o(i.rt_tick_increase)
    i.rt_timer_check                         0x08002bc8   Section        0  timer.o(i.rt_timer_check)
    i.rt_timer_control                       0x08002c30   Section        0  timer.o(i.rt_timer_control)
    i.rt_timer_detach                        0x08002c60   Section        0  timer.o(i.rt_timer_detach)
    i.rt_timer_init                          0x08002c80   Section        0  timer.o(i.rt_timer_init)
    i.rt_timer_start                         0x08002ca8   Section        0  timer.o(i.rt_timer_start)
    i.rt_timer_stop                          0x08002d34   Section        0  timer.o(i.rt_timer_stop)
    i.rt_vsnprintf                           0x08002d64   Section        0  kservice.o(i.rt_vsnprintf)
    i.rti_board_end                          0x08002fd8   Section        0  components.o(i.rti_board_end)
    rti_board_end                            0x08002fd9   Thumb Code     4  components.o(i.rti_board_end)
    i.rti_board_start                        0x08002fdc   Section        0  components.o(i.rti_board_start)
    rti_board_start                          0x08002fdd   Thumb Code     4  components.o(i.rti_board_start)
    i.rti_end                                0x08002fe0   Section        0  components.o(i.rti_end)
    rti_end                                  0x08002fe1   Thumb Code     4  components.o(i.rti_end)
    i.rti_start                              0x08002fe4   Section        0  components.o(i.rti_start)
    rti_start                                0x08002fe5   Thumb Code     4  components.o(i.rti_start)
    i.rtthread_startup                       0x08002fe8   Section        0  components.o(i.rtthread_startup)
    i.skip_atoi                              0x08003012   Section        0  kservice.o(i.skip_atoi)
    skip_atoi                                0x08003013   Thumb Code    40  kservice.o(i.skip_atoi)
    i.usage_fault_track                      0x0800303c   Section        0  cpuport.o(i.usage_fault_track)
    usage_fault_track                        0x0800303d   Thumb Code   100  cpuport.o(i.usage_fault_track)
    i.version                                0x0800310c   Section        0  cmd.o(i.version)
    .constdata                               0x08003116   Section       16  system_stm32f1xx.o(.constdata)
    .constdata                               0x08003126   Section      290  kservice.o(.constdata)
    small_digits                             0x08003226   Data          17  kservice.o(.constdata)
    large_digits                             0x08003237   Data          17  kservice.o(.constdata)
    .conststring                             0x08003248   Section       57  symbol.o(.conststring)
    .conststring                             0x08003284   Section       68  cmd.o(.conststring)
    .rti_fn.0                                0x080032c8   Section        4  components.o(.rti_fn.0)
    __tagsym$$used                           0x080032c8   Number         0  components.o(.rti_fn.0)
    .rti_fn.0.end                            0x080032cc   Section        4  components.o(.rti_fn.0.end)
    __tagsym$$used                           0x080032cc   Number         0  components.o(.rti_fn.0.end)
    .rti_fn.1.end                            0x080032d0   Section        4  components.o(.rti_fn.1.end)
    __tagsym$$used                           0x080032d0   Number         0  components.o(.rti_fn.1.end)
    .rti_fn.6                                0x080032d4   Section        4  shell.o(.rti_fn.6)
    __tagsym$$used                           0x080032d4   Number         0  shell.o(.rti_fn.6)
    .rti_fn.6.end                            0x080032d8   Section        4  components.o(.rti_fn.6.end)
    __tagsym$$used                           0x080032d8   Number         0  components.o(.rti_fn.6.end)
    .data                                    0x20000000   Section       12  stm32f1xx_hal.o(.data)
    .data                                    0x2000000c   Section        4  system_stm32f1xx.o(.data)
    .data                                    0x20000010   Section        8  shell.o(.data)
    finsh_prompt_custom                      0x20000010   Data           4  shell.o(.data)
    .data                                    0x20000018   Section       48  symbol.o(.data)
    .data                                    0x20000048   Section        4  symbol.o(.data)
    .data                                    0x2000004c   Section        4  symbol.o(.data)
    .data                                    0x20000050   Section        4  clock.o(.data)
    rt_tick                                  0x20000050   Data           4  clock.o(.data)
    .data                                    0x20000054   Section        1  irq.o(.data)
    .data                                    0x20000058   Section        8  kservice.o(.data)
    _console_device                          0x20000058   Data           4  kservice.o(.data)
    __rt_errno                               0x2000005c   Data           4  kservice.o(.data)
    .data                                    0x20000060   Section       24  mem.o(.data)
    heap_ptr                                 0x20000060   Data           4  mem.o(.data)
    heap_end                                 0x20000064   Data           4  mem.o(.data)
    lfree                                    0x20000068   Data           4  mem.o(.data)
    mem_size_aligned                         0x2000006c   Data           4  mem.o(.data)
    used_mem                                 0x20000070   Data           4  mem.o(.data)
    max_mem                                  0x20000074   Data           4  mem.o(.data)
    .data                                    0x20000078   Section       64  object.o(.data)
    rt_object_container                      0x20000078   Data          64  object.o(.data)
    .data                                    0x200000b8   Section       20  scheduler.o(.data)
    rt_scheduler_lock_nest                   0x200000ba   Data           2  scheduler.o(.data)
    .data                                    0x200000cc   Section       12  timer.o(.data)
    random_nr                                0x200000cc   Data           4  timer.o(.data)
    rt_timer_list                            0x200000d0   Data           8  timer.o(.data)
    .data                                    0x200000d8   Section        4  cpuport.o(.data)
    rt_exception_hook                        0x200000d8   Data           4  cpuport.o(.data)
    .data                                    0x200000dc   Section        4  cpuport.o(.data)
    .data                                    0x200000e0   Section        4  cpuport.o(.data)
    .data                                    0x200000e4   Section        4  cpuport.o(.data)
    .bss                                     0x200000e8   Section      129  shell.o(.bss)
    finsh_prompt                             0x200000e8   Data         129  shell.o(.bss)
    .bss                                     0x2000016c   Section     6144  board.o(.bss)
    rt_heap                                  0x2000016c   Data        6144  board.o(.bss)
    .bss                                     0x2000196c   Section      376  idle.o(.bss)
    idle                                     0x2000196c   Data         120  idle.o(.bss)
    rt_thread_stack                          0x200019e4   Data         256  idle.o(.bss)
    .bss                                     0x20001ae4   Section      128  kservice.o(.bss)
    rt_log_buf                               0x20001ae4   Data         128  kservice.o(.bss)
    .bss                                     0x20001b64   Section       32  mem.o(.bss)
    heap_sem                                 0x20001b64   Data          32  mem.o(.bss)
    .bss                                     0x20001b84   Section      256  scheduler.o(.bss)
    STACK                                    0x20001c88   Section     1024  startup_stm32f103xe.o(STACK)

    Global Symbols

    Symbol Name                              Value     Ov Type        Size  Object(Section)

    BuildAttributes$$THM_ISAv4$P$D$K$B$S$PE$A:L22UL41UL21$X:L11$S22US41US21$IEEE1$IW$USESV6$~STKCKD$USESV7$~SHL$OSPACE$EBA8$MICROLIB$REQ8$PRES8$EABIv2 0x00000000   Number         0  anon$$obj.o ABSOLUTE
    __ARM_use_no_argv                        0x00000000   Number         0  main.o ABSOLUTE
    __cpp_initialize__aeabi_                  - Undefined Weak Reference
    __cxa_finalize                            - Undefined Weak Reference
    __decompress                              - Undefined Weak Reference
    _clock_init                               - Undefined Weak Reference
    _microlib_exit                            - Undefined Weak Reference
    __Vectors_Size                           0x00000130   Number         0  startup_stm32f103xe.o ABSOLUTE
    __Vectors                                0x08000000   Data           4  startup_stm32f103xe.o(RESET)
    __Vectors_End                            0x08000130   Data           0  startup_stm32f103xe.o(RESET)
    __main                                   0x08000131   Thumb Code     0  entry.o(.ARM.Collect$$$$00000000)
    _main_stk                                0x08000131   Thumb Code     0  entry2.o(.ARM.Collect$$$$00000001)
    _main_scatterload                        0x08000135   Thumb Code     0  entry5.o(.ARM.Collect$$$$00000004)
    __main_after_scatterload                 0x08000139   Thumb Code     0  entry5.o(.ARM.Collect$$$$00000004)
    _main_clock                              0x08000139   Thumb Code     0  entry7b.o(.ARM.Collect$$$$00000008)
    _main_cpp_init                           0x08000139   Thumb Code     0  entry8b.o(.ARM.Collect$$$$0000000A)
    _main_init                               0x08000139   Thumb Code     0  entry9a.o(.ARM.Collect$$$$0000000B)
    __rt_final_cpp                           0x08000141   Thumb Code     0  entry10a.o(.ARM.Collect$$$$0000000D)
    __rt_final_exit                          0x08000141   Thumb Code     0  entry11a.o(.ARM.Collect$$$$0000000F)
    Reset_Handler                            0x08000145   Thumb Code     8  startup_stm32f103xe.o(.text)
    ADC1_2_IRQHandler                        0x0800015f   Thumb Code     0  startup_stm32f103xe.o(.text)
    ADC3_IRQHandler                          0x0800015f   Thumb Code     0  startup_stm32f103xe.o(.text)
    CAN1_RX1_IRQHandler                      0x0800015f   Thumb Code     0  startup_stm32f103xe.o(.text)
    CAN1_SCE_IRQHandler                      0x0800015f   Thumb Code     0  startup_stm32f103xe.o(.text)
    DMA1_Channel1_IRQHandler                 0x0800015f   Thumb Code     0  startup_stm32f103xe.o(.text)
    DMA1_Channel2_IRQHandler                 0x0800015f   Thumb Code     0  startup_stm32f103xe.o(.text)
    DMA1_Channel3_IRQHandler                 0x0800015f   Thumb Code     0  startup_stm32f103xe.o(.text)
    DMA1_Channel4_IRQHandler                 0x0800015f   Thumb Code     0  startup_stm32f103xe.o(.text)
    DMA1_Channel5_IRQHandler                 0x0800015f   Thumb Code     0  startup_stm32f103xe.o(.text)
    DMA1_Channel6_IRQHandler                 0x0800015f   Thumb Code     0  startup_stm32f103xe.o(.text)
    DMA1_Channel7_IRQHandler                 0x0800015f   Thumb Code     0  startup_stm32f103xe.o(.text)
    DMA2_Channel1_IRQHandler                 0x0800015f   Thumb Code     0  startup_stm32f103xe.o(.text)
    DMA2_Channel2_IRQHandler                 0x0800015f   Thumb Code     0  startup_stm32f103xe.o(.text)
    DMA2_Channel3_IRQHandler                 0x0800015f   Thumb Code     0  startup_stm32f103xe.o(.text)
    DMA2_Channel4_5_IRQHandler               0x0800015f   Thumb Code     0  startup_stm32f103xe.o(.text)
    EXTI0_IRQHandler                         0x0800015f   Thumb Code     0  startup_stm32f103xe.o(.text)
    EXTI15_10_IRQHandler                     0x0800015f   Thumb Code     0  startup_stm32f103xe.o(.text)
    EXTI1_IRQHandler                         0x0800015f   Thumb Code     0  startup_stm32f103xe.o(.text)
    EXTI2_IRQHandler                         0x0800015f   Thumb Code     0  startup_stm32f103xe.o(.text)
    EXTI3_IRQHandler                         0x0800015f   Thumb Code     0  startup_stm32f103xe.o(.text)
    EXTI4_IRQHandler                         0x0800015f   Thumb Code     0  startup_stm32f103xe.o(.text)
    EXTI9_5_IRQHandler                       0x0800015f   Thumb Code     0  startup_stm32f103xe.o(.text)
    FLASH_IRQHandler                         0x0800015f   Thumb Code     0  startup_stm32f103xe.o(.text)
    FSMC_IRQHandler                          0x0800015f   Thumb Code     0  startup_stm32f103xe.o(.text)
    I2C1_ER_IRQHandler                       0x0800015f   Thumb Code     0  startup_stm32f103xe.o(.text)
    I2C1_EV_IRQHandler                       0x0800015f   Thumb Code     0  startup_stm32f103xe.o(.text)
    I2C2_ER_IRQHandler                       0x0800015f   Thumb Code     0  startup_stm32f103xe.o(.text)
    I2C2_EV_IRQHandler                       0x0800015f   Thumb Code     0  startup_stm32f103xe.o(.text)
    PVD_IRQHandler                           0x0800015f   Thumb Code     0  startup_stm32f103xe.o(.text)
    RCC_IRQHandler                           0x0800015f   Thumb Code     0  startup_stm32f103xe.o(.text)
    RTC_Alarm_IRQHandler                     0x0800015f   Thumb Code     0  startup_stm32f103xe.o(.text)
    RTC_IRQHandler                           0x0800015f   Thumb Code     0  startup_stm32f103xe.o(.text)
    SDIO_IRQHandler                          0x0800015f   Thumb Code     0  startup_stm32f103xe.o(.text)
    SPI1_IRQHandler                          0x0800015f   Thumb Code     0  startup_stm32f103xe.o(.text)
    SPI2_IRQHandler                          0x0800015f   Thumb Code     0  startup_stm32f103xe.o(.text)
    SPI3_IRQHandler                          0x0800015f   Thumb Code     0  startup_stm32f103xe.o(.text)
    TAMPER_IRQHandler                        0x0800015f   Thumb Code     0  startup_stm32f103xe.o(.text)
    TIM1_BRK_IRQHandler                      0x0800015f   Thumb Code     0  startup_stm32f103xe.o(.text)
    TIM1_CC_IRQHandler                       0x0800015f   Thumb Code     0  startup_stm32f103xe.o(.text)
    TIM1_TRG_COM_IRQHandler                  0x0800015f   Thumb Code     0  startup_stm32f103xe.o(.text)
    TIM1_UP_IRQHandler                       0x0800015f   Thumb Code     0  startup_stm32f103xe.o(.text)
    TIM2_IRQHandler                          0x0800015f   Thumb Code     0  startup_stm32f103xe.o(.text)
    TIM3_IRQHandler                          0x0800015f   Thumb Code     0  startup_stm32f103xe.o(.text)
    TIM4_IRQHandler                          0x0800015f   Thumb Code     0  startup_stm32f103xe.o(.text)
    TIM5_IRQHandler                          0x0800015f   Thumb Code     0  startup_stm32f103xe.o(.text)
    TIM6_IRQHandler                          0x0800015f   Thumb Code     0  startup_stm32f103xe.o(.text)
    TIM7_IRQHandler                          0x0800015f   Thumb Code     0  startup_stm32f103xe.o(.text)
    TIM8_BRK_IRQHandler                      0x0800015f   Thumb Code     0  startup_stm32f103xe.o(.text)
    TIM8_CC_IRQHandler                       0x0800015f   Thumb Code     0  startup_stm32f103xe.o(.text)
    TIM8_TRG_COM_IRQHandler                  0x0800015f   Thumb Code     0  startup_stm32f103xe.o(.text)
    TIM8_UP_IRQHandler                       0x0800015f   Thumb Code     0  startup_stm32f103xe.o(.text)
    UART4_IRQHandler                         0x0800015f   Thumb Code     0  startup_stm32f103xe.o(.text)
    UART5_IRQHandler                         0x0800015f   Thumb Code     0  startup_stm32f103xe.o(.text)
    USART1_IRQHandler                        0x0800015f   Thumb Code     0  startup_stm32f103xe.o(.text)
    USART2_IRQHandler                        0x0800015f   Thumb Code     0  startup_stm32f103xe.o(.text)
    USART3_IRQHandler                        0x0800015f   Thumb Code     0  startup_stm32f103xe.o(.text)
    USBWakeUp_IRQHandler                     0x0800015f   Thumb Code     0  startup_stm32f103xe.o(.text)
    USB_HP_CAN1_TX_IRQHandler                0x0800015f   Thumb Code     0  startup_stm32f103xe.o(.text)
    USB_LP_CAN1_RX0_IRQHandler               0x0800015f   Thumb Code     0  startup_stm32f103xe.o(.text)
    WWDG_IRQHandler                          0x0800015f   Thumb Code     0  startup_stm32f103xe.o(.text)
    rt_hw_interrupt_disable                  0x08000169   Thumb Code     8  context_rvds.o(.text)
    rt_hw_interrupt_enable                   0x08000171   Thumb Code     6  context_rvds.o(.text)
    rt_hw_context_switch                     0x08000177   Thumb Code    32  context_rvds.o(.text)
    rt_hw_context_switch_interrupt           0x08000177   Thumb Code     0  context_rvds.o(.text)
    PendSV_Handler                           0x08000197   Thumb Code    60  context_rvds.o(.text)
    rt_hw_context_switch_to                  0x080001d3   Thumb Code    58  context_rvds.o(.text)
    rt_hw_interrupt_thread_switch            0x0800020d   Thumb Code     2  context_rvds.o(.text)
    HardFault_Handler                        0x0800020f   Thumb Code    52  context_rvds.o(.text)
    __aeabi_memset                           0x0800025d   Thumb Code    14  memseta.o(.text)
    __aeabi_memset4                          0x0800025d   Thumb Code     0  memseta.o(.text)
    __aeabi_memset8                          0x0800025d   Thumb Code     0  memseta.o(.text)
    __aeabi_memclr                           0x0800026b   Thumb Code     4  memseta.o(.text)
    __aeabi_memclr4                          0x0800026b   Thumb Code     0  memseta.o(.text)
    __aeabi_memclr8                          0x0800026b   Thumb Code     0  memseta.o(.text)
    _memset$wrapper                          0x0800026f   Thumb Code    18  memseta.o(.text)
    strcat                                   0x08000281   Thumb Code    24  strcat.o(.text)
    strncpy                                  0x08000299   Thumb Code    24  strncpy.o(.text)
    strlen                                   0x080002b1   Thumb Code    14  strlen.o(.text)
    strcpy                                   0x080002bf   Thumb Code    18  strcpy.o(.text)
    strncmp                                  0x080002d1   Thumb Code    30  strncmp.o(.text)
    __scatterload                            0x080002f1   Thumb Code    28  init.o(.text)
    __scatterload_rt2                        0x080002f1   Thumb Code     0  init.o(.text)
    main                                     0x08000315   Thumb Code    14  components.o(i.$Sub$$main)
    BusFault_Handler                         0x08000323   Thumb Code     2  stm32f1xx_it.o(i.BusFault_Handler)
    DebugMon_Handler                         0x08000325   Thumb Code     2  stm32f1xx_it.o(i.DebugMon_Handler)
    HAL_GetTick                              0x08000329   Thumb Code     6  stm32f1xx_hal.o(i.HAL_GetTick)
    HAL_Init                                 0x08000335   Thumb Code    32  stm32f1xx_hal.o(i.HAL_Init)
    HAL_InitTick                             0x08000359   Thumb Code    54  stm32f1xx_hal.o(i.HAL_InitTick)
    HAL_MspInit                              0x08000399   Thumb Code    52  stm32f1xx_hal_msp.o(i.HAL_MspInit)
    HAL_NVIC_SetPriority                     0x080003d5   Thumb Code    60  stm32f1xx_hal_cortex.o(i.HAL_NVIC_SetPriority)
    HAL_NVIC_SetPriorityGrouping             0x08000415   Thumb Code    26  stm32f1xx_hal_cortex.o(i.HAL_NVIC_SetPriorityGrouping)
    HAL_RCC_ClockConfig                      0x08000439   Thumb Code   346  stm32f1xx_hal_rcc.o(i.HAL_RCC_ClockConfig)
    HAL_RCC_GetSysClockFreq                  0x080005a5   Thumb Code    74  stm32f1xx_hal_rcc.o(i.HAL_RCC_GetSysClockFreq)
    HAL_RCC_OscConfig                        0x08000611   Thumb Code   750  stm32f1xx_hal_rcc.o(i.HAL_RCC_OscConfig)
    HAL_SYSTICK_Config                       0x08000915   Thumb Code    40  stm32f1xx_hal_cortex.o(i.HAL_SYSTICK_Config)
    MX_RT_Thread_Init                        0x0800093d   Thumb Code     2  app_rtthread.o(i.MX_RT_Thread_Init)
    MX_RT_Thread_Process                     0x0800093f   Thumb Code     2  app_rtthread.o(i.MX_RT_Thread_Process)
    MemManage_Handler                        0x08000941   Thumb Code     2  stm32f1xx_it.o(i.MemManage_Handler)
    NMI_Handler                              0x08000943   Thumb Code     2  stm32f1xx_it.o(i.NMI_Handler)
    SVC_Handler                              0x08000965   Thumb Code     2  stm32f1xx_it.o(i.SVC_Handler)
    SysTick_Handler                          0x08000967   Thumb Code    18  board.o(i.SysTick_Handler)
    SystemClock_Config                       0x08000979   Thumb Code    76  main.o(i.SystemClock_Config)
    SystemCoreClockUpdate                    0x080009c5   Thumb Code    82  system_stm32f1xx.o(i.SystemCoreClockUpdate)
    SystemInit                               0x08000a2d   Thumb Code    56  system_stm32f1xx.o(i.SystemInit)
    UsageFault_Handler                       0x08000a75   Thumb Code     2  stm32f1xx_it.o(i.UsageFault_Handler)
    __rt_ffs                                 0x08000a79   Thumb Code    62  kservice.o(i.__rt_ffs)
    __scatterload_copy                       0x08000abd   Thumb Code    14  handlers.o(i.__scatterload_copy)
    __scatterload_null                       0x08000acb   Thumb Code     2  handlers.o(i.__scatterload_null)
    __scatterload_zeroinit                   0x08000acd   Thumb Code    14  handlers.o(i.__scatterload_zeroinit)
    finsh_get_prompt                         0x08001095   Thumb Code    66  shell.o(i.finsh_get_prompt)
    finsh_set_device                         0x08001109   Thumb Code   106  shell.o(i.finsh_set_device)
    finsh_set_prompt_mode                    0x0800119d   Thumb Code    16  shell.o(i.finsh_set_prompt_mode)
    finsh_system_init                        0x080011b1   Thumb Code    82  shell.o(i.finsh_system_init)
    finsh_thread_entry                       0x08001235   Thumb Code   664  shell.o(i.finsh_thread_entry)
    hello                                    0x0800156d   Thumb Code    12  cmd.o(i.hello)
    list                                     0x0800158d   Thumb Code    48  cmd.o(i.list)
    list_sem                                 0x080015e1   Thumb Code    18  cmd.o(i.list_sem)
    list_thread                              0x080015f3   Thumb Code    18  cmd.o(i.list_thread)
    list_timer                               0x08001605   Thumb Code    18  cmd.o(i.list_timer)
    $Super$$main                             0x08001619   Thumb Code    38  main.o(i.main)
    main_thread_entry                        0x08001645   Thumb Code    14  components.o(i.main_thread_entry)
    msh_auto_complete                        0x0800172d   Thumb Code   150  msh.o(i.msh_auto_complete)
    msh_exec                                 0x080017d9   Thumb Code    74  msh.o(i.msh_exec)
    msh_help                                 0x0800183d   Thumb Code    56  msh.o(i.msh_help)
    msh_is_used                              0x080018a9   Thumb Code     4  msh.o(i.msh_is_used)
    rt_application_init                      0x08001b51   Thumb Code    32  components.o(i.rt_application_init)
    rt_calloc                                0x08001b7d   Thumb Code    26  mem.o(i.rt_calloc)
    rt_components_board_init                 0x08001b99   Thumb Code    20  components.o(i.rt_components_board_init)
    rt_components_init                       0x08001bb5   Thumb Code    20  components.o(i.rt_components_init)
    rt_console_get_device                    0x08001bd1   Thumb Code     6  kservice.o(i.rt_console_get_device)
    rt_console_set_device                    0x08001bdd   Thumb Code    36  kservice.o(i.rt_console_set_device)
    rt_device_close                          0x08001c05   Thumb Code    48  device.o(i.rt_device_close)
    rt_device_find                           0x08001c35   Thumb Code    84  device.o(i.rt_device_find)
    rt_device_open                           0x08001c89   Thumb Code   110  device.o(i.rt_device_open)
    rt_device_read                           0x08001d31   Thumb Code    36  device.o(i.rt_device_read)
    rt_device_set_rx_indicate                0x08001d55   Thumb Code     6  device.o(i.rt_device_set_rx_indicate)
    rt_device_write                          0x08001d5b   Thumb Code    36  device.o(i.rt_device_write)
    rt_enter_critical                        0x08001d81   Thumb Code    22  scheduler.o(i.rt_enter_critical)
    rt_exit_critical                         0x08001d9d   Thumb Code    44  scheduler.o(i.rt_exit_critical)
    rt_free                                  0x08001dcd   Thumb Code   112  mem.o(i.rt_free)
    rt_heap_begin_get                        0x08001e91   Thumb Code     4  board.o(i.rt_heap_begin_get)
    rt_heap_end_get                          0x08001e99   Thumb Code     4  board.o(i.rt_heap_end_get)
    rt_hw_board_init                         0x08001ea1   Thumb Code    76  board.o(i.rt_hw_board_init)
    rt_hw_console_output                     0x08001efd   Thumb Code     2  kservice.o(i.rt_hw_console_output)
    rt_hw_hard_fault_exception               0x08001f01   Thumb Code   186  cpuport.o(i.rt_hw_hard_fault_exception)
    rt_hw_stack_init                         0x080020fd   Thumb Code    52  cpuport.o(i.rt_hw_stack_init)
    rt_interrupt_enter                       0x08002135   Thumb Code    22  irq.o(i.rt_interrupt_enter)
    rt_interrupt_get_nest                    0x08002151   Thumb Code     6  irq.o(i.rt_interrupt_get_nest)
    rt_interrupt_leave                       0x0800215d   Thumb Code    22  irq.o(i.rt_interrupt_leave)
    rt_kprintf                               0x08002179   Thumb Code    64  kservice.o(i.rt_kprintf)
    rt_malloc                                0x08002231   Thumb Code   232  mem.o(i.rt_malloc)
    rt_memmove                               0x08002321   Thumb Code    50  kservice.o(i.rt_memmove)
    rt_memset                                0x08002355   Thumb Code    70  kservice.o(i.rt_memset)
    rt_object_allocate                       0x0800239b   Thumb Code    80  object.o(i.rt_object_allocate)
    rt_object_delete                         0x080023eb   Thumb Code    38  object.o(i.rt_object_delete)
    rt_object_detach                         0x08002411   Thumb Code    32  object.o(i.rt_object_detach)
    rt_object_get_information                0x08002431   Thumb Code    30  object.o(i.rt_object_get_information)
    rt_object_init                           0x08002455   Thumb Code    60  object.o(i.rt_object_init)
    rt_object_is_systemobject                0x08002491   Thumb Code    14  object.o(i.rt_object_is_systemobject)
    rt_schedule                              0x080024a1   Thumb Code    76  scheduler.o(i.rt_schedule)
    rt_schedule_insert_thread                0x080024f9   Thumb Code    70  scheduler.o(i.rt_schedule_insert_thread)
    rt_schedule_remove_thread                0x08002549   Thumb Code    64  scheduler.o(i.rt_schedule_remove_thread)
    rt_sem_init                              0x08002591   Thumb Code    36  ipc.o(i.rt_sem_init)
    rt_sem_release                           0x080025b5   Thumb Code    54  ipc.o(i.rt_sem_release)
    rt_sem_take                              0x080025eb   Thumb Code   174  ipc.o(i.rt_sem_take)
    rt_set_errno                             0x08002699   Thumb Code    26  kservice.o(i.rt_set_errno)
    rt_show_version                          0x080026b9   Thumb Code    40  kservice.o(i.rt_show_version)
    rt_strlen                                0x08002769   Thumb Code    16  kservice.o(i.rt_strlen)
    rt_strncmp                               0x08002779   Thumb Code    32  kservice.o(i.rt_strncmp)
    rt_strncpy                               0x08002799   Thumb Code    38  kservice.o(i.rt_strncpy)
    rt_system_heap_init                      0x080027c1   Thumb Code    96  mem.o(i.rt_system_heap_init)
    rt_system_scheduler_init                 0x0800286d   Thumb Code    44  scheduler.o(i.rt_system_scheduler_init)
    rt_system_scheduler_start                0x080028a1   Thumb Code    32  scheduler.o(i.rt_system_scheduler_start)
    rt_system_timer_init                     0x080028c9   Thumb Code     8  timer.o(i.rt_system_timer_init)
    rt_system_timer_thread_init              0x080028d5   Thumb Code     2  timer.o(i.rt_system_timer_thread_init)
    rt_thread_create                         0x080028d7   Thumb Code    72  thread.o(i.rt_thread_create)
    rt_thread_exit                           0x08002921   Thumb Code    78  thread.o(i.rt_thread_exit)
    rt_thread_idle_excute                    0x08002981   Thumb Code   108  idle.o(i.rt_thread_idle_excute)
    rt_thread_idle_init                      0x080029f1   Thumb Code    40  idle.o(i.rt_thread_idle_init)
    rt_thread_init                           0x08002a29   Thumb Code    48  thread.o(i.rt_thread_init)
    rt_thread_resume                         0x08002a59   Thumb Code    60  thread.o(i.rt_thread_resume)
    rt_thread_self                           0x08002a95   Thumb Code     6  thread.o(i.rt_thread_self)
    rt_thread_startup                        0x08002aa1   Thumb Code    40  thread.o(i.rt_thread_startup)
    rt_thread_suspend                        0x08002acd   Thumb Code    66  thread.o(i.rt_thread_suspend)
    rt_thread_timeout                        0x08002b0f   Thumb Code    32  thread.o(i.rt_thread_timeout)
    rt_thread_yield                          0x08002b31   Thumb Code    86  thread.o(i.rt_thread_yield)
    rt_tick_get                              0x08002b91   Thumb Code     6  clock.o(i.rt_tick_get)
    rt_tick_increase                         0x08002b9d   Thumb Code    38  clock.o(i.rt_tick_increase)
    rt_timer_check                           0x08002bc9   Thumb Code    98  timer.o(i.rt_timer_check)
    rt_timer_control                         0x08002c31   Thumb Code    48  timer.o(i.rt_timer_control)
    rt_timer_detach                          0x08002c61   Thumb Code    32  timer.o(i.rt_timer_detach)
    rt_timer_init                            0x08002c81   Thumb Code    40  timer.o(i.rt_timer_init)
    rt_timer_start                           0x08002ca9   Thumb Code   136  timer.o(i.rt_timer_start)
    rt_timer_stop                            0x08002d35   Thumb Code    46  timer.o(i.rt_timer_stop)
    rt_vsnprintf                             0x08002d65   Thumb Code   618  kservice.o(i.rt_vsnprintf)
    rtthread_startup                         0x08002fe9   Thumb Code    42  components.o(i.rtthread_startup)
    version                                  0x0800310d   Thumb Code    10  cmd.o(i.version)
    AHBPrescTable                            0x08003116   Data          16  system_stm32f1xx.o(.constdata)
    __lowest_bit_bitmap                      0x08003126   Data         256  kservice.o(.constdata)
    __rt_init_rti_start                      0x080032c8   Data           4  components.o(.rti_fn.0)
    __rt_init_rti_board_start                0x080032cc   Data           4  components.o(.rti_fn.0.end)
    __rt_init_rti_board_end                  0x080032d0   Data           4  components.o(.rti_fn.1.end)
    __rt_init_finsh_system_init              0x080032d4   Data           4  shell.o(.rti_fn.6)
    __rt_init_rti_end                        0x080032d8   Data           4  components.o(.rti_fn.6.end)
    Region$$Table$$Base                      0x080032dc   Number         0  anon$$obj.o(Region$$Table)
    Region$$Table$$Limit                     0x080032fc   Number         0  anon$$obj.o(Region$$Table)
    uwTickFreq                               0x20000000   Data           1  stm32f1xx_hal.o(.data)
    uwTickPrio                               0x20000004   Data           4  stm32f1xx_hal.o(.data)
    uwTick                                   0x20000008   Data           4  stm32f1xx_hal.o(.data)
    SystemCoreClock                          0x2000000c   Data           4  system_stm32f1xx.o(.data)
    shell                                    0x20000014   Data           4  shell.o(.data)
    _syscall_table                           0x20000018   Data          48  symbol.o(.data)
    _syscall_table_begin                     0x20000048   Data           4  symbol.o(.data)
    _syscall_table_end                       0x2000004c   Data           4  symbol.o(.data)
    rt_interrupt_nest                        0x20000054   Data           1  irq.o(.data)
    rt_current_priority                      0x200000b8   Data           1  scheduler.o(.data)
    rt_current_thread                        0x200000bc   Data           4  scheduler.o(.data)
    rt_thread_ready_priority_group           0x200000c0   Data           4  scheduler.o(.data)
    rt_thread_defunct                        0x200000c4   Data           8  scheduler.o(.data)
    rt_interrupt_from_thread                 0x200000dc   Data           4  cpuport.o(.data)
    rt_interrupt_to_thread                   0x200000e0   Data           4  cpuport.o(.data)
    rt_thread_switch_interrupt_flag          0x200000e4   Data           4  cpuport.o(.data)
    rt_thread_priority_table                 0x20001b84   Data         256  scheduler.o(.bss)
    __initial_sp                             0x20002088   Data           0  startup_stm32f103xe.o(STACK)



==============================================================================

Memory Map of the image

  Image Entry point : 0x08000131

  Load Region LR_IROM1 (Base: 0x08000000, Size: 0x000033e4, Max: 0x00080000, ABSOLUTE)

    Execution Region ER_IROM1 (Exec base: 0x08000000, Load base: 0x08000000, Size: 0x000032fc, Max: 0x00080000, ABSOLUTE)

    Exec Addr    Load Addr    Size         Type   Attr      Idx    E Section Name        Object

    0x08000000   0x08000000   0x00000130   Data   RO            3    RESET               startup_stm32f103xe.o
    0x08000130   0x08000130   0x00000000   Code   RO         2728  * .ARM.Collect$$$$00000000  mc_w.l(entry.o)
    0x08000130   0x08000130   0x00000004   Code   RO         2749    .ARM.Collect$$$$00000001  mc_w.l(entry2.o)
    0x08000134   0x08000134   0x00000004   Code   RO         2752    .ARM.Collect$$$$00000004  mc_w.l(entry5.o)
    0x08000138   0x08000138   0x00000000   Code   RO         2754    .ARM.Collect$$$$00000008  mc_w.l(entry7b.o)
    0x08000138   0x08000138   0x00000000   Code   RO         2756    .ARM.Collect$$$$0000000A  mc_w.l(entry8b.o)
    0x08000138   0x08000138   0x00000008   Code   RO         2757    .ARM.Collect$$$$0000000B  mc_w.l(entry9a.o)
    0x08000140   0x08000140   0x00000000   Code   RO         2759    .ARM.Collect$$$$0000000D  mc_w.l(entry10a.o)
    0x08000140   0x08000140   0x00000000   Code   RO         2761    .ARM.Collect$$$$0000000F  mc_w.l(entry11a.o)
    0x08000140   0x08000140   0x00000004   Code   RO         2750    .ARM.Collect$$$$00002712  mc_w.l(entry2.o)
    0x08000144   0x08000144   0x00000024   Code   RO            4    .text               startup_stm32f103xe.o
    0x08000168   0x08000168   0x000000f4   Code   RO         1681    .text               context_rvds.o
    0x0800025c   0x0800025c   0x00000024   Code   RO         2735    .text               mc_w.l(memseta.o)
    0x08000280   0x08000280   0x00000018   Code   RO         2737    .text               mc_w.l(strcat.o)
    0x08000298   0x08000298   0x00000018   Code   RO         2739    .text               mc_w.l(strncpy.o)
    0x080002b0   0x080002b0   0x0000000e   Code   RO         2741    .text               mc_w.l(strlen.o)
    0x080002be   0x080002be   0x00000012   Code   RO         2743    .text               mc_w.l(strcpy.o)
    0x080002d0   0x080002d0   0x0000001e   Code   RO         2745    .text               mc_w.l(strncmp.o)
    0x080002ee   0x080002ee   0x00000002   PAD
    0x080002f0   0x080002f0   0x00000024   Code   RO         2763    .text               mc_w.l(init.o)
    0x08000314   0x08000314   0x0000000e   Code   RO         1756    i.$Sub$$main        components.o
    0x08000322   0x08000322   0x00000002   Code   RO          211    i.BusFault_Handler  stm32f1xx_it.o
    0x08000324   0x08000324   0x00000002   Code   RO          212    i.DebugMon_Handler  stm32f1xx_it.o
    0x08000326   0x08000326   0x00000002   PAD
    0x08000328   0x08000328   0x0000000c   Code   RO          379    i.HAL_GetTick       stm32f1xx_hal.o
    0x08000334   0x08000334   0x00000024   Code   RO          384    i.HAL_Init          stm32f1xx_hal.o
    0x08000358   0x08000358   0x00000040   Code   RO          385    i.HAL_InitTick      stm32f1xx_hal.o
    0x08000398   0x08000398   0x0000003c   Code   RO          272    i.HAL_MspInit       stm32f1xx_hal_msp.o
    0x080003d4   0x080003d4   0x00000040   Code   RO          837    i.HAL_NVIC_SetPriority  stm32f1xx_hal_cortex.o
    0x08000414   0x08000414   0x00000024   Code   RO          838    i.HAL_NVIC_SetPriorityGrouping  stm32f1xx_hal_cortex.o
    0x08000438   0x08000438   0x0000016c   Code   RO          531    i.HAL_RCC_ClockConfig  stm32f1xx_hal_rcc.o
    0x080005a4   0x080005a4   0x0000006c   Code   RO          540    i.HAL_RCC_GetSysClockFreq  stm32f1xx_hal_rcc.o
    0x08000610   0x08000610   0x00000304   Code   RO          543    i.HAL_RCC_OscConfig  stm32f1xx_hal_rcc.o
    0x08000914   0x08000914   0x00000028   Code   RO          842    i.HAL_SYSTICK_Config  stm32f1xx_hal_cortex.o
    0x0800093c   0x0800093c   0x00000002   Code   RO          184    i.MX_RT_Thread_Init  app_rtthread.o
    0x0800093e   0x0800093e   0x00000002   Code   RO          185    i.MX_RT_Thread_Process  app_rtthread.o
    0x08000940   0x08000940   0x00000002   Code   RO          213    i.MemManage_Handler  stm32f1xx_it.o
    0x08000942   0x08000942   0x00000002   Code   RO          214    i.NMI_Handler       stm32f1xx_it.o
    0x08000944   0x08000944   0x00000020   Code   RO          844    i.NVIC_SetPriority  stm32f1xx_hal_cortex.o
    0x08000964   0x08000964   0x00000002   Code   RO          215    i.SVC_Handler       stm32f1xx_it.o
    0x08000966   0x08000966   0x00000012   Code   RO         1685    i.SysTick_Handler   board.o
    0x08000978   0x08000978   0x0000004c   Code   RO           14    i.SystemClock_Config  main.o
    0x080009c4   0x080009c4   0x00000068   Code   RO         1259    i.SystemCoreClockUpdate  system_stm32f1xx.o
    0x08000a2c   0x08000a2c   0x00000048   Code   RO         1260    i.SystemInit        system_stm32f1xx.o
    0x08000a74   0x08000a74   0x00000002   Code   RO          216    i.UsageFault_Handler  stm32f1xx_it.o
    0x08000a76   0x08000a76   0x00000002   PAD
    0x08000a78   0x08000a78   0x00000044   Code   RO         2044    i.__rt_ffs          kservice.o
    0x08000abc   0x08000abc   0x0000000e   Code   RO         2767    i.__scatterload_copy  mc_w.l(handlers.o)
    0x08000aca   0x08000aca   0x00000002   Code   RO         2768    i.__scatterload_null  mc_w.l(handlers.o)
    0x08000acc   0x08000acc   0x0000000e   Code   RO         2769    i.__scatterload_zeroinit  mc_w.l(handlers.o)
    0x08000ada   0x08000ada   0x00000002   PAD
    0x08000adc   0x08000adc   0x00000014   Code   RO         1913    i._has_defunct_thread  idle.o
    0x08000af0   0x08000af0   0x0000010c   Code   RO         1430    i._list_sem         cmd.o
    0x08000bfc   0x08000bfc   0x00000158   Code   RO         1431    i._list_thread      cmd.o
    0x08000d54   0x08000d54   0x0000010c   Code   RO         1432    i._list_timer       cmd.o
    0x08000e60   0x08000e60   0x0000009c   Code   RO         1517    i._msh_exec_cmd     msh.o
    0x08000efc   0x08000efc   0x00000080   Code   RO         2424    i._rt_thread_init   thread.o
    0x08000f7c   0x08000f7c   0x0000001c   Code   RO         2544    i._rt_timer_init    timer.o
    0x08000f98   0x08000f98   0x00000012   Code   RO         2545    i._rt_timer_remove  timer.o
    0x08000faa   0x08000faa   0x00000002   PAD
    0x08000fac   0x08000fac   0x000000e8   Code   RO         2636    i.bus_fault_track   cpuport.o
    0x08001094   0x08001094   0x00000060   Code   RO         1296    i.finsh_get_prompt  shell.o
    0x080010f4   0x080010f4   0x00000014   Code   RO         1298    i.finsh_rx_ind      shell.o
    0x08001108   0x08001108   0x00000094   Code   RO         1299    i.finsh_set_device  shell.o
    0x0800119c   0x0800119c   0x00000014   Code   RO         1302    i.finsh_set_prompt_mode  shell.o
    0x080011b0   0x080011b0   0x00000084   Code   RO         1304    i.finsh_system_init  shell.o
    0x08001234   0x08001234   0x000002c0   Code   RO         1306    i.finsh_thread_entry  shell.o
    0x080014f4   0x080014f4   0x00000078   Code   RO         2637    i.hard_fault_track  cpuport.o
    0x0800156c   0x0800156c   0x00000020   Code   RO         1433    i.hello             cmd.o
    0x0800158c   0x0800158c   0x00000054   Code   RO         1434    i.list              cmd.o
    0x080015e0   0x080015e0   0x00000012   Code   RO         1436    i.list_sem          cmd.o
    0x080015f2   0x080015f2   0x00000012   Code   RO         1437    i.list_thread       cmd.o
    0x08001604   0x08001604   0x00000012   Code   RO         1438    i.list_timer        cmd.o
    0x08001616   0x08001616   0x00000002   PAD
    0x08001618   0x08001618   0x0000002c   Code   RO           15    i.main              main.o
    0x08001644   0x08001644   0x0000000e   Code   RO         1757    i.main_thread_entry  components.o
    0x08001652   0x08001652   0x00000002   PAD
    0x08001654   0x08001654   0x000000d8   Code   RO         2638    i.mem_manage_fault_track  cpuport.o
    0x0800172c   0x0800172c   0x000000ac   Code   RO         1518    i.msh_auto_complete  msh.o
    0x080017d8   0x080017d8   0x00000064   Code   RO         1519    i.msh_exec          msh.o
    0x0800183c   0x0800183c   0x0000006c   Code   RO         1520    i.msh_help          msh.o
    0x080018a8   0x080018a8   0x00000004   Code   RO         1521    i.msh_is_used       msh.o
    0x080018ac   0x080018ac   0x000000d0   Code   RO         1522    i.msh_split         msh.o
    0x0800197c   0x0800197c   0x00000038   Code   RO         1439    i.object_name_maxlen  cmd.o
    0x080019b4   0x080019b4   0x00000018   Code   RO         1440    i.object_split      cmd.o
    0x080019cc   0x080019cc   0x00000054   Code   RO         2232    i.plug_holes        mem.o
    0x08001a20   0x08001a20   0x00000130   Code   RO         2046    i.print_number      kservice.o
    0x08001b50   0x08001b50   0x0000002c   Code   RO         1758    i.rt_application_init  components.o
    0x08001b7c   0x08001b7c   0x0000001a   Code   RO         2233    i.rt_calloc         mem.o
    0x08001b96   0x08001b96   0x00000002   PAD
    0x08001b98   0x08001b98   0x0000001c   Code   RO         1759    i.rt_components_board_init  components.o
    0x08001bb4   0x08001bb4   0x0000001c   Code   RO         1760    i.rt_components_init  components.o
    0x08001bd0   0x08001bd0   0x0000000c   Code   RO         2047    i.rt_console_get_device  kservice.o
    0x08001bdc   0x08001bdc   0x00000028   Code   RO         2048    i.rt_console_set_device  kservice.o
    0x08001c04   0x08001c04   0x00000030   Code   RO         1823    i.rt_device_close   device.o
    0x08001c34   0x08001c34   0x00000054   Code   RO         1827    i.rt_device_find    device.o
    0x08001c88   0x08001c88   0x000000a8   Code   RO         1830    i.rt_device_open    device.o
    0x08001d30   0x08001d30   0x00000024   Code   RO         1831    i.rt_device_read    device.o
    0x08001d54   0x08001d54   0x00000006   Code   RO         1833    i.rt_device_set_rx_indicate  device.o
    0x08001d5a   0x08001d5a   0x00000024   Code   RO         1836    i.rt_device_write   device.o
    0x08001d7e   0x08001d7e   0x00000002   PAD
    0x08001d80   0x08001d80   0x0000001c   Code   RO         2363    i.rt_enter_critical  scheduler.o
    0x08001d9c   0x08001d9c   0x00000030   Code   RO         2364    i.rt_exit_critical  scheduler.o
    0x08001dcc   0x08001dcc   0x000000c4   Code   RO         2234    i.rt_free           mem.o
    0x08001e90   0x08001e90   0x00000008   Code   RO         1686    i.rt_heap_begin_get  board.o
    0x08001e98   0x08001e98   0x00000008   Code   RO         1687    i.rt_heap_end_get   board.o
    0x08001ea0   0x08001ea0   0x0000005c   Code   RO         1688    i.rt_hw_board_init  board.o
    0x08001efc   0x08001efc   0x00000002   Code   RO         2051    i.rt_hw_console_output  kservice.o
    0x08001efe   0x08001efe   0x00000002   PAD
    0x08001f00   0x08001f00   0x000001fc   Code   RO         2642    i.rt_hw_hard_fault_exception  cpuport.o
    0x080020fc   0x080020fc   0x00000038   Code   RO         2643    i.rt_hw_stack_init  cpuport.o
    0x08002134   0x08002134   0x0000001c   Code   RO         2017    i.rt_interrupt_enter  irq.o
    0x08002150   0x08002150   0x0000000c   Code   RO         2018    i.rt_interrupt_get_nest  irq.o
    0x0800215c   0x0800215c   0x0000001c   Code   RO         2019    i.rt_interrupt_leave  irq.o
    0x08002178   0x08002178   0x00000048   Code   RO         2052    i.rt_kprintf        kservice.o
    0x080021c0   0x080021c0   0x0000000e   Code   RO         2287    i.rt_list_insert_after  object.o
    0x080021ce   0x080021ce   0x0000000e   Code   RO         2425    i.rt_list_insert_after  thread.o
    0x080021dc   0x080021dc   0x0000000e   Code   RO         2546    i.rt_list_insert_after  timer.o
    0x080021ea   0x080021ea   0x0000000e   Code   RO         1954    i.rt_list_insert_before  ipc.o
    0x080021f8   0x080021f8   0x00000012   Code   RO         1441    i.rt_list_len       cmd.o
    0x0800220a   0x0800220a   0x00000012   Code   RO         2288    i.rt_list_remove    object.o
    0x0800221c   0x0800221c   0x00000012   Code   RO         2426    i.rt_list_remove    thread.o
    0x0800222e   0x0800222e   0x00000002   PAD
    0x08002230   0x08002230   0x000000f0   Code   RO         2235    i.rt_malloc         mem.o
    0x08002320   0x08002320   0x00000032   Code   RO         2057    i.rt_memmove        kservice.o
    0x08002352   0x08002352   0x00000002   PAD
    0x08002354   0x08002354   0x00000046   Code   RO         2058    i.rt_memset         kservice.o
    0x0800239a   0x0800239a   0x00000050   Code   RO         2289    i.rt_object_allocate  object.o
    0x080023ea   0x080023ea   0x00000026   Code   RO         2290    i.rt_object_delete  object.o
    0x08002410   0x08002410   0x00000020   Code   RO         2291    i.rt_object_detach  object.o
    0x08002430   0x08002430   0x00000024   Code   RO         2293    i.rt_object_get_information  object.o
    0x08002454   0x08002454   0x0000003c   Code   RO         2295    i.rt_object_init    object.o
    0x08002490   0x08002490   0x0000000e   Code   RO         2296    i.rt_object_is_systemobject  object.o
    0x0800249e   0x0800249e   0x00000002   PAD
    0x080024a0   0x080024a0   0x00000058   Code   RO         2365    i.rt_schedule       scheduler.o
    0x080024f8   0x080024f8   0x00000050   Code   RO         2366    i.rt_schedule_insert_thread  scheduler.o
    0x08002548   0x08002548   0x00000048   Code   RO         2367    i.rt_schedule_remove_thread  scheduler.o
    0x08002590   0x08002590   0x00000024   Code   RO         1959    i.rt_sem_init       ipc.o
    0x080025b4   0x080025b4   0x00000036   Code   RO         1960    i.rt_sem_release    ipc.o
    0x080025ea   0x080025ea   0x000000ae   Code   RO         1961    i.rt_sem_take       ipc.o
    0x08002698   0x08002698   0x00000020   Code   RO         2059    i.rt_set_errno      kservice.o
    0x080026b8   0x080026b8   0x000000b0   Code   RO         2060    i.rt_show_version   kservice.o
    0x08002768   0x08002768   0x00000010   Code   RO         2066    i.rt_strlen         kservice.o
    0x08002778   0x08002778   0x00000020   Code   RO         2067    i.rt_strncmp        kservice.o
    0x08002798   0x08002798   0x00000026   Code   RO         2068    i.rt_strncpy        kservice.o
    0x080027be   0x080027be   0x00000002   PAD
    0x080027c0   0x080027c0   0x000000ac   Code   RO         2238    i.rt_system_heap_init  mem.o
    0x0800286c   0x0800286c   0x00000034   Code   RO         2368    i.rt_system_scheduler_init  scheduler.o
    0x080028a0   0x080028a0   0x00000028   Code   RO         2369    i.rt_system_scheduler_start  scheduler.o
    0x080028c8   0x080028c8   0x0000000c   Code   RO         2547    i.rt_system_timer_init  timer.o
    0x080028d4   0x080028d4   0x00000002   Code   RO         2548    i.rt_system_timer_thread_init  timer.o
    0x080028d6   0x080028d6   0x00000048   Code   RO         2428    i.rt_thread_create  thread.o
    0x0800291e   0x0800291e   0x00000002   PAD
    0x08002920   0x08002920   0x00000058   Code   RO         2432    i.rt_thread_exit    thread.o
    0x08002978   0x08002978   0x00000006   Code   RO         1914    i.rt_thread_idle_entry  idle.o
    0x0800297e   0x0800297e   0x00000002   PAD
    0x08002980   0x08002980   0x00000070   Code   RO         1915    i.rt_thread_idle_excute  idle.o
    0x080029f0   0x080029f0   0x00000038   Code   RO         1917    i.rt_thread_idle_init  idle.o
    0x08002a28   0x08002a28   0x00000030   Code   RO         2434    i.rt_thread_init    thread.o
    0x08002a58   0x08002a58   0x0000003c   Code   RO         2436    i.rt_thread_resume  thread.o
    0x08002a94   0x08002a94   0x0000000c   Code   RO         2437    i.rt_thread_self    thread.o
    0x08002aa0   0x08002aa0   0x0000002c   Code   RO         2439    i.rt_thread_startup  thread.o
    0x08002acc   0x08002acc   0x00000042   Code   RO         2440    i.rt_thread_suspend  thread.o
    0x08002b0e   0x08002b0e   0x00000020   Code   RO         2441    i.rt_thread_timeout  thread.o
    0x08002b2e   0x08002b2e   0x00000002   PAD
    0x08002b30   0x08002b30   0x00000060   Code   RO         2442    i.rt_thread_yield   thread.o
    0x08002b90   0x08002b90   0x0000000c   Code   RO         1720    i.rt_tick_get       clock.o
    0x08002b9c   0x08002b9c   0x0000002c   Code   RO         1721    i.rt_tick_increase  clock.o
    0x08002bc8   0x08002bc8   0x00000068   Code   RO         2549    i.rt_timer_check    timer.o
    0x08002c30   0x08002c30   0x00000030   Code   RO         2550    i.rt_timer_control  timer.o
    0x08002c60   0x08002c60   0x00000020   Code   RO         2553    i.rt_timer_detach   timer.o
    0x08002c80   0x08002c80   0x00000028   Code   RO         2554    i.rt_timer_init     timer.o
    0x08002ca8   0x08002ca8   0x0000008c   Code   RO         2556    i.rt_timer_start    timer.o
    0x08002d34   0x08002d34   0x0000002e   Code   RO         2557    i.rt_timer_stop     timer.o
    0x08002d62   0x08002d62   0x00000002   PAD
    0x08002d64   0x08002d64   0x00000274   Code   RO         2071    i.rt_vsnprintf      kservice.o
    0x08002fd8   0x08002fd8   0x00000004   Code   RO         1761    i.rti_board_end     components.o
    0x08002fdc   0x08002fdc   0x00000004   Code   RO         1762    i.rti_board_start   components.o
    0x08002fe0   0x08002fe0   0x00000004   Code   RO         1763    i.rti_end           components.o
    0x08002fe4   0x08002fe4   0x00000004   Code   RO         1764    i.rti_start         components.o
    0x08002fe8   0x08002fe8   0x0000002a   Code   RO         1765    i.rtthread_startup  components.o
    0x08003012   0x08003012   0x00000028   Code   RO         2073    i.skip_atoi         kservice.o
    0x0800303a   0x0800303a   0x00000002   PAD
    0x0800303c   0x0800303c   0x000000d0   Code   RO         2644    i.usage_fault_track  cpuport.o
    0x0800310c   0x0800310c   0x0000000a   Code   RO         1442    i.version           cmd.o
    0x08003116   0x08003116   0x00000010   Data   RO         1261    .constdata          system_stm32f1xx.o
    0x08003126   0x08003126   0x00000122   Data   RO         2075    .constdata          kservice.o
    0x08003248   0x08003248   0x00000039   Data   RO         1408    .conststring        symbol.o
    0x08003281   0x08003281   0x00000003   PAD
    0x08003284   0x08003284   0x00000044   Data   RO         1444    .conststring        cmd.o
    0x080032c8   0x080032c8   0x00000004   Data   RO         1766    .rti_fn.0           components.o
    0x080032cc   0x080032cc   0x00000004   Data   RO         1767    .rti_fn.0.end       components.o
    0x080032d0   0x080032d0   0x00000004   Data   RO         1768    .rti_fn.1.end       components.o
    0x080032d4   0x080032d4   0x00000004   Data   RO         1309    .rti_fn.6           shell.o
    0x080032d8   0x080032d8   0x00000004   Data   RO         1769    .rti_fn.6.end       components.o
    0x080032dc   0x080032dc   0x00000020   Data   RO         2765    Region$$Table       anon$$obj.o


    Execution Region RW_IRAM1 (Exec base: 0x20000000, Load base: 0x080032fc, Size: 0x00002088, Max: 0x00010000, ABSOLUTE)

    Exec Addr    Load Addr    Size         Type   Attr      Idx    E Section Name        Object

    0x20000000   0x080032fc   0x0000000c   Data   RW          391    .data               stm32f1xx_hal.o
    0x2000000c   0x08003308   0x00000004   Data   RW         1263    .data               system_stm32f1xx.o
    0x20000010   0x0800330c   0x00000008   Data   RW         1308    .data               shell.o
    0x20000018   0x08003314   0x00000030   Data   RW         1409    .data               symbol.o
    0x20000048   0x08003344   0x00000004   Data   RW         1410    .data               symbol.o
    0x2000004c   0x08003348   0x00000004   Data   RW         1411    .data               symbol.o
    0x20000050   0x0800334c   0x00000004   Data   RW         1723    .data               clock.o
    0x20000054   0x08003350   0x00000001   Data   RW         2020    .data               irq.o
    0x20000055   0x08003351   0x00000003   PAD
    0x20000058   0x08003354   0x00000008   Data   RW         2076    .data               kservice.o
    0x20000060   0x0800335c   0x00000018   Data   RW         2240    .data               mem.o
    0x20000078   0x08003374   0x00000040   Data   RW         2298    .data               object.o
    0x200000b8   0x080033b4   0x00000014   Data   RW         2371    .data               scheduler.o
    0x200000cc   0x080033c8   0x0000000c   Data   RW         2558    .data               timer.o
    0x200000d8   0x080033d4   0x00000004   Data   RW         2645    .data               cpuport.o
    0x200000dc   0x080033d8   0x00000004   Data   RW         2646    .data               cpuport.o
    0x200000e0   0x080033dc   0x00000004   Data   RW         2647    .data               cpuport.o
    0x200000e4   0x080033e0   0x00000004   Data   RW         2648    .data               cpuport.o
    0x200000e8        -       0x00000081   Zero   RW         1307    .bss                shell.o
    0x20000169   0x080033e4   0x00000003   PAD
    0x2000016c        -       0x00001800   Zero   RW         1689    .bss                board.o
    0x2000196c        -       0x00000178   Zero   RW         1918    .bss                idle.o
    0x20001ae4        -       0x00000080   Zero   RW         2074    .bss                kservice.o
    0x20001b64        -       0x00000020   Zero   RW         2239    .bss                mem.o
    0x20001b84        -       0x00000100   Zero   RW         2370    .bss                scheduler.o
    0x20001c84   0x080033e4   0x00000004   PAD
    0x20001c88        -       0x00000400   Zero   RW            1    STACK               startup_stm32f103xe.o


==============================================================================

Image component sizes


      Code (inc. data)   RO Data    RW Data    ZI Data      Debug   Object Name

         4          0          0          0          0        903   app_rtthread.o
       126         24          0          0       6144       3325   board.o
        56         12          0          4          0       1377   clock.o
      1158        504         68          0          0      11627   cmd.o
         0          0          0          0          0       2628   completion.o
       186         28         16          0          0       6506   components.o
       244         26          0          0          0        856   context_rvds.o
      1340        718          0         16          0       6078   cpuport.o
       378         58          0          0          0       5275   device.o
       194         24          0          0        376       5970   idle.o
       278          0          0          0          0       4025   ipc.o
        68         18          0          1          0       2374   irq.o
      1580        180        290          8        128      14878   kservice.o
       120          6          0          0          0     444270   main.o
       718        172          0         24         32       4992   mem.o
       748        152          0          0          0       6320   msh.o
       292          6          0         64          0       8916   object.o
       408         56          0         20        256       8698   scheduler.o
      1120        172          4          8        129       6751   shell.o
        36          8        304          0       1024        832   startup_stm32f103xe.o
       112         20          0         12          0       5595   stm32f1xx_hal.o
       172         14          0          0          0      25250   stm32f1xx_hal_cortex.o
        60          8          0          0          0        898   stm32f1xx_hal_msp.o
      1244         74          0          0          0       4206   stm32f1xx_hal_rcc.o
        12          0          0          0          0       2691   stm32f1xx_it.o
         0          0         57         56          0       4904   symbol.o
       176         38         16          4          0       1891   system_stm32f1xx.o
       678         40          0          0          0      11576   thread.o
       484         14          0         12          0      11060   timer.o

    ----------------------------------------------------------------------
     12026       2372        790        232       8096     614672   Object Totals
         0          0         32          0          0          0   (incl. Generated)
        34          0          3          3          7          0   (incl. Padding)

    ----------------------------------------------------------------------

      Code (inc. data)   RO Data    RW Data    ZI Data      Debug   Library Member Name

         0          0          0          0          0          0   entry.o
         0          0          0          0          0          0   entry10a.o
         0          0          0          0          0          0   entry11a.o
         8          4          0          0          0          0   entry2.o
         4          0          0          0          0          0   entry5.o
         0          0          0          0          0          0   entry7b.o
         0          0          0          0          0          0   entry8b.o
         8          4          0          0          0          0   entry9a.o
        30          0          0          0          0          0   handlers.o
        36          8          0          0          0         68   init.o
        36          0          0          0          0        108   memseta.o
        24          0          0          0          0         68   strcat.o
        18          0          0          0          0         68   strcpy.o
        14          0          0          0          0         68   strlen.o
        30          0          0          0          0         80   strncmp.o
        24          0          0          0          0         76   strncpy.o

    ----------------------------------------------------------------------
       236         16          0          0          0        536   Library Totals
         4          0          0          0          0          0   (incl. Padding)

    ----------------------------------------------------------------------

      Code (inc. data)   RO Data    RW Data    ZI Data      Debug   Library Name

       232         16          0          0          0        536   mc_w.l

    ----------------------------------------------------------------------
       236         16          0          0          0        536   Library Totals

    ----------------------------------------------------------------------

==============================================================================


      Code (inc. data)   RO Data    RW Data    ZI Data      Debug   

     12262       2388        790        232       8096     607872   Grand Totals
     12262       2388        790        232       8096     607872   ELF Image Totals
     12262       2388        790        232          0          0   ROM Totals

==============================================================================

    Total RO  Size (Code + RO Data)                13052 (  12.75kB)
    Total RW  Size (RW Data + ZI Data)              8328 (   8.13kB)
    Total ROM Size (Code + RO Data + RW Data)      13284 (  12.97kB)

==============================================================================

