Component: ARM Compiler 5.06 update 6 (build 750) Tool: armlink [4d35ed]

==============================================================================

Section Cross References

    startup_stm32f103xe.o(RESET) refers to startup_stm32f103xe.o(STACK) for __initial_sp
    startup_stm32f103xe.o(RESET) refers to startup_stm32f103xe.o(.text) for Reset_Handler
    startup_stm32f103xe.o(RESET) refers to stm32f1xx_it.o(i.NMI_Handler) for NMI_Handler
    startup_stm32f103xe.o(RESET) refers to context_rvds.o(.text) for HardFault_Handler
    startup_stm32f103xe.o(RESET) refers to stm32f1xx_it.o(i.MemManage_Handler) for MemManage_Handler
    startup_stm32f103xe.o(RESET) refers to stm32f1xx_it.o(i.BusFault_Handler) for BusFault_Handler
    startup_stm32f103xe.o(RESET) refers to stm32f1xx_it.o(i.UsageFault_Handler) for UsageFault_Handler
    startup_stm32f103xe.o(RESET) refers to stm32f1xx_it.o(i.SVC_Handler) for SVC_Handler
    startup_stm32f103xe.o(RESET) refers to stm32f1xx_it.o(i.DebugMon_Handler) for DebugMon_Handler
    startup_stm32f103xe.o(RESET) refers to board.o(i.SysTick_Handler) for SysTick_Handler
    startup_stm32f103xe.o(.text) refers to system_stm32f1xx.o(i.SystemInit) for SystemInit
    startup_stm32f103xe.o(.text) refers to entry.o(.ARM.Collect$$$$00000000) for __main
    main.o(i.SystemClock_Config) refers to memseta.o(.text) for __aeabi_memclr4
    main.o(i.SystemClock_Config) refers to stm32f1xx_hal_rcc.o(i.HAL_RCC_OscConfig) for HAL_RCC_OscConfig
    main.o(i.SystemClock_Config) refers to stm32f1xx_hal_rcc.o(i.HAL_RCC_ClockConfig) for HAL_RCC_ClockConfig
    main.o(i.main) refers to stm32f1xx_hal.o(i.HAL_Init) for HAL_Init
    main.o(i.main) refers to main.o(i.SystemClock_Config) for SystemClock_Config
    main.o(i.main) refers to app_rtthread.o(i.MX_RT_Thread_Init) for MX_RT_Thread_Init
    main.o(i.main) refers to app_rtthread.o(i.MX_RT_Thread_Process) for MX_RT_Thread_Process
    app_rtthread.o(i.MX_RT_Thread_Init) refers to led.o(i.Led_Initialize) for Led_Initialize
    app_rtthread.o(i.MX_RT_Thread_Process) refers to thread.o(i.rt_thread_delay) for rt_thread_delay
    app_rtthread.o(i.MX_RT_Thread_Process) refers to led.o(i.Led_Task) for Led_Task
    stm32f1xx_hal.o(i.HAL_DeInit) refers to stm32f1xx_hal.o(i.HAL_MspDeInit) for HAL_MspDeInit
    stm32f1xx_hal.o(i.HAL_Delay) refers to stm32f1xx_hal.o(i.HAL_GetTick) for HAL_GetTick
    stm32f1xx_hal.o(i.HAL_Delay) refers to stm32f1xx_hal.o(.data) for .data
    stm32f1xx_hal.o(i.HAL_GetTick) refers to stm32f1xx_hal.o(.data) for .data
    stm32f1xx_hal.o(i.HAL_GetTickFreq) refers to stm32f1xx_hal.o(.data) for .data
    stm32f1xx_hal.o(i.HAL_GetTickPrio) refers to stm32f1xx_hal.o(.data) for .data
    stm32f1xx_hal.o(i.HAL_IncTick) refers to stm32f1xx_hal.o(.data) for .data
    stm32f1xx_hal.o(i.HAL_Init) refers to stm32f1xx_hal_cortex.o(i.HAL_NVIC_SetPriorityGrouping) for HAL_NVIC_SetPriorityGrouping
    stm32f1xx_hal.o(i.HAL_Init) refers to stm32f1xx_hal.o(i.HAL_InitTick) for HAL_InitTick
    stm32f1xx_hal.o(i.HAL_Init) refers to stm32f1xx_hal_msp.o(i.HAL_MspInit) for HAL_MspInit
    stm32f1xx_hal.o(i.HAL_InitTick) refers to stm32f1xx_hal_cortex.o(i.HAL_SYSTICK_Config) for HAL_SYSTICK_Config
    stm32f1xx_hal.o(i.HAL_InitTick) refers to stm32f1xx_hal_cortex.o(i.HAL_NVIC_SetPriority) for HAL_NVIC_SetPriority
    stm32f1xx_hal.o(i.HAL_InitTick) refers to stm32f1xx_hal.o(.data) for .data
    stm32f1xx_hal.o(i.HAL_InitTick) refers to system_stm32f1xx.o(.data) for SystemCoreClock
    stm32f1xx_hal.o(i.HAL_SetTickFreq) refers to stm32f1xx_hal.o(i.HAL_InitTick) for HAL_InitTick
    stm32f1xx_hal.o(i.HAL_SetTickFreq) refers to stm32f1xx_hal.o(.data) for .data
    stm32f1xx_hal_rcc.o(i.HAL_RCC_ClockConfig) refers to stm32f1xx_hal.o(i.HAL_GetTick) for HAL_GetTick
    stm32f1xx_hal_rcc.o(i.HAL_RCC_ClockConfig) refers to stm32f1xx_hal_rcc.o(i.HAL_RCC_GetSysClockFreq) for HAL_RCC_GetSysClockFreq
    stm32f1xx_hal_rcc.o(i.HAL_RCC_ClockConfig) refers to stm32f1xx_hal.o(i.HAL_InitTick) for HAL_InitTick
    stm32f1xx_hal_rcc.o(i.HAL_RCC_ClockConfig) refers to system_stm32f1xx.o(.constdata) for AHBPrescTable
    stm32f1xx_hal_rcc.o(i.HAL_RCC_ClockConfig) refers to system_stm32f1xx.o(.data) for SystemCoreClock
    stm32f1xx_hal_rcc.o(i.HAL_RCC_DeInit) refers to stm32f1xx_hal.o(i.HAL_GetTick) for HAL_GetTick
    stm32f1xx_hal_rcc.o(i.HAL_RCC_DeInit) refers to stm32f1xx_hal.o(i.HAL_InitTick) for HAL_InitTick
    stm32f1xx_hal_rcc.o(i.HAL_RCC_DeInit) refers to system_stm32f1xx.o(.data) for SystemCoreClock
    stm32f1xx_hal_rcc.o(i.HAL_RCC_GetHCLKFreq) refers to system_stm32f1xx.o(.data) for SystemCoreClock
    stm32f1xx_hal_rcc.o(i.HAL_RCC_GetPCLK1Freq) refers to system_stm32f1xx.o(.data) for SystemCoreClock
    stm32f1xx_hal_rcc.o(i.HAL_RCC_GetPCLK1Freq) refers to system_stm32f1xx.o(.constdata) for APBPrescTable
    stm32f1xx_hal_rcc.o(i.HAL_RCC_GetPCLK2Freq) refers to system_stm32f1xx.o(.data) for SystemCoreClock
[...]
    Removing shell.o(i.finsh_set_prompt), (52 bytes).
    Removing shell.o(i.finsh_system_function_init), (20 bytes).
    Removing shell.o(i.finsh_system_var_init), (20 bytes).
    Removing symbol.o(.data), (4 bytes).
    Removing symbol.o(.data), (4 bytes).
    Removing cmd.o(i._list_device), (212 bytes).
    Removing cmd.o(i.list_device), (18 bytes).
    Removing cmd.o(.constdata), (80 bytes).
    Removing msh_cmd.o(i.cmd_free), (10 bytes).
    Removing msh_cmd.o(i.cmd_ps), (10 bytes).
    Removing msh_cmd.o(i.cmd_time), (4 bytes).
    Removing serial.o(i.rt_hw_serial_isr), (174 bytes).
    Removing serial.o(i.rt_hw_serial_register), (68 bytes).
    Removing serial.o(i.rt_serial_close), (90 bytes).
    Removing serial.o(i.rt_serial_control), (96 bytes).
    Removing serial.o(i.rt_serial_init), (26 bytes).
    Removing serial.o(i.rt_serial_open), (212 bytes).
    Removing serial.o(i.rt_serial_read), (114 bytes).
    Removing serial.o(i.rt_serial_write), (66 bytes).
    Removing completion.o(i.rt_completion_done), (58 bytes).
    Removing completion.o(i.rt_completion_init), (24 bytes).
    Removing completion.o(i.rt_completion_wait), (122 bytes).
    Removing clock.o(i.rt_system_tick_init), (2 bytes).
    Removing clock.o(i.rt_tick_from_millisecond), (34 bytes).
    Removing clock.o(i.rt_tick_set), (24 bytes).
    Removing device.o(i.rt_device_control), (12 bytes).
    Removing device.o(i.rt_device_create), (34 bytes).
    Removing device.o(i.rt_device_destroy), (18 bytes).
    Removing device.o(i.rt_device_init), (104 bytes).
    Removing device.o(i.rt_device_init_all), (4 bytes).
    Removing device.o(i.rt_device_register), (50 bytes).
    Removing device.o(i.rt_device_set_tx_complete), (6 bytes).
    Removing device.o(i.rt_device_unregister), (10 bytes).
    Removing idle.o(i.rt_thread_idle_gethandler), (8 bytes).
    Removing ipc.o(i.rt_ipc_list_resume_all), (44 bytes).
    Removing ipc.o(i.rt_sem_control), (46 bytes).
    Removing ipc.o(i.rt_sem_create), (32 bytes).
    Removing ipc.o(i.rt_sem_delete), (20 bytes).
    Removing ipc.o(i.rt_sem_detach), (20 bytes).
    Removing ipc.o(i.rt_sem_trytake), (6 bytes).
    Removing kservice.o(i._rt_errno), (28 bytes).
    Removing kservice.o(i.rt_free_align), (8 bytes).
    Removing kservice.o(i.rt_get_errno), (28 bytes).
    Removing kservice.o(i.rt_kputs), (56 bytes).
    Removing kservice.o(i.rt_malloc_align), (50 bytes).
    Removing kservice.o(i.rt_memcmp), (28 bytes).
    Removing kservice.o(i.rt_memcpy), (74 bytes).
    Removing kservice.o(i.rt_snprintf), (18 bytes).
    Removing kservice.o(i.rt_sprintf), (18 bytes).
    Removing kservice.o(i.rt_strcasecmp), (44 bytes).
    Removing kservice.o(i.rt_strcmp), (24 bytes).
    Removing kservice.o(i.rt_strdup), (36 bytes).
    Removing kservice.o(i.rt_strnlen), (20 bytes).
    Removing kservice.o(i.rt_strstr), (54 bytes).
    Removing kservice.o(i.rt_vsprintf), (12 bytes).
    Removing mem.o(i.list_mem), (108 bytes).
    Removing mem.o(i.rt_memory_info), (32 bytes).
    Removing mem.o(i.rt_realloc), (204 bytes).
    Removing object.o(i.rt_object_find), (76 bytes).
    Removing object.o(i.rt_object_get_type), (8 bytes).
    Removing object.o(i.rt_system_object_init), (2 bytes).
    Removing scheduler.o(i.rt_critical_level), (12 bytes).
    Removing thread.o(i.rt_thread_control), (100 bytes).
    Removing thread.o(i.rt_thread_delete), (64 bytes).
    Removing thread.o(i.rt_thread_detach), (72 bytes).
    Removing thread.o(i.rt_thread_find), (84 bytes).
    Removing thread.o(i.rt_thread_mdelay), (14 bytes).
    Removing timer.o(i.rt_timer_create), (46 bytes).
    Removing timer.o(i.rt_timer_delete), (32 bytes).
    Removing timer.o(i.rt_timer_next_timeout_tick), (24 bytes).
    Removing cpuport.o(i.rt_hw_cpu_reset), (16 bytes).
    Removing cpuport.o(i.rt_hw_cpu_shutdown), (24 bytes).
    Removing cpuport.o(i.rt_hw_exception_install), (12 bytes).
    Removing led.o(.rev16_text), (4 bytes).
    Removing led.o(.revsh_text), (4 bytes).
    Removing led.o(.rrx_text), (6 bytes).
    Removing led.o(.data), (4 bytes).

249 unused section(s) (total 11956 bytes) removed from the image.

==============================================================================

Image Symbol Table

    Local Symbols

    Symbol Name                              Value     Ov Type        Size  Object(Section)

    ../Drivers/STM32F1xx_HAL_Driver/Src/stm32f1xx_hal.c 0x00000000   Number         0  stm32f1xx_hal.o ABSOLUTE
    ../Drivers/STM32F1xx_HAL_Driver/Src/stm32f1xx_hal_cortex.c 0x00000000   Number         0  stm32f1xx_hal_cortex.o ABSOLUTE
    ../Drivers/STM32F1xx_HAL_Driver/Src/stm32f1xx_hal_dma.c 0x00000000   Number         0  stm32f1xx_hal_dma.o ABSOLUTE
    ../Drivers/STM32F1xx_HAL_Driver/Src/stm32f1xx_hal_flash.c 0x00000000   Number         0  stm32f1xx_hal_flash.o ABSOLUTE
    ../Drivers/STM32F1xx_HAL_Driver/Src/stm32f1xx_hal_flash_ex.c 0x00000000   Number         0  stm32f1xx_hal_flash_ex.o ABSOLUTE
    ../Drivers/STM32F1xx_HAL_Driver/Src/stm32f1xx_hal_gpio.c 0x00000000   Number         0  stm32f1xx_hal_gpio.o ABSOLUTE
    ../Drivers/STM32F1xx_HAL_Driver/Src/stm32f1xx_hal_gpio_ex.c 0x00000000   Number         0  stm32f1xx_hal_gpio_ex.o ABSOLUTE
    ../Drivers/STM32F1xx_HAL_Driver/Src/stm32f1xx_hal_pwr.c 0x00000000   Number         0  stm32f1xx_hal_pwr.o ABSOLUTE
    ../Drivers/STM32F1xx_HAL_Driver/Src/stm32f1xx_hal_rcc.c 0x00000000   Number         0  stm32f1xx_hal_rcc.o ABSOLUTE
    ../Drivers/STM32F1xx_HAL_Driver/Src/stm32f1xx_hal_rcc_ex.c 0x00000000   Number         0  stm32f1xx_hal_rcc_ex.o ABSOLUTE
    ../Drivers/STM32F1xx_HAL_Driver/Src/stm32f1xx_hal_tim.c 0x00000000   Number         0  stm32f1xx_hal_tim.o ABSOLUTE
    ../Drivers/STM32F1xx_HAL_Driver/Src/stm32f1xx_hal_tim_ex.c 0x00000000   Number         0  stm32f1xx_hal_tim_ex.o ABSOLUTE
    ../Middlewares/Third_Party/RT-Thread/bsp/board.c 0x00000000   Number         0  board.o ABSOLUTE
    ../Middlewares/Third_Party/RT-Thread/components/drivers/serial/serial.c 0x00000000   Number         0  serial.o ABSOLUTE
    ../Middlewares/Third_Party/RT-Thread/components/drivers/src/completion.c 0x00000000   Number         0  completion.o ABSOLUTE
    ../Middlewares/Third_Party/RT-Thread/components/finsh/cmd.c 0x00000000   Number         0  cmd.o ABSOLUTE
    ../Middlewares/Third_Party/RT-Thread/components/finsh/msh.c 0x00000000   Number         0  msh.o ABSOLUTE
    ../Middlewares/Third_Party/RT-Thread/components/finsh/msh_cmd.c 0x00000000   Number         0  msh_cmd.o ABSOLUTE
    ../Middlewares/Third_Party/RT-Thread/components/finsh/msh_file.c 0x00000000   Number         0  msh_file.o ABSOLUTE
    ../Middlewares/Third_Party/RT-Thread/components/finsh/shell.c 0x00000000   Number         0  shell.o ABSOLUTE
    ../Middlewares/Third_Party/RT-Thread/components/finsh/symbol.c 0x00000000   Number         0  symbol.o ABSOLUTE
    ../Middlewares/Third_Party/RT-Thread/libcpu/arm/cortex-m3/context_rvds.S 0x00000000   Number         0  context_rvds.o ABSOLUTE
    ../Middlewares/Third_Party/RT-Thread/libcpu/arm/cortex-m3/cpuport.c 0x00000000   Number         0  cpuport.o ABSOLUTE
    ../Middlewares/Third_Party/RT-Thread/src/clock.c 0x00000000   Number         0  clock.o ABSOLUTE
    ../Middlewares/Third_Party/RT-Thread/src/components.c 0x00000000   Number         0  components.o ABSOLUTE
    ../Middlewares/Third_Party/RT-Thread/src/device.c 0x00000000   Number         0  device.o ABSOLUTE
    ../Middlewares/Third_Party/RT-Thread/src/idle.c 0x00000000   Number         0  idle.o ABSOLUTE
    ../Middlewares/Third_Party/RT-Thread/src/ipc.c 0x00000000   Number         0  ipc.o ABSOLUTE
    ../Middlewares/Third_Party/RT-Thread/src/irq.c 0x00000000   Number         0  irq.o ABSOLUTE
    ../Middlewares/Third_Party/RT-Thread/src/kservice.c 0x00000000   Number         0  kservice.o ABSOLUTE
    ../Middlewares/Third_Party/RT-Thread/src/mem.c 0x00000000   Number         0  mem.o ABSOLUTE
    ../Middlewares/Third_Party/RT-Thread/src/object.c 0x00000000   Number         0  object.o ABSOLUTE
    ../Middlewares/Third_Party/RT-Thread/src/scheduler.c 0x00000000   Number         0  scheduler.o ABSOLUTE
    ../Middlewares/Third_Party/RT-Thread/src/thread.c 0x00000000   Number         0  thread.o ABSOLUTE
    ../Middlewares/Third_Party/RT-Thread/src/timer.c 0x00000000   Number         0  timer.o ABSOLUTE
    ../Src/app_rtthread.c                    0x00000000   Number         0  app_rtthread.o ABSOLUTE
    ../Src/main.c                            0x00000000   Number         0  main.o ABSOLUTE
    ../Src/stm32f1xx_hal_msp.c               0x00000000   Number         0  stm32f1xx_hal_msp.o ABSOLUTE
    ../Src/stm32f1xx_it.c                    0x00000000   Number         0  stm32f1xx_it.o ABSOLUTE
    ../Src/system_stm32f1xx.c                0x00000000   Number         0  system_stm32f1xx.o ABSOLUTE
    ../clib/microlib/init/entry.s            0x00000000   Number         0  entry5.o ABSOLUTE
    ../clib/microlib/init/entry.s            0x00000000   Number         0  entry9a.o ABSOLUTE
    ../clib/microlib/init/entry.s            0x00000000   Number         0  entry8b.o ABSOLUTE
    ../clib/microlib/init/entry.s            0x00000000   Number         0  entry8a.o ABSOLUTE
    ../clib/microlib/init/entry.s            0x00000000   Number         0  entry7b.o ABSOLUTE
    ../clib/microlib/init/entry.s            0x00000000   Number         0  entry7a.o ABSOLUTE
    ../clib/microlib/init/entry.s            0x00000000   Number         0  entry.o ABSOLUTE
    ../clib/microlib/init/entry.s            0x00000000   Number         0  entry9b.o ABSOLUTE
    ../clib/microlib/init/entry.s            0x00000000   Number         0  entry2.o ABSOLUTE
    ../clib/microlib/init/entry.s            0x00000000   Number         0  entry11b.o ABSOLUTE
    ../clib/microlib/init/entry.s            0x00000000   Number         0  entry11a.o ABSOLUTE
    ../clib/microlib/init/entry.s            0x00000000   Number         0  entry10b.o ABSOLUTE
    ../clib/microlib/init/entry.s            0x00000000   Number         0  entry10a.o ABSOLUTE
    ../clib/microlib/longlong.c              0x00000000   Number         0  llushr.o ABSOLUTE
    ../clib/microlib/string/memcpy.c         0x00000000   Number         0  memcpya.o ABSOLUTE
    ../clib/microlib/string/memcpy.c         0x00000000   Number         0  memcpyb.o ABSOLUTE
    ../clib/microlib/string/memset.c         0x00000000   Number         0  memseta.o ABSOLUTE
    ../clib/microlib/string/strcat.c         0x00000000   Number         0  strcat.o ABSOLUTE
    ../clib/microlib/string/strcpy.c         0x00000000   Number         0  strcpy.o ABSOLUTE
    ../clib/microlib/string/strlen.c         0x00000000   Number         0  strlen.o ABSOLUTE
    ../clib/microlib/string/strncmp.c        0x00000000   Number         0  strncmp.o ABSOLUTE
    ../clib/microlib/string/strncpy.c        0x00000000   Number         0  strncpy.o ABSOLUTE
    ..\..\User\app\led.c                     0x00000000   Number         0  led.o ABSOLUTE
    ..\Drivers\STM32F1xx_HAL_Driver\Src\stm32f1xx_hal.c 0x00000000   Number         0  stm32f1xx_hal.o ABSOLUTE
    ..\Drivers\STM32F1xx_HAL_Driver\Src\stm32f1xx_hal_cortex.c 0x00000000   Number         0  stm32f1xx_hal_cortex.o ABSOLUTE
    ..\Drivers\STM32F1xx_HAL_Driver\Src\stm32f1xx_hal_dma.c 0x00000000   Number         0  stm32f1xx_hal_dma.o ABSOLUTE
    ..\Drivers\STM32F1xx_HAL_Driver\Src\stm32f1xx_hal_flash.c 0x00000000   Number         0  stm32f1xx_hal_flash.o ABSOLUTE
    ..\Drivers\STM32F1xx_HAL_Driver\Src\stm32f1xx_hal_flash_ex.c 0x00000000   Number         0  stm32f1xx_hal_flash_ex.o ABSOLUTE
    ..\Drivers\STM32F1xx_HAL_Driver\Src\stm32f1xx_hal_gpio.c 0x00000000   Number         0  stm32f1xx_hal_gpio.o ABSOLUTE
    ..\Drivers\STM32F1xx_HAL_Driver\Src\stm32f1xx_hal_gpio_ex.c 0x00000000   Number         0  stm32f1xx_hal_gpio_ex.o ABSOLUTE
    ..\Drivers\STM32F1xx_HAL_Driver\Src\stm32f1xx_hal_pwr.c 0x00000000   Number         0  stm32f1xx_hal_pwr.o ABSOLUTE
    ..\Drivers\STM32F1xx_HAL_Driver\Src\stm32f1xx_hal_rcc.c 0x00000000   Number         0  stm32f1xx_hal_rcc.o ABSOLUTE
    ..\Drivers\STM32F1xx_HAL_Driver\Src\stm32f1xx_hal_rcc_ex.c 0x00000000   Number         0  stm32f1xx_hal_rcc_ex.o ABSOLUTE
    ..\Drivers\STM32F1xx_HAL_Driver\Src\stm32f1xx_hal_tim.c 0x00000000   Number         0  stm32f1xx_hal_tim.o ABSOLUTE
    ..\Drivers\STM32F1xx_HAL_Driver\Src\stm32f1xx_hal_tim_ex.c 0x00000000   Number         0  stm32f1xx_hal_tim_ex.o ABSOLUTE
    ..\Src\app_rtthread.c                    0x00000000   Number         0  app_rtthread.o ABSOLUTE
    ..\Src\main.c                            0x00000000   Number         0  main.o ABSOLUTE
    ..\Src\stm32f1xx_hal_msp.c               0x00000000   Number         0  stm32f1xx_hal_msp.o ABSOLUTE
    ..\Src\stm32f1xx_it.c                    0x00000000   Number         0  stm32f1xx_it.o ABSOLUTE
    ..\Src\system_stm32f1xx.c                0x00000000   Number         0  system_stm32f1xx.o ABSOLUTE
    ..\\..\\User\\app\\led.c                 0x00000000   Number         0  led.o ABSOLUTE
    dc.s                                     0x00000000   Number         0  dc.o ABSOLUTE
    handlers.s                               0x00000000   Number         0  handlers.o ABSOLUTE
    init.s                                   0x00000000   Number         0  init.o ABSOLUTE
    startup_stm32f103xe.s                    0x00000000   Number         0  startup_stm32f103xe.o ABSOLUTE
    RESET                                    0x08000000   Section      304  startup_stm32f103xe.o(RESET)
    .ARM.Collect$$$$00000000                 0x08000130   Section        0  entry.o(.ARM.Collect$$$$00000000)
    .ARM.Collect$$$$00000001                 0x08000130   Section        4  entry2.o(.ARM.Collect$$$$00000001)
    .ARM.Collect$$$$00000004                 0x08000134   Section        4  entry5.o(.ARM.Collect$$$$00000004)
    .ARM.Collect$$$$00000008                 0x08000138   Section        0  entry7b.o(.ARM.Collect$$$$00000008)
    .ARM.Collect$$$$0000000A                 0x08000138   Section        0  entry8b.o(.ARM.Collect$$$$0000000A)
    .ARM.Collect$$$$0000000B                 0x08000138   Section        8  entry9a.o(.ARM.Collect$$$$0000000B)
    .ARM.Collect$$$$0000000D                 0x08000140   Section        0  entry10a.o(.ARM.Collect$$$$0000000D)
    .ARM.Collect$$$$0000000F                 0x08000140   Section        0  entry11a.o(.ARM.Collect$$$$0000000F)
    .ARM.Collect$$$$00002712                 0x08000140   Section        4  entry2.o(.ARM.Collect$$$$00002712)
    __lit__00000000                          0x08000140   Data           4  entry2.o(.ARM.Collect$$$$00002712)
    .text                                    0x08000144   Section       36  startup_stm32f103xe.o(.text)
    .text                                    0x08000168   Section      244  context_rvds.o(.text)
    .text                                    0x0800025c   Section        0  memseta.o(.text)
    .text                                    0x08000280   Section        0  strcat.o(.text)
    .text                                    0x08000298   Section        0  strncpy.o(.text)
    .text                                    0x080002b0   Section        0  strlen.o(.text)
    .text                                    0x080002be   Section        0  strcpy.o(.text)
    .text                                    0x080002d0   Section        0  strncmp.o(.text)
    .text                                    0x080002f0   Section       36  init.o(.text)
    i.$Sub$$main                             0x08000314   Section        0  components.o(i.$Sub$$main)
    i.BusFault_Handler                       0x08000322   Section        0  stm32f1xx_it.o(i.BusFault_Handler)
    i.DebugMon_Handler                       0x08000324   Section        0  stm32f1xx_it.o(i.DebugMon_Handler)
    i.HAL_GPIO_WritePin                      0x08000326   Section        0  stm32f1xx_hal_gpio.o(i.HAL_GPIO_WritePin)
    i.HAL_GetTick                            0x08000330   Section        0  stm32f1xx_hal.o(i.HAL_GetTick)
    i.HAL_Init                               0x0800033c   Section        0  stm32f1xx_hal.o(i.HAL_Init)
    i.HAL_InitTick                           0x08000360   Section        0  stm32f1xx_hal.o(i.HAL_InitTick)
    i.HAL_MspInit                            0x080003a0   Section        0  stm32f1xx_hal_msp.o(i.HAL_MspInit)
    i.HAL_NVIC_SetPriority                   0x080003dc   Section        0  stm32f1xx_hal_cortex.o(i.HAL_NVIC_SetPriority)
    i.HAL_NVIC_SetPriorityGrouping           0x0800041c   Section        0  stm32f1xx_hal_cortex.o(i.HAL_NVIC_SetPriorityGrouping)
    i.HAL_RCC_ClockConfig                    0x08000440   Section        0  stm32f1xx_hal_rcc.o(i.HAL_RCC_ClockConfig)
    i.HAL_RCC_GetSysClockFreq                0x080005ac   Section        0  stm32f1xx_hal_rcc.o(i.HAL_RCC_GetSysClockFreq)
    i.HAL_RCC_OscConfig                      0x08000618   Section        0  stm32f1xx_hal_rcc.o(i.HAL_RCC_OscConfig)
    i.HAL_SYSTICK_Config                     0x0800091c   Section        0  stm32f1xx_hal_cortex.o(i.HAL_SYSTICK_Config)
    i.Led_Initialize                         0x08000944   Section        0  led.o(i.Led_Initialize)
    i.Led_Task                               0x08000954   Section        0  led.o(i.Led_Task)
    i.MX_RT_Thread_Init                      0x08000956   Section        0  app_rtthread.o(i.MX_RT_Thread_Init)
    i.MX_RT_Thread_Process                   0x0800095a   Section        0  app_rtthread.o(i.MX_RT_Thread_Process)
    i.MemManage_Handler                      0x0800096a   Section        0  stm32f1xx_it.o(i.MemManage_Handler)
    i.NMI_Handler                            0x0800096c   Section        0  stm32f1xx_it.o(i.NMI_Handler)
    i.NVIC_SetPriority                       0x0800096e   Section        0  stm32f1xx_hal_cortex.o(i.NVIC_SetPriority)
    NVIC_SetPriority                         0x0800096f   Thumb Code    32  stm32f1xx_hal_cortex.o(i.NVIC_SetPriority)
    i.SVC_Handler                            0x0800098e   Section        0  stm32f1xx_it.o(i.SVC_Handler)
    i.SysTick_Handler                        0x08000990   Section        0  board.o(i.SysTick_Handler)
    i.SystemClock_Config                     0x080009a2   Section        0  main.o(i.SystemClock_Config)
    i.SystemCoreClockUpdate                  0x080009f0   Section        0  system_stm32f1xx.o(i.SystemCoreClockUpdate)
    i.SystemInit                             0x08000a58   Section        0  system_stm32f1xx.o(i.SystemInit)
    i.UsageFault_Handler                     0x08000aa0   Section        0  stm32f1xx_it.o(i.UsageFault_Handler)
    i.__rt_ffs                               0x08000aa4   Section        0  kservice.o(i.__rt_ffs)
    i.__scatterload_copy                     0x08000ae8   Section       14  handlers.o(i.__scatterload_copy)
    i.__scatterload_null                     0x08000af6   Section        2  handlers.o(i.__scatterload_null)
    i.__scatterload_zeroinit                 0x08000af8   Section       14  handlers.o(i.__scatterload_zeroinit)
    i._has_defunct_thread                    0x08000b08   Section        0  idle.o(i._has_defunct_thread)
    _has_defunct_thread                      0x08000b09   Thumb Code    16  idle.o(i._has_defunct_thread)
    i._list_sem                              0x08000b1c   Section        0  cmd.o(i._list_sem)
    _list_sem                                0x08000b1d   Thumb Code   162  cmd.o(i._list_sem)
    i._list_thread                           0x08000c28   Section        0  cmd.o(i._list_thread)
    _list_thread                             0x08000c29   Thumb Code   168  cmd.o(i._list_thread)
    i._list_timer                            0x08000d80   Section        0  cmd.o(i._list_timer)
    _list_timer                              0x08000d81   Thumb Code   108  cmd.o(i._list_timer)
    i._msh_exec_cmd                          0x08000e8c   Section        0  msh.o(i._msh_exec_cmd)
    _msh_exec_cmd                            0x08000e8d   Thumb Code   140  msh.o(i._msh_exec_cmd)
    i._rt_thread_init                        0x08000f28   Section        0  thread.o(i._rt_thread_init)
    _rt_thread_init                          0x08000f29   Thumb Code   118  thread.o(i._rt_thread_init)
    i._rt_timer_init                         0x08000fa8   Section        0  timer.o(i._rt_timer_init)
    _rt_timer_init                           0x08000fa9   Thumb Code    28  timer.o(i._rt_timer_init)
    i._rt_timer_remove                       0x08000fc4   Section        0  timer.o(i._rt_timer_remove)
    _rt_timer_remove                         0x08000fc5   Thumb Code    18  timer.o(i._rt_timer_remove)
    i.bus_fault_track                        0x08000fd8   Section        0  cpuport.o(i.bus_fault_track)
    bus_fault_track                          0x08000fd9   Thumb Code   110  cpuport.o(i.bus_fault_track)
    i.finsh_get_prompt                       0x080010c0   Section        0  shell.o(i.finsh_get_prompt)
    i.finsh_rx_ind                           0x08001120   Section        0  shell.o(i.finsh_rx_ind)
    finsh_rx_ind                             0x08001121   Thumb Code    14  shell.o(i.finsh_rx_ind)
    i.finsh_set_device                       0x08001134   Section        0  shell.o(i.finsh_set_device)
    i.finsh_set_prompt_mode                  0x080011c8   Section        0  shell.o(i.finsh_set_prompt_mode)
    i.finsh_system_init                      0x080011dc   Section        0  shell.o(i.finsh_system_init)
    i.finsh_thread_entry                     0x08001260   Section        0  shell.o(i.finsh_thread_entry)
    i.hard_fault_track                       0x08001520   Section        0  cpuport.o(i.hard_fault_track)
    hard_fault_track                         0x08001521   Thumb Code    76  cpuport.o(i.hard_fault_track)
    i.hello                                  0x08001598   Section        0  cmd.o(i.hello)
    i.list                                   0x080015b8   Section        0  cmd.o(i.list)
    i.list_sem                               0x0800160c   Section        0  cmd.o(i.list_sem)
    i.list_thread                            0x0800161e   Section        0  cmd.o(i.list_thread)
    i.list_timer                             0x08001630   Section        0  cmd.o(i.list_timer)
    i.main                                   0x08001644   Section        0  main.o(i.main)
    i.main_thread_entry                      0x08001670   Section        0  components.o(i.main_thread_entry)
    i.mem_manage_fault_track                 0x08001680   Section        0  cpuport.o(i.mem_manage_fault_track)
    mem_manage_fault_track                   0x08001681   Thumb Code    98  cpuport.o(i.mem_manage_fault_track)
    i.msh_auto_complete                      0x08001758   Section        0  msh.o(i.msh_auto_complete)
    i.msh_exec                               0x08001804   Section        0  msh.o(i.msh_exec)
    i.msh_help                               0x08001868   Section        0  msh.o(i.msh_help)
    i.msh_is_used                            0x080018d4   Section        0  msh.o(i.msh_is_used)
    i.msh_split                              0x080018d8   Section        0  msh.o(i.msh_split)
    msh_split                                0x080018d9   Thumb Code   172  msh.o(i.msh_split)
    i.object_name_maxlen                     0x080019a8   Section        0  cmd.o(i.object_name_maxlen)
    object_name_maxlen                       0x080019a9   Thumb Code    56  cmd.o(i.object_name_maxlen)
    i.object_split                           0x080019e0   Section        0  cmd.o(i.object_split)
    object_split                             0x080019e1   Thumb Code    18  cmd.o(i.object_split)
    i.plug_holes                             0x080019f8   Section        0  mem.o(i.plug_holes)
    plug_holes                               0x080019f9   Thumb Code    80  mem.o(i.plug_holes)
    i.print_number                           0x08001a4c   Section        0  kservice.o(i.print_number)
    print_number                             0x08001a4d   Thumb Code   300  kservice.o(i.print_number)
    i.rt_application_init                    0x08001b7c   Section        0  components.o(i.rt_application_init)
    i.rt_calloc                              0x08001ba8   Section        0  mem.o(i.rt_calloc)
    i.rt_components_board_init               0x08001bc4   Section        0  components.o(i.rt_components_board_init)
    i.rt_components_init                     0x08001be0   Section        0  components.o(i.rt_components_init)
    i.rt_console_get_device                  0x08001bfc   Section        0  kservice.o(i.rt_console_get_device)
    i.rt_console_set_device                  0x08001c08   Section        0  kservice.o(i.rt_console_set_device)
    i.rt_device_close                        0x08001c30   Section        0  device.o(i.rt_device_close)
    i.rt_device_find                         0x08001c60   Section        0  device.o(i.rt_device_find)
    i.rt_device_open                         0x08001cb4   Section        0  device.o(i.rt_device_open)
    i.rt_device_read                         0x08001d5c   Section        0  device.o(i.rt_device_read)
    i.rt_device_set_rx_indicate              0x08001d80   Section        0  device.o(i.rt_device_set_rx_indicate)
    i.rt_device_write                        0x08001d86   Section        0  device.o(i.rt_device_write)
    i.rt_enter_critical                      0x08001dac   Section        0  scheduler.o(i.rt_enter_critical)
    i.rt_exit_critical                       0x08001dc8   Section        0  scheduler.o(i.rt_exit_critical)
    i.rt_free                                0x08001df8   Section        0  mem.o(i.rt_free)
    i.rt_heap_begin_get                      0x08001ebc   Section        0  board.o(i.rt_heap_begin_get)
    i.rt_heap_end_get                        0x08001ec4   Section        0  board.o(i.rt_heap_end_get)
    i.rt_hw_board_init                       0x08001ecc   Section        0  board.o(i.rt_hw_board_init)
    i.rt_hw_console_output                   0x08001f28   Section        0  kservice.o(i.rt_hw_console_output)
    i.rt_hw_hard_fault_exception             0x08001f2c   Section        0  cpuport.o(i.rt_hw_hard_fault_exception)
    i.rt_hw_stack_init                       0x08002128   Section        0  cpuport.o(i.rt_hw_stack_init)
    i.rt_interrupt_enter                     0x08002160   Section        0  irq.o(i.rt_interrupt_enter)
    i.rt_interrupt_get_nest                  0x0800217c   Section        0  irq.o(i.rt_interrupt_get_nest)
    i.rt_interrupt_leave                     0x08002188   Section        0  irq.o(i.rt_interrupt_leave)
    i.rt_kprintf                             0x080021a4   Section        0  kservice.o(i.rt_kprintf)
    i.rt_list_insert_after                   0x080021ec   Section        0  object.o(i.rt_list_insert_after)
    rt_list_insert_after                     0x080021ed   Thumb Code    14  object.o(i.rt_list_insert_after)
    i.rt_list_insert_after                   0x080021fa   Section        0  thread.o(i.rt_list_insert_after)
    rt_list_insert_after                     0x080021fb   Thumb Code    14  thread.o(i.rt_list_insert_after)
    i.rt_list_insert_after                   0x08002208   Section        0  timer.o(i.rt_list_insert_after)
    rt_list_insert_after                     0x08002209   Thumb Code    14  timer.o(i.rt_list_insert_after)
    i.rt_list_insert_before                  0x08002216   Section        0  ipc.o(i.rt_list_insert_before)
    rt_list_insert_before                    0x08002217   Thumb Code    14  ipc.o(i.rt_list_insert_before)
    i.rt_list_len                            0x08002224   Section        0  cmd.o(i.rt_list_len)
    rt_list_len                              0x08002225   Thumb Code    18  cmd.o(i.rt_list_len)
    i.rt_list_remove                         0x08002236   Section        0  object.o(i.rt_list_remove)
    rt_list_remove                           0x08002237   Thumb Code    18  object.o(i.rt_list_remove)
    i.rt_list_remove                         0x08002248   Section        0  thread.o(i.rt_list_remove)
    rt_list_remove                           0x08002249   Thumb Code    18  thread.o(i.rt_list_remove)
    i.rt_malloc                              0x0800225c   Section        0  mem.o(i.rt_malloc)
    i.rt_memmove                             0x0800234c   Section        0  kservice.o(i.rt_memmove)
    i.rt_memset                              0x08002380   Section        0  kservice.o(i.rt_memset)
    i.rt_object_allocate                     0x080023c6   Section        0  object.o(i.rt_object_allocate)
    i.rt_object_delete                       0x08002416   Section        0  object.o(i.rt_object_delete)
    i.rt_object_detach                       0x0800243c   Section        0  object.o(i.rt_object_detach)
    i.rt_object_get_information              0x0800245c   Section        0  object.o(i.rt_object_get_information)
    i.rt_object_init                         0x08002480   Section        0  object.o(i.rt_object_init)
    i.rt_object_is_systemobject              0x080024bc   Section        0  object.o(i.rt_object_is_systemobject)
    i.rt_schedule                            0x080024cc   Section        0  scheduler.o(i.rt_schedule)
    i.rt_schedule_insert_thread              0x08002524   Section        0  scheduler.o(i.rt_schedule_insert_thread)
    i.rt_schedule_remove_thread              0x08002574   Section        0  scheduler.o(i.rt_schedule_remove_thread)
    i.rt_sem_init                            0x080025bc   Section        0  ipc.o(i.rt_sem_init)
    i.rt_sem_release                         0x080025e0   Section        0  ipc.o(i.rt_sem_release)
    i.rt_sem_take                            0x08002616   Section        0  ipc.o(i.rt_sem_take)
    i.rt_set_errno                           0x080026c4   Section        0  kservice.o(i.rt_set_errno)
    i.rt_show_version                        0x080026e4   Section        0  kservice.o(i.rt_show_version)
    i.rt_strlen                              0x08002794   Section        0  kservice.o(i.rt_strlen)
    i.rt_strncmp                             0x080027a4   Section        0  kservice.o(i.rt_strncmp)
    i.rt_strncpy                             0x080027c4   Section        0  kservice.o(i.rt_strncpy)
    i.rt_system_heap_init                    0x080027ec   Section        0  mem.o(i.rt_system_heap_init)
    i.rt_system_scheduler_init               0x08002898   Section        0  scheduler.o(i.rt_system_scheduler_init)
    i.rt_system_scheduler_start              0x080028cc   Section        0  scheduler.o(i.rt_system_scheduler_start)
    i.rt_system_timer_init                   0x080028f4   Section        0  timer.o(i.rt_system_timer_init)
    i.rt_system_timer_thread_init            0x08002900   Section        0  timer.o(i.rt_system_timer_thread_init)
    i.rt_thread_create                       0x08002902   Section        0  thread.o(i.rt_thread_create)
    i.rt_thread_delay                        0x0800294a   Section        0  thread.o(i.rt_thread_delay)
    i.rt_thread_exit                         0x08002950   Section        0  thread.o(i.rt_thread_exit)
    i.rt_thread_idle_entry                   0x080029a8   Section        0  idle.o(i.rt_thread_idle_entry)
    rt_thread_idle_entry                     0x080029a9   Thumb Code     6  idle.o(i.rt_thread_idle_entry)
    i.rt_thread_idle_excute                  0x080029b0   Section        0  idle.o(i.rt_thread_idle_excute)
    i.rt_thread_idle_init                    0x08002a20   Section        0  idle.o(i.rt_thread_idle_init)
    i.rt_thread_init                         0x08002a58   Section        0  thread.o(i.rt_thread_init)
    i.rt_thread_resume                       0x08002a88   Section        0  thread.o(i.rt_thread_resume)
    i.rt_thread_self                         0x08002ac4   Section        0  thread.o(i.rt_thread_self)
    i.rt_thread_sleep                        0x08002ad0   Section        0  thread.o(i.rt_thread_sleep)
    i.rt_thread_startup                      0x08002b10   Section        0  thread.o(i.rt_thread_startup)
    i.rt_thread_suspend                      0x08002b3c   Section        0  thread.o(i.rt_thread_suspend)
    i.rt_thread_timeout                      0x08002b7e   Section        0  thread.o(i.rt_thread_timeout)
    i.rt_thread_yield                        0x08002ba0   Section        0  thread.o(i.rt_thread_yield)
    i.rt_tick_get                            0x08002c00   Section        0  clock.o(i.rt_tick_get)
    i.rt_tick_increase                       0x08002c0c   Section        0  clock.o(i.rt_tick_increase)
    i.rt_timer_check                         0x08002c38   Section        0  timer.o(i.rt_timer_check)
    i.rt_timer_control                       0x08002ca0   Section        0  timer.o(i.rt_timer_control)
    i.rt_timer_detach                        0x08002cd0   Section        0  timer.o(i.rt_timer_detach)
    i.rt_timer_init                          0x08002cf0   Section        0  timer.o(i.rt_timer_init)
    i.rt_timer_start                         0x08002d18   Section        0  timer.o(i.rt_timer_start)
    i.rt_timer_stop                          0x08002da4   Section        0  timer.o(i.rt_timer_stop)
    i.rt_vsnprintf                           0x08002dd4   Section        0  kservice.o(i.rt_vsnprintf)
    i.rti_board_end                          0x08003048   Section        0  components.o(i.rti_board_end)
    rti_board_end                            0x08003049   Thumb Code     4  components.o(i.rti_board_end)
    i.rti_board_start                        0x0800304c   Section        0  components.o(i.rti_board_start)
    rti_board_start                          0x0800304d   Thumb Code     4  components.o(i.rti_board_start)
    i.rti_end                                0x08003050   Section        0  components.o(i.rti_end)
    rti_end                                  0x08003051   Thumb Code     4  components.o(i.rti_end)
    i.rti_start                              0x08003054   Section        0  components.o(i.rti_start)
    rti_start                                0x08003055   Thumb Code     4  components.o(i.rti_start)
    i.rtthread_startup                       0x08003058   Section        0  components.o(i.rtthread_startup)
    i.skip_atoi                              0x08003082   Section        0  kservice.o(i.skip_atoi)
    skip_atoi                                0x08003083   Thumb Code    40  kservice.o(i.skip_atoi)
    i.usage_fault_track                      0x080030ac   Section        0  cpuport.o(i.usage_fault_track)
    usage_fault_track                        0x080030ad   Thumb Code   100  cpuport.o(i.usage_fault_track)
    i.version                                0x0800317c   Section        0  cmd.o(i.version)
    .constdata                               0x08003186   Section       16  system_stm32f1xx.o(.constdata)
    .constdata                               0x08003196   Section      290  kservice.o(.constdata)
    small_digits                             0x08003296   Data          17  kservice.o(.constdata)
    large_digits                             0x080032a7   Data          17  kservice.o(.constdata)
    .conststring                             0x080032b8   Section       57  symbol.o(.conststring)
    .conststring                             0x080032f4   Section       68  cmd.o(.conststring)
    .rti_fn.0                                0x08003338   Section        4  components.o(.rti_fn.0)
    __tagsym$$used                           0x08003338   Number         0  components.o(.rti_fn.0)
    .rti_fn.0.end                            0x0800333c   Section        4  components.o(.rti_fn.0.end)
    __tagsym$$used                           0x0800333c   Number         0  components.o(.rti_fn.0.end)
    .rti_fn.1.end                            0x08003340   Section        4  components.o(.rti_fn.1.end)
    __tagsym$$used                           0x08003340   Number         0  components.o(.rti_fn.1.end)
    .rti_fn.6                                0x08003344   Section        4  shell.o(.rti_fn.6)
    __tagsym$$used                           0x08003344   Number         0  shell.o(.rti_fn.6)
    .rti_fn.6.end                            0x08003348   Section        4  components.o(.rti_fn.6.end)
    __tagsym$$used                           0x08003348   Number         0  components.o(.rti_fn.6.end)
    .data                                    0x20000000   Section       12  stm32f1xx_hal.o(.data)
    .data                                    0x2000000c   Section        4  system_stm32f1xx.o(.data)
    .data                                    0x20000010   Section        8  shell.o(.data)
    finsh_prompt_custom                      0x20000010   Data           4  shell.o(.data)
    .data                                    0x20000018   Section       48  symbol.o(.data)
    .data                                    0x20000048   Section        4  symbol.o(.data)
    .data                                    0x2000004c   Section        4  symbol.o(.data)
    .data                                    0x20000050   Section        4  clock.o(.data)
    rt_tick                                  0x20000050   Data           4  clock.o(.data)
    .data                                    0x20000054   Section        1  irq.o(.data)
    .data                                    0x20000058   Section        8  kservice.o(.data)
    _console_device                          0x20000058   Data           4  kservice.o(.data)
    __rt_errno                               0x2000005c   Data           4  kservice.o(.data)
    .data                                    0x20000060   Section       24  mem.o(.data)
    heap_ptr                                 0x20000060   Data           4  mem.o(.data)
    heap_end                                 0x20000064   Data           4  mem.o(.data)
    lfree                                    0x20000068   Data           4  mem.o(.data)
    mem_size_aligned                         0x2000006c   Data           4  mem.o(.data)
    used_mem                                 0x20000070   Data           4  mem.o(.data)
    max_mem                                  0x20000074   Data           4  mem.o(.data)
    .data                                    0x20000078   Section       64  object.o(.data)
    rt_object_container                      0x20000078   Data          64  object.o(.data)
    .data                                    0x200000b8   Section       20  scheduler.o(.data)
    rt_scheduler_lock_nest                   0x200000ba   Data           2  scheduler.o(.data)
    .data                                    0x200000cc   Section       12  timer.o(.data)
    random_nr                                0x200000cc   Data           4  timer.o(.data)
    rt_timer_list                            0x200000d0   Data           8  timer.o(.data)
    .data                                    0x200000d8   Section        4  cpuport.o(.data)
    rt_exception_hook                        0x200000d8   Data           4  cpuport.o(.data)
    .data                                    0x200000dc   Section        4  cpuport.o(.data)
    .data                                    0x200000e0   Section        4  cpuport.o(.data)
    .data                                    0x200000e4   Section        4  cpuport.o(.data)
    .bss                                     0x200000e8   Section      129  shell.o(.bss)
    finsh_prompt                             0x200000e8   Data         129  shell.o(.bss)
    .bss                                     0x2000016c   Section     6144  board.o(.bss)
    rt_heap                                  0x2000016c   Data        6144  board.o(.bss)
    .bss                                     0x2000196c   Section      376  idle.o(.bss)
    idle                                     0x2000196c   Data         120  idle.o(.bss)
    rt_thread_stack                          0x200019e4   Data         256  idle.o(.bss)
    .bss                                     0x20001ae4   Section      128  kservice.o(.bss)
    rt_log_buf                               0x20001ae4   Data         128  kservice.o(.bss)
    .bss                                     0x20001b64   Section       32  mem.o(.bss)
    heap_sem                                 0x20001b64   Data          32  mem.o(.bss)
    .bss                                     0x20001b84   Section      256  scheduler.o(.bss)
    STACK                                    0x20001c88   Section     1024  startup_stm32f103xe.o(STACK)

    Global Symbols

    Symbol Name                              Value     Ov Type        Size  Object(Section)

    BuildAttributes$$THM_ISAv4$P$D$K$B$S$PE$A:L22UL41UL21$X:L11$S22US41US21$IEEE1$IW$USESV6$~STKCKD$USESV7$~SHL$OSPACE$EBA8$MICROLIB$REQ8$PRES8$EABIv2 0x00000000   Number         0  anon$$obj.o ABSOLUTE
    __ARM_use_no_argv                        0x00000000   Number         0  main.o ABSOLUTE
    __cpp_initialize__aeabi_                  - Undefined Weak Reference
    __cxa_finalize                            - Undefined Weak Reference
    __decompress                              - Undefined Weak Reference
    _clock_init                               - Undefined Weak Reference
    _microlib_exit                            - Undefined Weak Reference
    __Vectors_Size                           0x00000130   Number         0  startup_stm32f103xe.o ABSOLUTE
    __Vectors                                0x08000000   Data           4  startup_stm32f103xe.o(RESET)
    __Vectors_End                            0x08000130   Data           0  startup_stm32f103xe.o(RESET)
    __main                                   0x08000131   Thumb Code     0  entry.o(.ARM.Collect$$$$00000000)
    _main_stk                                0x08000131   Thumb Code     0  entry2.o(.ARM.Collect$$$$00000001)
    _main_scatterload                        0x08000135   Thumb Code     0  entry5.o(.ARM.Collect$$$$00000004)
    __main_after_scatterload                 0x08000139   Thumb Code     0  entry5.o(.ARM.Collect$$$$00000004)
    _main_clock                              0x08000139   Thumb Code     0  entry7b.o(.ARM.Collect$$$$00000008)
    _main_cpp_init                           0x08000139   Thumb Code     0  entry8b.o(.ARM.Collect$$$$0000000A)
    _main_init                               0x08000139   Thumb Code     0  entry9a.o(.ARM.Collect$$$$0000000B)
    __rt_final_cpp                           0x08000141   Thumb Code     0  entry10a.o(.ARM.Collect$$$$0000000D)
    __rt_final_exit                          0x08000141   Thumb Code     0  entry11a.o(.ARM.Collect$$$$0000000F)
    Reset_Handler                            0x08000145   Thumb Code     8  startup_stm32f103xe.o(.text)
    ADC1_2_IRQHandler                        0x0800015f   Thumb Code     0  startup_stm32f103xe.o(.text)
    ADC3_IRQHandler                          0x0800015f   Thumb Code     0  startup_stm32f103xe.o(.text)
    CAN1_RX1_IRQHandler                      0x0800015f   Thumb Code     0  startup_stm32f103xe.o(.text)
    CAN1_SCE_IRQHandler                      0x0800015f   Thumb Code     0  startup_stm32f103xe.o(.text)
    DMA1_Channel1_IRQHandler                 0x0800015f   Thumb Code     0  startup_stm32f103xe.o(.text)
    DMA1_Channel2_IRQHandler                 0x0800015f   Thumb Code     0  startup_stm32f103xe.o(.text)
    DMA1_Channel3_IRQHandler                 0x0800015f   Thumb Code     0  startup_stm32f103xe.o(.text)
    DMA1_Channel4_IRQHandler                 0x0800015f   Thumb Code     0  startup_stm32f103xe.o(.text)
    DMA1_Channel5_IRQHandler                 0x0800015f   Thumb Code     0  startup_stm32f103xe.o(.text)
    DMA1_Channel6_IRQHandler                 0x0800015f   Thumb Code     0  startup_stm32f103xe.o(.text)
    DMA1_Channel7_IRQHandler                 0x0800015f   Thumb Code     0  startup_stm32f103xe.o(.text)
    DMA2_Channel1_IRQHandler                 0x0800015f   Thumb Code     0  startup_stm32f103xe.o(.text)
    DMA2_Channel2_IRQHandler                 0x0800015f   Thumb Code     0  startup_stm32f103xe.o(.text)
    DMA2_Channel3_IRQHandler                 0x0800015f   Thumb Code     0  startup_stm32f103xe.o(.text)
    DMA2_Channel4_5_IRQHandler               0x0800015f   Thumb Code     0  startup_stm32f103xe.o(.text)
    EXTI0_IRQHandler                         0x0800015f   Thumb Code     0  startup_stm32f103xe.o(.text)
    EXTI15_10_IRQHandler                     0x0800015f   Thumb Code     0  startup_stm32f103xe.o(.text)
    EXTI1_IRQHandler                         0x0800015f   Thumb Code     0  startup_stm32f103xe.o(.text)
    EXTI2_IRQHandler                         0x0800015f   Thumb Code     0  startup_stm32f103xe.o(.text)
    EXTI3_IRQHandler                         0x0800015f   Thumb Code     0  startup_stm32f103xe.o(.text)
    EXTI4_IRQHandler                         0x0800015f   Thumb Code     0  startup_stm32f103xe.o(.text)
    EXTI9_5_IRQHandler                       0x0800015f   Thumb Code     0  startup_stm32f103xe.o(.text)
    FLASH_IRQHandler                         0x0800015f   Thumb Code     0  startup_stm32f103xe.o(.text)
    FSMC_IRQHandler                          0x0800015f   Thumb Code     0  startup_stm32f103xe.o(.text)
    I2C1_ER_IRQHandler                       0x0800015f   Thumb Code     0  startup_stm32f103xe.o(.text)
    I2C1_EV_IRQHandler                       0x0800015f   Thumb Code     0  startup_stm32f103xe.o(.text)
    I2C2_ER_IRQHandler                       0x0800015f   Thumb Code     0  startup_stm32f103xe.o(.text)
    I2C2_EV_IRQHandler                       0x0800015f   Thumb Code     0  startup_stm32f103xe.o(.text)
    PVD_IRQHandler                           0x0800015f   Thumb Code     0  startup_stm32f103xe.o(.text)
    RCC_IRQHandler                           0x0800015f   Thumb Code     0  startup_stm32f103xe.o(.text)
    RTC_Alarm_IRQHandler                     0x0800015f   Thumb Code     0  startup_stm32f103xe.o(.text)
    RTC_IRQHandler                           0x0800015f   Thumb Code     0  startup_stm32f103xe.o(.text)
    SDIO_IRQHandler                          0x0800015f   Thumb Code     0  startup_stm32f103xe.o(.text)
    SPI1_IRQHandler                          0x0800015f   Thumb Code     0  startup_stm32f103xe.o(.text)
    SPI2_IRQHandler                          0x0800015f   Thumb Code     0  startup_stm32f103xe.o(.text)
    SPI3_IRQHandler                          0x0800015f   Thumb Code     0  startup_stm32f103xe.o(.text)
    TAMPER_IRQHandler                        0x0800015f   Thumb Code     0  startup_stm32f103xe.o(.text)
    TIM1_BRK_IRQHandler                      0x0800015f   Thumb Code     0  startup_stm32f103xe.o(.text)
    TIM1_CC_IRQHandler                       0x0800015f   Thumb Code     0  startup_stm32f103xe.o(.text)
    TIM1_TRG_COM_IRQHandler                  0x0800015f   Thumb Code     0  startup_stm32f103xe.o(.text)
    TIM1_UP_IRQHandler                       0x0800015f   Thumb Code     0  startup_stm32f103xe.o(.text)
    TIM2_IRQHandler                          0x0800015f   Thumb Code     0  startup_stm32f103xe.o(.text)
    TIM3_IRQHandler                          0x0800015f   Thumb Code     0  startup_stm32f103xe.o(.text)
    TIM4_IRQHandler                          0x0800015f   Thumb Code     0  startup_stm32f103xe.o(.text)
    TIM5_IRQHandler                          0x0800015f   Thumb Code     0  startup_stm32f103xe.o(.text)
    TIM6_IRQHandler                          0x0800015f   Thumb Code     0  startup_stm32f103xe.o(.text)
    TIM7_IRQHandler                          0x0800015f   Thumb Code     0  startup_stm32f103xe.o(.text)
    TIM8_BRK_IRQHandler                      0x0800015f   Thumb Code     0  startup_stm32f103xe.o(.text)
    TIM8_CC_IRQHandler                       0x0800015f   Thumb Code     0  startup_stm32f103xe.o(.text)
    TIM8_TRG_COM_IRQHandler                  0x0800015f   Thumb Code     0  startup_stm32f103xe.o(.text)
    TIM8_UP_IRQHandler                       0x0800015f   Thumb Code     0  startup_stm32f103xe.o(.text)
    UART4_IRQHandler                         0x0800015f   Thumb Code     0  startup_stm32f103xe.o(.text)
    UART5_IRQHandler                         0x0800015f   Thumb Code     0  startup_stm32f103xe.o(.text)
    USART1_IRQHandler                        0x0800015f   Thumb Code     0  startup_stm32f103xe.o(.text)
    USART2_IRQHandler                        0x0800015f   Thumb Code     0  startup_stm32f103xe.o(.text)
    USART3_IRQHandler                        0x0800015f   Thumb Code     0  startup_stm32f103xe.o(.text)
    USBWakeUp_IRQHandler                     0x0800015f   Thumb Code     0  startup_stm32f103xe.o(.text)
    USB_HP_CAN1_TX_IRQHandler                0x0800015f   Thumb Code     0  startup_stm32f103xe.o(.text)
    USB_LP_CAN1_RX0_IRQHandler               0x0800015f   Thumb Code     0  startup_stm32f103xe.o(.text)
    WWDG_IRQHandler                          0x0800015f   Thumb Code     0  startup_stm32f103xe.o(.text)
    rt_hw_interrupt_disable                  0x08000169   Thumb Code     8  context_rvds.o(.text)
    rt_hw_interrupt_enable                   0x08000171   Thumb Code     6  context_rvds.o(.text)
    rt_hw_context_switch                     0x08000177   Thumb Code    32  context_rvds.o(.text)
    rt_hw_context_switch_interrupt           0x08000177   Thumb Code     0  context_rvds.o(.text)
    PendSV_Handler                           0x08000197   Thumb Code    60  context_rvds.o(.text)
    rt_hw_context_switch_to                  0x080001d3   Thumb Code    58  context_rvds.o(.text)
    rt_hw_interrupt_thread_switch            0x0800020d   Thumb Code     2  context_rvds.o(.text)
    HardFault_Handler                        0x0800020f   Thumb Code    52  context_rvds.o(.text)
    __aeabi_memset                           0x0800025d   Thumb Code    14  memseta.o(.text)
    __aeabi_memset4                          0x0800025d   Thumb Code     0  memseta.o(.text)
    __aeabi_memset8                          0x0800025d   Thumb Code     0  memseta.o(.text)
    __aeabi_memclr                           0x0800026b   Thumb Code     4  memseta.o(.text)
    __aeabi_memclr4                          0x0800026b   Thumb Code     0  memseta.o(.text)
    __aeabi_memclr8                          0x0800026b   Thumb Code     0  memseta.o(.text)
    _memset$wrapper                          0x0800026f   Thumb Code    18  memseta.o(.text)
    strcat                                   0x08000281   Thumb Code    24  strcat.o(.text)
    strncpy                                  0x08000299   Thumb Code    24  strncpy.o(.text)
    strlen                                   0x080002b1   Thumb Code    14  strlen.o(.text)
    strcpy                                   0x080002bf   Thumb Code    18  strcpy.o(.text)
    strncmp                                  0x080002d1   Thumb Code    30  strncmp.o(.text)
    __scatterload                            0x080002f1   Thumb Code    28  init.o(.text)
    __scatterload_rt2                        0x080002f1   Thumb Code     0  init.o(.text)
    main                                     0x08000315   Thumb Code    14  components.o(i.$Sub$$main)
    BusFault_Handler                         0x08000323   Thumb Code     2  stm32f1xx_it.o(i.BusFault_Handler)
    DebugMon_Handler                         0x08000325   Thumb Code     2  stm32f1xx_it.o(i.DebugMon_Handler)
    HAL_GPIO_WritePin                        0x08000327   Thumb Code    10  stm32f1xx_hal_gpio.o(i.HAL_GPIO_WritePin)
    HAL_GetTick                              0x08000331   Thumb Code     6  stm32f1xx_hal.o(i.HAL_GetTick)
    HAL_Init                                 0x0800033d   Thumb Code    32  stm32f1xx_hal.o(i.HAL_Init)
    HAL_InitTick                             0x08000361   Thumb Code    54  stm32f1xx_hal.o(i.HAL_InitTick)
    HAL_MspInit                              0x080003a1   Thumb Code    52  stm32f1xx_hal_msp.o(i.HAL_MspInit)
    HAL_NVIC_SetPriority                     0x080003dd   Thumb Code    60  stm32f1xx_hal_cortex.o(i.HAL_NVIC_SetPriority)
    HAL_NVIC_SetPriorityGrouping             0x0800041d   Thumb Code    26  stm32f1xx_hal_cortex.o(i.HAL_NVIC_SetPriorityGrouping)
    HAL_RCC_ClockConfig                      0x08000441   Thumb Code   346  stm32f1xx_hal_rcc.o(i.HAL_RCC_ClockConfig)
    HAL_RCC_GetSysClockFreq                  0x080005ad   Thumb Code    74  stm32f1xx_hal_rcc.o(i.HAL_RCC_GetSysClockFreq)
    HAL_RCC_OscConfig                        0x08000619   Thumb Code   750  stm32f1xx_hal_rcc.o(i.HAL_RCC_OscConfig)
    HAL_SYSTICK_Config                       0x0800091d   Thumb Code    40  stm32f1xx_hal_cortex.o(i.HAL_SYSTICK_Config)
    Led_Initialize                           0x08000945   Thumb Code    10  led.o(i.Led_Initialize)
    Led_Task                                 0x08000955   Thumb Code     2  led.o(i.Led_Task)
    MX_RT_Thread_Init                        0x08000957   Thumb Code     4  app_rtthread.o(i.MX_RT_Thread_Init)
    MX_RT_Thread_Process                     0x0800095b   Thumb Code    16  app_rtthread.o(i.MX_RT_Thread_Process)
    MemManage_Handler                        0x0800096b   Thumb Code     2  stm32f1xx_it.o(i.MemManage_Handler)
    NMI_Handler                              0x0800096d   Thumb Code     2  stm32f1xx_it.o(i.NMI_Handler)
    SVC_Handler                              0x0800098f   Thumb Code     2  stm32f1xx_it.o(i.SVC_Handler)
    SysTick_Handler                          0x08000991   Thumb Code    18  board.o(i.SysTick_Handler)
    SystemClock_Config                       0x080009a3   Thumb Code    76  main.o(i.SystemClock_Config)
    SystemCoreClockUpdate                    0x080009f1   Thumb Code    82  system_stm32f1xx.o(i.SystemCoreClockUpdate)
    SystemInit                               0x08000a59   Thumb Code    56  system_stm32f1xx.o(i.SystemInit)
    UsageFault_Handler                       0x08000aa1   Thumb Code     2  stm32f1xx_it.o(i.UsageFault_Handler)
    __rt_ffs                                 0x08000aa5   Thumb Code    62  kservice.o(i.__rt_ffs)
    __scatterload_copy                       0x08000ae9   Thumb Code    14  handlers.o(i.__scatterload_copy)
    __scatterload_null                       0x08000af7   Thumb Code     2  handlers.o(i.__scatterload_null)
    __scatterload_zeroinit                   0x08000af9   Thumb Code    14  handlers.o(i.__scatterload_zeroinit)
    finsh_get_prompt                         0x080010c1   Thumb Code    66  shell.o(i.finsh_get_prompt)
    finsh_set_device                         0x08001135   Thumb Code   106  shell.o(i.finsh_set_device)
    finsh_set_prompt_mode                    0x080011c9   Thumb Code    16  shell.o(i.finsh_set_prompt_mode)
    finsh_system_init                        0x080011dd   Thumb Code    82  shell.o(i.finsh_system_init)
    finsh_thread_entry                       0x08001261   Thumb Code   664  shell.o(i.finsh_thread_entry)
    hello                                    0x08001599   Thumb Code    12  cmd.o(i.hello)
    list                                     0x080015b9   Thumb Code    48  cmd.o(i.list)
    list_sem                                 0x0800160d   Thumb Code    18  cmd.o(i.list_sem)
    list_thread                              0x0800161f   Thumb Code    18  cmd.o(i.list_thread)
    list_timer                               0x08001631   Thumb Code    18  cmd.o(i.list_timer)
    $Super$$main                             0x08001645   Thumb Code    38  main.o(i.main)
    main_thread_entry                        0x08001671   Thumb Code    14  components.o(i.main_thread_entry)
    msh_auto_complete                        0x08001759   Thumb Code   150  msh.o(i.msh_auto_complete)
    msh_exec                                 0x08001805   Thumb Code    74  msh.o(i.msh_exec)
    msh_help                                 0x08001869   Thumb Code    56  msh.o(i.msh_help)
    msh_is_used                              0x080018d5   Thumb Code     4  msh.o(i.msh_is_used)
    rt_application_init                      0x08001b7d   Thumb Code    32  components.o(i.rt_application_init)
    rt_calloc                                0x08001ba9   Thumb Code    26  mem.o(i.rt_calloc)
    rt_components_board_init                 0x08001bc5   Thumb Code    20  components.o(i.rt_components_board_init)
    rt_components_init                       0x08001be1   Thumb Code    20  components.o(i.rt_components_init)
    rt_console_get_device                    0x08001bfd   Thumb Code     6  kservice.o(i.rt_console_get_device)
    rt_console_set_device                    0x08001c09   Thumb Code    36  kservice.o(i.rt_console_set_device)
    rt_device_close                          0x08001c31   Thumb Code    48  device.o(i.rt_device_close)
    rt_device_find                           0x08001c61   Thumb Code    84  device.o(i.rt_device_find)
    rt_device_open                           0x08001cb5   Thumb Code   110  device.o(i.rt_device_open)
    rt_device_read                           0x08001d5d   Thumb Code    36  device.o(i.rt_device_read)
    rt_device_set_rx_indicate                0x08001d81   Thumb Code     6  device.o(i.rt_device_set_rx_indicate)
    rt_device_write                          0x08001d87   Thumb Code    36  device.o(i.rt_device_write)
    rt_enter_critical                        0x08001dad   Thumb Code    22  scheduler.o(i.rt_enter_critical)
    rt_exit_critical                         0x08001dc9   Thumb Code    44  scheduler.o(i.rt_exit_critical)
    rt_free                                  0x08001df9   Thumb Code   112  mem.o(i.rt_free)
    rt_heap_begin_get                        0x08001ebd   Thumb Code     4  board.o(i.rt_heap_begin_get)
    rt_heap_end_get                          0x08001ec5   Thumb Code     4  board.o(i.rt_heap_end_get)
    rt_hw_board_init                         0x08001ecd   Thumb Code    76  board.o(i.rt_hw_board_init)
    rt_hw_console_output                     0x08001f29   Thumb Code     2  kservice.o(i.rt_hw_console_output)
    rt_hw_hard_fault_exception               0x08001f2d   Thumb Code   186  cpuport.o(i.rt_hw_hard_fault_exception)
    rt_hw_stack_init                         0x08002129   Thumb Code    52  cpuport.o(i.rt_hw_stack_init)
    rt_interrupt_enter                       0x08002161   Thumb Code    22  irq.o(i.rt_interrupt_enter)
    rt_interrupt_get_nest                    0x0800217d   Thumb Code     6  irq.o(i.rt_interrupt_get_nest)
    rt_interrupt_leave                       0x08002189   Thumb Code    22  irq.o(i.rt_interrupt_leave)
    rt_kprintf                               0x080021a5   Thumb Code    64  kservice.o(i.rt_kprintf)
    rt_malloc                                0x0800225d   Thumb Code   232  mem.o(i.rt_malloc)
    rt_memmove                               0x0800234d   Thumb Code    50  kservice.o(i.rt_memmove)
    rt_memset                                0x08002381   Thumb Code    70  kservice.o(i.rt_memset)
    rt_object_allocate                       0x080023c7   Thumb Code    80  object.o(i.rt_object_allocate)
    rt_object_delete                         0x08002417   Thumb Code    38  object.o(i.rt_object_delete)
    rt_object_detach                         0x0800243d   Thumb Code    32  object.o(i.rt_object_detach)
    rt_object_get_information                0x0800245d   Thumb Code    30  object.o(i.rt_object_get_information)
    rt_object_init                           0x08002481   Thumb Code    60  object.o(i.rt_object_init)
    rt_object_is_systemobject                0x080024bd   Thumb Code    14  object.o(i.rt_object_is_systemobject)
    rt_schedule                              0x080024cd   Thumb Code    76  scheduler.o(i.rt_schedule)
    rt_schedule_insert_thread                0x08002525   Thumb Code    70  scheduler.o(i.rt_schedule_insert_thread)
    rt_schedule_remove_thread                0x08002575   Thumb Code    64  scheduler.o(i.rt_schedule_remove_thread)
    rt_sem_init                              0x080025bd   Thumb Code    36  ipc.o(i.rt_sem_init)
    rt_sem_release                           0x080025e1   Thumb Code    54  ipc.o(i.rt_sem_release)
    rt_sem_take                              0x08002617   Thumb Code   174  ipc.o(i.rt_sem_take)
    rt_set_errno                             0x080026c5   Thumb Code    26  kservice.o(i.rt_set_errno)
    rt_show_version                          0x080026e5   Thumb Code    40  kservice.o(i.rt_show_version)
    rt_strlen                                0x08002795   Thumb Code    16  kservice.o(i.rt_strlen)
    rt_strncmp                               0x080027a5   Thumb Code    32  kservice.o(i.rt_strncmp)
    rt_strncpy                               0x080027c5   Thumb Code    38  kservice.o(i.rt_strncpy)
    rt_system_heap_init                      0x080027ed   Thumb Code    96  mem.o(i.rt_system_heap_init)
    rt_system_scheduler_init                 0x08002899   Thumb Code    44  scheduler.o(i.rt_system_scheduler_init)
    rt_system_scheduler_start                0x080028cd   Thumb Code    32  scheduler.o(i.rt_system_scheduler_start)
    rt_system_timer_init                     0x080028f5   Thumb Code     8  timer.o(i.rt_system_timer_init)
    rt_system_timer_thread_init              0x08002901   Thumb Code     2  timer.o(i.rt_system_timer_thread_init)
    rt_thread_create                         0x08002903   Thumb Code    72  thread.o(i.rt_thread_create)
    rt_thread_delay                          0x0800294b   Thumb Code     4  thread.o(i.rt_thread_delay)
    rt_thread_exit                           0x08002951   Thumb Code    78  thread.o(i.rt_thread_exit)
    rt_thread_idle_excute                    0x080029b1   Thumb Code   108  idle.o(i.rt_thread_idle_excute)
    rt_thread_idle_init                      0x08002a21   Thumb Code    40  idle.o(i.rt_thread_idle_init)
    rt_thread_init                           0x08002a59   Thumb Code    48  thread.o(i.rt_thread_init)
    rt_thread_resume                         0x08002a89   Thumb Code    60  thread.o(i.rt_thread_resume)
    rt_thread_self                           0x08002ac5   Thumb Code     6  thread.o(i.rt_thread_self)
    rt_thread_sleep                          0x08002ad1   Thumb Code    60  thread.o(i.rt_thread_sleep)
    rt_thread_startup                        0x08002b11   Thumb Code    40  thread.o(i.rt_thread_startup)
    rt_thread_suspend                        0x08002b3d   Thumb Code    66  thread.o(i.rt_thread_suspend)
    rt_thread_timeout                        0x08002b7f   Thumb Code    32  thread.o(i.rt_thread_timeout)
    rt_thread_yield                          0x08002ba1   Thumb Code    86  thread.o(i.rt_thread_yield)
    rt_tick_get                              0x08002c01   Thumb Code     6  clock.o(i.rt_tick_get)
    rt_tick_increase                         0x08002c0d   Thumb Code    38  clock.o(i.rt_tick_increase)
    rt_timer_check                           0x08002c39   Thumb Code    98  timer.o(i.rt_timer_check)
    rt_timer_control                         0x08002ca1   Thumb Code    48  timer.o(i.rt_timer_control)
    rt_timer_detach                          0x08002cd1   Thumb Code    32  timer.o(i.rt_timer_detach)
    rt_timer_init                            0x08002cf1   Thumb Code    40  timer.o(i.rt_timer_init)
    rt_timer_start                           0x08002d19   Thumb Code   136  timer.o(i.rt_timer_start)
    rt_timer_stop                            0x08002da5   Thumb Code    46  timer.o(i.rt_timer_stop)
    rt_vsnprintf                             0x08002dd5   Thumb Code   618  kservice.o(i.rt_vsnprintf)
    rtthread_startup                         0x08003059   Thumb Code    42  components.o(i.rtthread_startup)
    version                                  0x0800317d   Thumb Code    10  cmd.o(i.version)
    AHBPrescTable                            0x08003186   Data          16  system_stm32f1xx.o(.constdata)
    __lowest_bit_bitmap                      0x08003196   Data         256  kservice.o(.constdata)
    __rt_init_rti_start                      0x08003338   Data           4  components.o(.rti_fn.0)
    __rt_init_rti_board_start                0x0800333c   Data           4  components.o(.rti_fn.0.end)
    __rt_init_rti_board_end                  0x08003340   Data           4  components.o(.rti_fn.1.end)
    __rt_init_finsh_system_init              0x08003344   Data           4  shell.o(.rti_fn.6)
    __rt_init_rti_end                        0x08003348   Data           4  components.o(.rti_fn.6.end)
    Region$$Table$$Base                      0x0800334c   Number         0  anon$$obj.o(Region$$Table)
    Region$$Table$$Limit                     0x0800336c   Number         0  anon$$obj.o(Region$$Table)
    uwTickFreq                               0x20000000   Data           1  stm32f1xx_hal.o(.data)
    uwTickPrio                               0x20000004   Data           4  stm32f1xx_hal.o(.data)
    uwTick                                   0x20000008   Data           4  stm32f1xx_hal.o(.data)
    SystemCoreClock                          0x2000000c   Data           4  system_stm32f1xx.o(.data)
    shell                                    0x20000014   Data           4  shell.o(.data)
    _syscall_table                           0x20000018   Data          48  symbol.o(.data)
    _syscall_table_begin                     0x20000048   Data           4  symbol.o(.data)
    _syscall_table_end                       0x2000004c   Data           4  symbol.o(.data)
    rt_interrupt_nest                        0x20000054   Data           1  irq.o(.data)
    rt_current_priority                      0x200000b8   Data           1  scheduler.o(.data)
    rt_current_thread                        0x200000bc   Data           4  scheduler.o(.data)
    rt_thread_ready_priority_group           0x200000c0   Data           4  scheduler.o(.data)
    rt_thread_defunct                        0x200000c4   Data           8  scheduler.o(.data)
    rt_interrupt_from_thread                 0x200000dc   Data           4  cpuport.o(.data)
    rt_interrupt_to_thread                   0x200000e0   Data           4  cpuport.o(.data)
    rt_thread_switch_interrupt_flag          0x200000e4   Data           4  cpuport.o(.data)
    rt_thread_priority_table                 0x20001b84   Data         256  scheduler.o(.bss)
    __initial_sp                             0x20002088   Data           0  startup_stm32f103xe.o(STACK)



==============================================================================

Memory Map of the image

  Image Entry point : 0x08000131

  Load Region LR_IROM1 (Base: 0x08000000, Size: 0x00003454, Max: 0x00080000, ABSOLUTE)

    Execution Region ER_IROM1 (Exec base: 0x08000000, Load base: 0x08000000, Size: 0x0000336c, Max: 0x00080000, ABSOLUTE)

    Exec Addr    Load Addr    Size         Type   Attr      Idx    E Section Name        Object

    0x08000000   0x08000000   0x00000130   Data   RO            3    RESET               startup_stm32f103xe.o
    0x08000130   0x08000130   0x00000000   Code   RO         2756  * .ARM.Collect$$$$00000000  mc_w.l(entry.o)
    0x08000130   0x08000130   0x00000004   Code   RO         2777    .ARM.Collect$$$$00000001  mc_w.l(entry2.o)
    0x08000134   0x08000134   0x00000004   Code   RO         2780    .ARM.Collect$$$$00000004  mc_w.l(entry5.o)
    0x08000138   0x08000138   0x00000000   Code   RO         2782    .ARM.Collect$$$$00000008  mc_w.l(entry7b.o)
    0x08000138   0x08000138   0x00000000   Code   RO         2784    .ARM.Collect$$$$0000000A  mc_w.l(entry8b.o)
    0x08000138   0x08000138   0x00000008   Code   RO         2785    .ARM.Collect$$$$0000000B  mc_w.l(entry9a.o)
    0x08000140   0x08000140   0x00000000   Code   RO         2787    .ARM.Collect$$$$0000000D  mc_w.l(entry10a.o)
    0x08000140   0x08000140   0x00000000   Code   RO         2789    .ARM.Collect$$$$0000000F  mc_w.l(entry11a.o)
    0x08000140   0x08000140   0x00000004   Code   RO         2778    .ARM.Collect$$$$00002712  mc_w.l(entry2.o)
    0x08000144   0x08000144   0x00000024   Code   RO            4    .text               startup_stm32f103xe.o
    0x08000168   0x08000168   0x000000f4   Code   RO         1703    .text               context_rvds.o
    0x0800025c   0x0800025c   0x00000024   Code   RO         2763    .text               mc_w.l(memseta.o)
    0x08000280   0x08000280   0x00000018   Code   RO         2765    .text               mc_w.l(strcat.o)
    0x08000298   0x08000298   0x00000018   Code   RO         2767    .text               mc_w.l(strncpy.o)
    0x080002b0   0x080002b0   0x0000000e   Code   RO         2769    .text               mc_w.l(strlen.o)
    0x080002be   0x080002be   0x00000012   Code   RO         2771    .text               mc_w.l(strcpy.o)
    0x080002d0   0x080002d0   0x0000001e   Code   RO         2773    .text               mc_w.l(strncmp.o)
    0x080002ee   0x080002ee   0x00000002   PAD
    0x080002f0   0x080002f0   0x00000024   Code   RO         2791    .text               mc_w.l(init.o)
    0x08000314   0x08000314   0x0000000e   Code   RO         1778    i.$Sub$$main        components.o
    0x08000322   0x08000322   0x00000002   Code   RO          237    i.BusFault_Handler  stm32f1xx_it.o
    0x08000324   0x08000324   0x00000002   Code   RO          238    i.DebugMon_Handler  stm32f1xx_it.o
    0x08000326   0x08000326   0x0000000a   Code   RO          701    i.HAL_GPIO_WritePin  stm32f1xx_hal_gpio.o
    0x08000330   0x08000330   0x0000000c   Code   RO          405    i.HAL_GetTick       stm32f1xx_hal.o
    0x0800033c   0x0800033c   0x00000024   Code   RO          410    i.HAL_Init          stm32f1xx_hal.o
    0x08000360   0x08000360   0x00000040   Code   RO          411    i.HAL_InitTick      stm32f1xx_hal.o
    0x080003a0   0x080003a0   0x0000003c   Code   RO          298    i.HAL_MspInit       stm32f1xx_hal_msp.o
    0x080003dc   0x080003dc   0x00000040   Code   RO          863    i.HAL_NVIC_SetPriority  stm32f1xx_hal_cortex.o
    0x0800041c   0x0800041c   0x00000024   Code   RO          864    i.HAL_NVIC_SetPriorityGrouping  stm32f1xx_hal_cortex.o
    0x08000440   0x08000440   0x0000016c   Code   RO          557    i.HAL_RCC_ClockConfig  stm32f1xx_hal_rcc.o
    0x080005ac   0x080005ac   0x0000006c   Code   RO          566    i.HAL_RCC_GetSysClockFreq  stm32f1xx_hal_rcc.o
    0x08000618   0x08000618   0x00000304   Code   RO          569    i.HAL_RCC_OscConfig  stm32f1xx_hal_rcc.o
    0x0800091c   0x0800091c   0x00000028   Code   RO          868    i.HAL_SYSTICK_Config  stm32f1xx_hal_cortex.o
    0x08000944   0x08000944   0x00000010   Code   RO         2723    i.Led_Initialize    led.o
    0x08000954   0x08000954   0x00000002   Code   RO         2724    i.Led_Task          led.o
    0x08000956   0x08000956   0x00000004   Code   RO          187    i.MX_RT_Thread_Init  app_rtthread.o
    0x0800095a   0x0800095a   0x00000010   Code   RO          188    i.MX_RT_Thread_Process  app_rtthread.o
    0x0800096a   0x0800096a   0x00000002   Code   RO          239    i.MemManage_Handler  stm32f1xx_it.o
    0x0800096c   0x0800096c   0x00000002   Code   RO          240    i.NMI_Handler       stm32f1xx_it.o
    0x0800096e   0x0800096e   0x00000020   Code   RO          870    i.NVIC_SetPriority  stm32f1xx_hal_cortex.o
    0x0800098e   0x0800098e   0x00000002   Code   RO          241    i.SVC_Handler       stm32f1xx_it.o
    0x08000990   0x08000990   0x00000012   Code   RO         1707    i.SysTick_Handler   board.o
    0x080009a2   0x080009a2   0x0000004c   Code   RO           14    i.SystemClock_Config  main.o
    0x080009ee   0x080009ee   0x00000002   PAD
    0x080009f0   0x080009f0   0x00000068   Code   RO         1285    i.SystemCoreClockUpdate  system_stm32f1xx.o
    0x08000a58   0x08000a58   0x00000048   Code   RO         1286    i.SystemInit        system_stm32f1xx.o
    0x08000aa0   0x08000aa0   0x00000002   Code   RO          242    i.UsageFault_Handler  stm32f1xx_it.o
    0x08000aa2   0x08000aa2   0x00000002   PAD
    0x08000aa4   0x08000aa4   0x00000044   Code   RO         2066    i.__rt_ffs          kservice.o
    0x08000ae8   0x08000ae8   0x0000000e   Code   RO         2795    i.__scatterload_copy  mc_w.l(handlers.o)
    0x08000af6   0x08000af6   0x00000002   Code   RO         2796    i.__scatterload_null  mc_w.l(handlers.o)
    0x08000af8   0x08000af8   0x0000000e   Code   RO         2797    i.__scatterload_zeroinit  mc_w.l(handlers.o)
    0x08000b06   0x08000b06   0x00000002   PAD
    0x08000b08   0x08000b08   0x00000014   Code   RO         1935    i._has_defunct_thread  idle.o
    0x08000b1c   0x08000b1c   0x0000010c   Code   RO         1452    i._list_sem         cmd.o
    0x08000c28   0x08000c28   0x00000158   Code   RO         1453    i._list_thread      cmd.o
    0x08000d80   0x08000d80   0x0000010c   Code   RO         1454    i._list_timer       cmd.o
    0x08000e8c   0x08000e8c   0x0000009c   Code   RO         1539    i._msh_exec_cmd     msh.o
    0x08000f28   0x08000f28   0x00000080   Code   RO         2446    i._rt_thread_init   thread.o
    0x08000fa8   0x08000fa8   0x0000001c   Code   RO         2566    i._rt_timer_init    timer.o
    0x08000fc4   0x08000fc4   0x00000012   Code   RO         2567    i._rt_timer_remove  timer.o
    0x08000fd6   0x08000fd6   0x00000002   PAD
    0x08000fd8   0x08000fd8   0x000000e8   Code   RO         2658    i.bus_fault_track   cpuport.o
    0x080010c0   0x080010c0   0x00000060   Code   RO         1322    i.finsh_get_prompt  shell.o
    0x08001120   0x08001120   0x00000014   Code   RO         1324    i.finsh_rx_ind      shell.o
    0x08001134   0x08001134   0x00000094   Code   RO         1325    i.finsh_set_device  shell.o
    0x080011c8   0x080011c8   0x00000014   Code   RO         1328    i.finsh_set_prompt_mode  shell.o
    0x080011dc   0x080011dc   0x00000084   Code   RO         1330    i.finsh_system_init  shell.o
    0x08001260   0x08001260   0x000002c0   Code   RO         1332    i.finsh_thread_entry  shell.o
    0x08001520   0x08001520   0x00000078   Code   RO         2659    i.hard_fault_track  cpuport.o
    0x08001598   0x08001598   0x00000020   Code   RO         1455    i.hello             cmd.o
    0x080015b8   0x080015b8   0x00000054   Code   RO         1456    i.list              cmd.o
    0x0800160c   0x0800160c   0x00000012   Code   RO         1458    i.list_sem          cmd.o
    0x0800161e   0x0800161e   0x00000012   Code   RO         1459    i.list_thread       cmd.o
    0x08001630   0x08001630   0x00000012   Code   RO         1460    i.list_timer        cmd.o
    0x08001642   0x08001642   0x00000002   PAD
    0x08001644   0x08001644   0x0000002c   Code   RO           15    i.main              main.o
    0x08001670   0x08001670   0x0000000e   Code   RO         1779    i.main_thread_entry  components.o
    0x0800167e   0x0800167e   0x00000002   PAD
    0x08001680   0x08001680   0x000000d8   Code   RO         2660    i.mem_manage_fault_track  cpuport.o
    0x08001758   0x08001758   0x000000ac   Code   RO         1540    i.msh_auto_complete  msh.o
    0x08001804   0x08001804   0x00000064   Code   RO         1541    i.msh_exec          msh.o
    0x08001868   0x08001868   0x0000006c   Code   RO         1542    i.msh_help          msh.o
    0x080018d4   0x080018d4   0x00000004   Code   RO         1543    i.msh_is_used       msh.o
    0x080018d8   0x080018d8   0x000000d0   Code   RO         1544    i.msh_split         msh.o
    0x080019a8   0x080019a8   0x00000038   Code   RO         1461    i.object_name_maxlen  cmd.o
    0x080019e0   0x080019e0   0x00000018   Code   RO         1462    i.object_split      cmd.o
    0x080019f8   0x080019f8   0x00000054   Code   RO         2254    i.plug_holes        mem.o
    0x08001a4c   0x08001a4c   0x00000130   Code   RO         2068    i.print_number      kservice.o
    0x08001b7c   0x08001b7c   0x0000002c   Code   RO         1780    i.rt_application_init  components.o
    0x08001ba8   0x08001ba8   0x0000001a   Code   RO         2255    i.rt_calloc         mem.o
    0x08001bc2   0x08001bc2   0x00000002   PAD
    0x08001bc4   0x08001bc4   0x0000001c   Code   RO         1781    i.rt_components_board_init  components.o
    0x08001be0   0x08001be0   0x0000001c   Code   RO         1782    i.rt_components_init  components.o
    0x08001bfc   0x08001bfc   0x0000000c   Code   RO         2069    i.rt_console_get_device  kservice.o
    0x08001c08   0x08001c08   0x00000028   Code   RO         2070    i.rt_console_set_device  kservice.o
    0x08001c30   0x08001c30   0x00000030   Code   RO         1845    i.rt_device_close   device.o
    0x08001c60   0x08001c60   0x00000054   Code   RO         1849    i.rt_device_find    device.o
    0x08001cb4   0x08001cb4   0x000000a8   Code   RO         1852    i.rt_device_open    device.o
    0x08001d5c   0x08001d5c   0x00000024   Code   RO         1853    i.rt_device_read    device.o
    0x08001d80   0x08001d80   0x00000006   Code   RO         1855    i.rt_device_set_rx_indicate  device.o
    0x08001d86   0x08001d86   0x00000024   Code   RO         1858    i.rt_device_write   device.o
    0x08001daa   0x08001daa   0x00000002   PAD
    0x08001dac   0x08001dac   0x0000001c   Code   RO         2385    i.rt_enter_critical  scheduler.o
    0x08001dc8   0x08001dc8   0x00000030   Code   RO         2386    i.rt_exit_critical  scheduler.o
    0x08001df8   0x08001df8   0x000000c4   Code   RO         2256    i.rt_free           mem.o
    0x08001ebc   0x08001ebc   0x00000008   Code   RO         1708    i.rt_heap_begin_get  board.o
    0x08001ec4   0x08001ec4   0x00000008   Code   RO         1709    i.rt_heap_end_get   board.o
    0x08001ecc   0x08001ecc   0x0000005c   Code   RO         1710    i.rt_hw_board_init  board.o
    0x08001f28   0x08001f28   0x00000002   Code   RO         2073    i.rt_hw_console_output  kservice.o
    0x08001f2a   0x08001f2a   0x00000002   PAD
    0x08001f2c   0x08001f2c   0x000001fc   Code   RO         2664    i.rt_hw_hard_fault_exception  cpuport.o
    0x08002128   0x08002128   0x00000038   Code   RO         2665    i.rt_hw_stack_init  cpuport.o
    0x08002160   0x08002160   0x0000001c   Code   RO         2039    i.rt_interrupt_enter  irq.o
    0x0800217c   0x0800217c   0x0000000c   Code   RO         2040    i.rt_interrupt_get_nest  irq.o
    0x08002188   0x08002188   0x0000001c   Code   RO         2041    i.rt_interrupt_leave  irq.o
    0x080021a4   0x080021a4   0x00000048   Code   RO         2074    i.rt_kprintf        kservice.o
    0x080021ec   0x080021ec   0x0000000e   Code   RO         2309    i.rt_list_insert_after  object.o
    0x080021fa   0x080021fa   0x0000000e   Code   RO         2447    i.rt_list_insert_after  thread.o
    0x08002208   0x08002208   0x0000000e   Code   RO         2568    i.rt_list_insert_after  timer.o
    0x08002216   0x08002216   0x0000000e   Code   RO         1976    i.rt_list_insert_before  ipc.o
    0x08002224   0x08002224   0x00000012   Code   RO         1463    i.rt_list_len       cmd.o
    0x08002236   0x08002236   0x00000012   Code   RO         2310    i.rt_list_remove    object.o
    0x08002248   0x08002248   0x00000012   Code   RO         2448    i.rt_list_remove    thread.o
    0x0800225a   0x0800225a   0x00000002   PAD
    0x0800225c   0x0800225c   0x000000f0   Code   RO         2257    i.rt_malloc         mem.o
    0x0800234c   0x0800234c   0x00000032   Code   RO         2079    i.rt_memmove        kservice.o
    0x0800237e   0x0800237e   0x00000002   PAD
    0x08002380   0x08002380   0x00000046   Code   RO         2080    i.rt_memset         kservice.o
    0x080023c6   0x080023c6   0x00000050   Code   RO         2311    i.rt_object_allocate  object.o
    0x08002416   0x08002416   0x00000026   Code   RO         2312    i.rt_object_delete  object.o
    0x0800243c   0x0800243c   0x00000020   Code   RO         2313    i.rt_object_detach  object.o
    0x0800245c   0x0800245c   0x00000024   Code   RO         2315    i.rt_object_get_information  object.o
    0x08002480   0x08002480   0x0000003c   Code   RO         2317    i.rt_object_init    object.o
    0x080024bc   0x080024bc   0x0000000e   Code   RO         2318    i.rt_object_is_systemobject  object.o
    0x080024ca   0x080024ca   0x00000002   PAD
    0x080024cc   0x080024cc   0x00000058   Code   RO         2387    i.rt_schedule       scheduler.o
    0x08002524   0x08002524   0x00000050   Code   RO         2388    i.rt_schedule_insert_thread  scheduler.o
    0x08002574   0x08002574   0x00000048   Code   RO         2389    i.rt_schedule_remove_thread  scheduler.o
    0x080025bc   0x080025bc   0x00000024   Code   RO         1981    i.rt_sem_init       ipc.o
    0x080025e0   0x080025e0   0x00000036   Code   RO         1982    i.rt_sem_release    ipc.o
    0x08002616   0x08002616   0x000000ae   Code   RO         1983    i.rt_sem_take       ipc.o
    0x080026c4   0x080026c4   0x00000020   Code   RO         2081    i.rt_set_errno      kservice.o
    0x080026e4   0x080026e4   0x000000b0   Code   RO         2082    i.rt_show_version   kservice.o
    0x08002794   0x08002794   0x00000010   Code   RO         2088    i.rt_strlen         kservice.o
    0x080027a4   0x080027a4   0x00000020   Code   RO         2089    i.rt_strncmp        kservice.o
    0x080027c4   0x080027c4   0x00000026   Code   RO         2090    i.rt_strncpy        kservice.o
    0x080027ea   0x080027ea   0x00000002   PAD
    0x080027ec   0x080027ec   0x000000ac   Code   RO         2260    i.rt_system_heap_init  mem.o
    0x08002898   0x08002898   0x00000034   Code   RO         2390    i.rt_system_scheduler_init  scheduler.o
    0x080028cc   0x080028cc   0x00000028   Code   RO         2391    i.rt_system_scheduler_start  scheduler.o
    0x080028f4   0x080028f4   0x0000000c   Code   RO         2569    i.rt_system_timer_init  timer.o
    0x08002900   0x08002900   0x00000002   Code   RO         2570    i.rt_system_timer_thread_init  timer.o
    0x08002902   0x08002902   0x00000048   Code   RO         2450    i.rt_thread_create  thread.o
    0x0800294a   0x0800294a   0x00000004   Code   RO         2451    i.rt_thread_delay   thread.o
    0x0800294e   0x0800294e   0x00000002   PAD
    0x08002950   0x08002950   0x00000058   Code   RO         2454    i.rt_thread_exit    thread.o
    0x080029a8   0x080029a8   0x00000006   Code   RO         1936    i.rt_thread_idle_entry  idle.o
    0x080029ae   0x080029ae   0x00000002   PAD
    0x080029b0   0x080029b0   0x00000070   Code   RO         1937    i.rt_thread_idle_excute  idle.o
    0x08002a20   0x08002a20   0x00000038   Code   RO         1939    i.rt_thread_idle_init  idle.o
    0x08002a58   0x08002a58   0x00000030   Code   RO         2456    i.rt_thread_init    thread.o
    0x08002a88   0x08002a88   0x0000003c   Code   RO         2458    i.rt_thread_resume  thread.o
    0x08002ac4   0x08002ac4   0x0000000c   Code   RO         2459    i.rt_thread_self    thread.o
    0x08002ad0   0x08002ad0   0x00000040   Code   RO         2460    i.rt_thread_sleep   thread.o
    0x08002b10   0x08002b10   0x0000002c   Code   RO         2461    i.rt_thread_startup  thread.o
    0x08002b3c   0x08002b3c   0x00000042   Code   RO         2462    i.rt_thread_suspend  thread.o
    0x08002b7e   0x08002b7e   0x00000020   Code   RO         2463    i.rt_thread_timeout  thread.o
    0x08002b9e   0x08002b9e   0x00000002   PAD
    0x08002ba0   0x08002ba0   0x00000060   Code   RO         2464    i.rt_thread_yield   thread.o
    0x08002c00   0x08002c00   0x0000000c   Code   RO         1742    i.rt_tick_get       clock.o
    0x08002c0c   0x08002c0c   0x0000002c   Code   RO         1743    i.rt_tick_increase  clock.o
    0x08002c38   0x08002c38   0x00000068   Code   RO         2571    i.rt_timer_check    timer.o
    0x08002ca0   0x08002ca0   0x00000030   Code   RO         2572    i.rt_timer_control  timer.o
    0x08002cd0   0x08002cd0   0x00000020   Code   RO         2575    i.rt_timer_detach   timer.o
    0x08002cf0   0x08002cf0   0x00000028   Code   RO         2576    i.rt_timer_init     timer.o
    0x08002d18   0x08002d18   0x0000008c   Code   RO         2578    i.rt_timer_start    timer.o
    0x08002da4   0x08002da4   0x0000002e   Code   RO         2579    i.rt_timer_stop     timer.o
    0x08002dd2   0x08002dd2   0x00000002   PAD
    0x08002dd4   0x08002dd4   0x00000274   Code   RO         2093    i.rt_vsnprintf      kservice.o
    0x08003048   0x08003048   0x00000004   Code   RO         1783    i.rti_board_end     components.o
    0x0800304c   0x0800304c   0x00000004   Code   RO         1784    i.rti_board_start   components.o
    0x08003050   0x08003050   0x00000004   Code   RO         1785    i.rti_end           components.o
    0x08003054   0x08003054   0x00000004   Code   RO         1786    i.rti_start         components.o
    0x08003058   0x08003058   0x0000002a   Code   RO         1787    i.rtthread_startup  components.o
    0x08003082   0x08003082   0x00000028   Code   RO         2095    i.skip_atoi         kservice.o
    0x080030aa   0x080030aa   0x00000002   PAD
    0x080030ac   0x080030ac   0x000000d0   Code   RO         2666    i.usage_fault_track  cpuport.o
    0x0800317c   0x0800317c   0x0000000a   Code   RO         1464    i.version           cmd.o
    0x08003186   0x08003186   0x00000010   Data   RO         1287    .constdata          system_stm32f1xx.o
    0x08003196   0x08003196   0x00000122   Data   RO         2097    .constdata          kservice.o
    0x080032b8   0x080032b8   0x00000039   Data   RO         1430    .conststring        symbol.o
    0x080032f1   0x080032f1   0x00000003   PAD
    0x080032f4   0x080032f4   0x00000044   Data   RO         1466    .conststring        cmd.o
    0x08003338   0x08003338   0x00000004   Data   RO         1788    .rti_fn.0           components.o
    0x0800333c   0x0800333c   0x00000004   Data   RO         1789    .rti_fn.0.end       components.o
    0x08003340   0x08003340   0x00000004   Data   RO         1790    .rti_fn.1.end       components.o
    0x08003344   0x08003344   0x00000004   Data   RO         1335    .rti_fn.6           shell.o
    0x08003348   0x08003348   0x00000004   Data   RO         1791    .rti_fn.6.end       components.o
    0x0800334c   0x0800334c   0x00000020   Data   RO         2793    Region$$Table       anon$$obj.o


    Execution Region RW_IRAM1 (Exec base: 0x20000000, Load base: 0x0800336c, Size: 0x00002088, Max: 0x00010000, ABSOLUTE)

    Exec Addr    Load Addr    Size         Type   Attr      Idx    E Section Name        Object

    0x20000000   0x0800336c   0x0000000c   Data   RW          417    .data               stm32f1xx_hal.o
    0x2000000c   0x08003378   0x00000004   Data   RW         1289    .data               system_stm32f1xx.o
    0x20000010   0x0800337c   0x00000008   Data   RW         1334    .data               shell.o
    0x20000018   0x08003384   0x00000030   Data   RW         1431    .data               symbol.o
    0x20000048   0x080033b4   0x00000004   Data   RW         1432    .data               symbol.o
    0x2000004c   0x080033b8   0x00000004   Data   RW         1433    .data               symbol.o
    0x20000050   0x080033bc   0x00000004   Data   RW         1745    .data               clock.o
    0x20000054   0x080033c0   0x00000001   Data   RW         2042    .data               irq.o
    0x20000055   0x080033c1   0x00000003   PAD
    0x20000058   0x080033c4   0x00000008   Data   RW         2098    .data               kservice.o
    0x20000060   0x080033cc   0x00000018   Data   RW         2262    .data               mem.o
    0x20000078   0x080033e4   0x00000040   Data   RW         2320    .data               object.o
    0x200000b8   0x08003424   0x00000014   Data   RW         2393    .data               scheduler.o
    0x200000cc   0x08003438   0x0000000c   Data   RW         2580    .data               timer.o
    0x200000d8   0x08003444   0x00000004   Data   RW         2667    .data               cpuport.o
    0x200000dc   0x08003448   0x00000004   Data   RW         2668    .data               cpuport.o
    0x200000e0   0x0800344c   0x00000004   Data   RW         2669    .data               cpuport.o
    0x200000e4   0x08003450   0x00000004   Data   RW         2670    .data               cpuport.o
    0x200000e8        -       0x00000081   Zero   RW         1333    .bss                shell.o
    0x20000169   0x08003454   0x00000003   PAD
    0x2000016c        -       0x00001800   Zero   RW         1711    .bss                board.o
    0x2000196c        -       0x00000178   Zero   RW         1940    .bss                idle.o
    0x20001ae4        -       0x00000080   Zero   RW         2096    .bss                kservice.o
    0x20001b64        -       0x00000020   Zero   RW         2261    .bss                mem.o
    0x20001b84        -       0x00000100   Zero   RW         2392    .bss                scheduler.o
    0x20001c84   0x08003454   0x00000004   PAD
    0x20001c88        -       0x00000400   Zero   RW            1    STACK               startup_stm32f103xe.o


==============================================================================

Image component sizes


      Code (inc. data)   RO Data    RW Data    ZI Data      Debug   Object Name

        20          0          0          0          0        955   app_rtthread.o
       126         24          0          0       6144       3325   board.o
        56         12          0          4          0       1377   clock.o
      1158        504         68          0          0      11627   cmd.o
         0          0          0          0          0       2628   completion.o
       186         28         16          0          0       6506   components.o
       244         26          0          0          0        856   context_rvds.o
      1340        718          0         16          0       6078   cpuport.o
       378         58          0          0          0       5275   device.o
       194         24          0          0        376       5970   idle.o
       278          0          0          0          0       4025   ipc.o
        68         18          0          1          0       2374   irq.o
      1580        180        290          8        128      14878   kservice.o
        18          6          0          0          0        880   led.o
       120          6          0          0          0     447342   main.o
       718        172          0         24         32       4992   mem.o
       748        152          0          0          0       6320   msh.o
       292          6          0         64          0       8916   object.o
       408         56          0         20        256       8698   scheduler.o
      1120        172          4          8        129       6751   shell.o
        36          8        304          0       1024        832   startup_stm32f103xe.o
       112         20          0         12          0       5595   stm32f1xx_hal.o
       172         14          0          0          0      25250   stm32f1xx_hal_cortex.o
        10          0          0          0          0       1600   stm32f1xx_hal_gpio.o
        60          8          0          0          0        898   stm32f1xx_hal_msp.o
      1244         74          0          0          0       4206   stm32f1xx_hal_rcc.o
        12          0          0          0          0       2691   stm32f1xx_it.o
         0          0         57         56          0       4904   symbol.o
       176         38         16          4          0       1891   system_stm32f1xx.o
       746         44          0          0          0      12776   thread.o
       484         14          0         12          0      11060   timer.o

    ----------------------------------------------------------------------
     12138       2382        790        232       8096     621476   Object Totals
         0          0         32          0          0          0   (incl. Generated)
        34          0          3          3          7          0   (incl. Padding)

    ----------------------------------------------------------------------

      Code (inc. data)   RO Data    RW Data    ZI Data      Debug   Library Member Name

         0          0          0          0          0          0   entry.o
         0          0          0          0          0          0   entry10a.o
         0          0          0          0          0          0   entry11a.o
         8          4          0          0          0          0   entry2.o
         4          0          0          0          0          0   entry5.o
         0          0          0          0          0          0   entry7b.o
         0          0          0          0          0          0   entry8b.o
         8          4          0          0          0          0   entry9a.o
        30          0          0          0          0          0   handlers.o
        36          8          0          0          0         68   init.o
        36          0          0          0          0        108   memseta.o
        24          0          0          0          0         68   strcat.o
        18          0          0          0          0         68   strcpy.o
        14          0          0          0          0         68   strlen.o
        30          0          0          0          0         80   strncmp.o
        24          0          0          0          0         76   strncpy.o

    ----------------------------------------------------------------------
       236         16          0          0          0        536   Library Totals
         4          0          0          0          0          0   (incl. Padding)

    ----------------------------------------------------------------------

      Code (inc. data)   RO Data    RW Data    ZI Data      Debug   Library Name

       232         16          0          0          0        536   mc_w.l

    ----------------------------------------------------------------------
       236         16          0          0          0        536   Library Totals

    ----------------------------------------------------------------------

==============================================================================


      Code (inc. data)   RO Data    RW Data    ZI Data      Debug   

     12374       2398        790        232       8096     614416   Grand Totals
     12374       2398        790        232       8096     614416   ELF Image Totals
     12374       2398        790        232          0          0   ROM Totals

==============================================================================

    Total RO  Size (Code + RO Data)                13164 (  12.86kB)
    Total RW  Size (RW Data + ZI Data)              8328 (   8.13kB)
    Total ROM Size (Code + RO Data + RW Data)      13396 (  13.08kB)

==============================================================================

